# jackhmmer :: iteratively search a protein sequence against a protein database
# HMMER 3.1b2 (February 2015); http://hmmer.org/
# Copyright (C) 2015 Howard Hughes Medical Institute.
# Freely distributed under the GNU General Public License (GPLv3).
# - - - - - - - - - - - - - - - - - - - - - - - - - - - - - - - - - - - -
# query sequence file:             data/ssl/SSL11.fasta
# target sequence database:        data/ssl/genomes_6frame_proteins.fasta
# output directed to file:         jackhmmer_results/SSL11.jackhmmer.out
# MSA of hits saved to file:       jackhmmer_results/SSL11.jackhmmer.sto
# per-seq hits tabular output:     jackhmmer_results/SSL11.jackhmmer.tblout
# per-dom hits tabular output:     jackhmmer_results/SSL11.jackhmmer.domtblout
# MSA checkpoint files output:     jackhmmer_results/SSL11-<i>.sto
# show alignments in output:       no
# sequence reporting threshold:    score <= 100
# number of worker threads:        4
# - - - - - - - - - - - - - - - - - - - - - - - - - - - - - - - - - - - -

Query:       Q2G0X4|SSL11  [L=225]

Scores for complete sequences (score includes all domains):
   --- full sequence ---   --- best 1 domain ---    -#dom-
    E-value  score  bias    E-value  score  bias    exp  N  Sequence               Description
    ------- ------ -----    ------- ------ -----   ---- --  --------               -----------
+         0 1092.6  85.7   4.1e-141  462.8  10.2    7.4  7  NC_007795.1_frame=1     Staphylococcus aureus subsp. aureus N
+  5.7e-284  929.2  76.9    3.4e-90  296.6   7.8    7.4  7  NZ_CP011877.1_frame=-2  Staphylococcus aureus strain 12S01032
+    5e-256  838.0  74.6    2.8e-63  208.7   0.9    7.6  7  NZ_CP029678.1_frame=1   Staphylococcus aureus strain AR_0216 
+  5.5e-256  837.9  74.6    2.7e-63  208.8   0.9    7.3  7  NZ_CP136528.1_frame=1   Staphylococcus aureus strain BAA-1556
+  5.6e-256  837.8  74.6    2.6e-63  208.8   0.9    7.3  7  NZ_CP113052.1_frame=2   Staphylococcus aureus strain Fizz chr
+  1.6e-247  810.2  70.4    2.1e-97  320.1  10.0    6.4  6  NZ_CP132371.1_frame=1   Staphylococcus aureus strain UNC_SA38
+  1.4e-244  800.6  82.5    1.4e-78  258.6   8.7    8.2  8  NC_002953.3_frame=3     Staphylococcus aureus subsp. aureus M
+    2e-243  796.9  67.8    2.3e-97  320.0  10.0    5.8  6  NC_002745.2_frame=3     Staphylococcus aureus subsp. aureus N
+  6.1e-213  697.3  63.7    9.7e-93  304.9  11.9    6.3  6  NC_017763.1_frame=3     Staphylococcus aureus subsp. aureus H
+  8.3e-213  696.9  78.1    1.5e-95  314.0  11.9    7.4  7  NZ_LR134090.1_frame=1   Staphylococcus aureus strain NCTC9555
+  2.1e-196  643.3  63.1    4.5e-75  247.2  10.1    6.5  6  NC_017338.2_frame=3     Staphylococcus aureus subsp. aureus J
+    5e-194  635.6  59.2    3.4e-52  172.5   4.3    6.1  6  NC_002952.2_frame=1     Staphylococcus aureus subsp. aureus M
+  2.2e-191  627.0  83.0    1.2e-49  164.1   3.2    8.3  8  NC_002745.2_frame=2     Staphylococcus aureus subsp. aureus N
+  1.6e-189  620.9  70.4    1.2e-49  164.2   3.2    7.4  7  NZ_CP132371.1_frame=3   Staphylococcus aureus strain UNC_SA38
+  9.5e-188  615.1  81.0    8.5e-51  167.9   4.2    8.5  8  NZ_LR134090.1_frame=2   Staphylococcus aureus strain NCTC9555
+  6.9e-181  592.7  69.7    1.3e-47  157.5   6.7    6.3  6  NC_017338.2_frame=2     Staphylococcus aureus subsp. aureus J
+  2.3e-143  470.2  37.8      1e-66  219.9   7.3    3.7  3  NZ_CP113052.1_frame=3   Staphylococcus aureus strain Fizz chr
+  3.1e-143  469.8  37.8      1e-66  219.9   7.3    3.5  3  NZ_CP136528.1_frame=2   Staphylococcus aureus strain BAA-1556
+  3.5e-143  469.6  37.8    1.1e-66  219.8   7.3    3.4  3  NZ_CP029678.1_frame=2   Staphylococcus aureus strain AR_0216 
+  1.9e-113  372.5  29.6    3.9e-45  149.5   2.4    3.6  3  NC_017763.1_frame=1     Staphylococcus aureus subsp. aureus H
+  3.7e-111  365.0  46.3    1.4e-37  124.8   3.8    5.5  5  NC_002953.3_frame=2     Staphylococcus aureus subsp. aureus M
+  3.8e-108  355.2  44.5      1e-37  125.2   3.6    5.4  5  NC_007795.1_frame=3     Staphylococcus aureus subsp. aureus N
+  1.8e-107  353.0  36.5    6.9e-41  135.6   5.2    4.6  4  NC_002953.3_frame=1     Staphylococcus aureus subsp. aureus M
+  3.1e-107  352.2  37.1    8.2e-38  125.6   4.5    4.5  4  NC_002952.2_frame=3     Staphylococcus aureus subsp. aureus M
+  1.1e-102  337.4  44.3    1.9e-34  114.6   4.6    5.5  5  NZ_CP136528.1_frame=3   Staphylococcus aureus strain BAA-1556
+  1.3e-102  337.1  44.3    1.9e-34  114.6   4.6    5.3  5  NZ_CP113052.1_frame=1   Staphylococcus aureus strain Fizz chr
+  1.5e-102  337.0  44.3      2e-34  114.5   4.6    5.4  5  NZ_CP029678.1_frame=3   Staphylococcus aureus strain AR_0216 
+   1.8e-85  281.1  28.8    1.6e-47  157.2   4.0    4.4  4  NZ_LR134090.1_frame=3   Staphylococcus aureus strain NCTC9555
+   1.3e-79  262.0   7.4    3.2e-79  260.7   7.4    1.7  1  NC_002952.2_frame=2     Staphylococcus aureus subsp. aureus M
+   6.9e-78  256.4  22.5    4.8e-40  132.8   8.2    2.5  2  NC_007795.1_frame=2     Staphylococcus aureus subsp. aureus N
+     2e-77  254.9  36.9    6.2e-39  129.2   6.9    4.5  4  NC_017338.2_frame=1     Staphylococcus aureus subsp. aureus J
+     8e-76  249.7  30.2    5.7e-39  129.3   5.0    4.6  4  NZ_CP011877.1_frame=-1  Staphylococcus aureus strain 12S01032
+   2.2e-34  114.3   3.2    3.9e-34  113.6   3.2    1.4  1  NC_017763.1_frame=2     Staphylococcus aureus subsp. aureus H
+   1.1e-33  112.1   2.8    2.2e-33  111.1   2.8    1.5  1  NZ_CP011877.1_frame=-3  Staphylococcus aureus strain 12S01032


Domain annotation for each sequence:
>> NC_007795.1_frame=1  Staphylococcus aureus subsp. aureus NCTC 8325 chromosome, complete genome
   #    score  bias  c-Evalue  i-Evalue hmmfrom  hmm to    alifrom  ali to    envfrom  env to     acc
 ---   ------ ----- --------- --------- ------- -------    ------- -------    ------- -------    ----
   1 !  147.7   5.9     8e-46   1.3e-44       1     223 [.  129432  129654 ..  129432  129656 .. 0.94
   2 !  114.0   4.9   1.7e-35   2.9e-34       1     224 [.  129754  129980 ..  129754  129981 .. 0.88
   3 !   12.3   2.2   0.00024    0.0039       1      35 [.  130561  130595 ..  130561  130607 .. 0.87
   4 !  118.9   6.2   5.2e-37   8.7e-36      34     225 .]  130675  130867 ..  130654  130867 .. 0.85
   5 !  162.0   3.7   3.4e-50   5.6e-49       1     225 []  130991  131223 ..  130991  131223 .. 0.89
   6 !  112.0   5.1   7.3e-35   1.2e-33       1     225 []  132452  132682 ..  132452  132682 .. 0.90
   7 !  462.8  10.2  2.5e-142  4.1e-141       1     225 []  134170  134394 ..  134170  134394 .. 1.00

>> NZ_CP011877.1_frame=-2  Staphylococcus aureus strain 12S01032 chromosome, complete genome
   #    score  bias  c-Evalue  i-Evalue hmmfrom  hmm to    alifrom  ali to    envfrom  env to     acc
 ---   ------ ----- --------- --------- ------- -------    ------- -------    ------- -------    ----
   1 !  151.9   6.7   4.1e-47   6.9e-46       1     223 [.  757121  757343 ..  757121  757345 .. 0.94
   2 ?    5.0   0.7     0.043      0.71       1      33 [.  758231  758263 ..  758231  758293 .. 0.79
   3 !  116.3   3.0   3.3e-36   5.4e-35      25     225 .]  758339  758544 ..  758331  758544 .. 0.83
   4 !  171.3   3.9   4.7e-53   7.8e-52       1     225 []  758669  758901 ..  758669  758901 .. 0.88
   5 !  104.9   5.4   1.1e-32   1.8e-31       1     225 []  759398  759628 ..  759398  759628 .. 0.91
   6 !  119.5   3.3   3.5e-37   5.8e-36       1     225 []  759753  759978 ..  759753  759978 .. 0.88
   7 !  296.6   7.8   2.1e-91   3.4e-90       1     225 []  761111  761336 ..  761111  761336 .. 0.99

>> NZ_CP029678.1_frame=1  Staphylococcus aureus strain AR_0216 chromosome, complete genome
   #    score  bias  c-Evalue  i-Evalue hmmfrom  hmm to    alifrom  ali to    envfrom  env to     acc
 ---   ------ ----- --------- --------- ------- -------    ------- -------    ------- -------    ----
   1 !  147.7   5.9   8.2e-46   1.4e-44       1     223 [.  148323  148545 ..  148323  148547 .. 0.94
   2 !  113.9   4.9   1.8e-35     3e-34       1     224 [.  148645  148871 ..  148645  148872 .. 0.88
   3 !   10.4   1.8    0.0009     0.015       1      33 [.  149448  149480 ..  149448  149494 .. 0.86
   4 !  118.9   6.2   5.4e-37   8.9e-36      34     225 .]  149562  149754 ..  149541  149754 .. 0.85
   5 !  162.0   3.7   3.5e-50   5.8e-49       1     225 []  149878  150110 ..  149878  150110 .. 0.89
   6 !  111.9   5.1   7.5e-35   1.2e-33       1     225 []  151339  151569 ..  151339  151569 .. 0.90
   7 !  208.7   0.9   1.7e-64   2.8e-63       1     108 [.  153057  153164 ..  153057  153166 .. 0.99

>> NZ_CP136528.1_frame=1  Staphylococcus aureus strain BAA-1556_Catania chromosome, complete genome
   #    score  bias  c-Evalue  i-Evalue hmmfrom  hmm to    alifrom  ali to    envfrom  env to     acc
 ---   ------ ----- --------- --------- ------- -------    ------- -------    ------- -------    ----
   1 !  147.8   5.9   7.7e-46   1.3e-44       1     223 [.  148906  149128 ..  148906  149130 .. 0.94
   2 !  114.0   4.9   1.7e-35   2.8e-34       1     224 [.  149228  149454 ..  149228  149455 .. 0.88
   3 !   10.5   1.8   0.00085     0.014       1      33 [.  150031  150063 ..  150031  150077 .. 0.86
   4 !  119.0   6.2   5.1e-37   8.4e-36      34     225 .]  150145  150337 ..  150124  150337 .. 0.85
   5 !  162.1   3.7   3.3e-50   5.4e-49       1     225 []  150461  150693 ..  150461  150693 .. 0.89
   6 !  112.0   5.1     7e-35   1.2e-33       1     225 []  151922  152152 ..  151922  152152 .. 0.90
   7 !  208.8   0.9   1.6e-64   2.7e-63       1     108 [.  153640  153747 ..  153640  153749 .. 0.99

>> NZ_CP113052.1_frame=2  Staphylococcus aureus strain Fizz chromosome, complete genome
   #    score  bias  c-Evalue  i-Evalue hmmfrom  hmm to    alifrom  ali to    envfrom  env to     acc
 ---   ------ ----- --------- --------- ------- -------    ------- -------    ------- -------    ----
   1 !  147.8   5.9   7.7e-46   1.3e-44       1     223 [.  460383  460605 ..  460383  460607 .. 0.94
   2 !  114.0   4.9   1.7e-35   2.8e-34       1     224 [.  460705  460931 ..  460705  460932 .. 0.88
   3 !   10.5   1.8   0.00085     0.014       1      33 [.  461508  461540 ..  461508  461554 .. 0.86
   4 !  119.0   6.2     5e-37   8.4e-36      34     225 .]  461639  461831 ..  461618  461831 .. 0.85
   5 !  162.1   3.7   3.3e-50   5.4e-49       1     225 []  461955  462187 ..  461955  462187 .. 0.89
   6 !  112.0   5.1     7e-35   1.2e-33       1     225 []  463416  463646 ..  463416  463646 .. 0.90
   7 !  208.8   0.9   1.6e-64   2.6e-63       1     108 [.  465134  465241 ..  465134  465243 .. 0.99

>> NZ_CP132371.1_frame=1  Staphylococcus aureus strain UNC_SA38 chromosome, complete genome
   #    score  bias  c-Evalue  i-Evalue hmmfrom  hmm to    alifrom  ali to    envfrom  env to     acc
 ---   ------ ----- --------- --------- ------- -------    ------- -------    ------- -------    ----
   1 !   14.1   0.8   6.6e-05    0.0011     148     221 ..  881105  881178 ..  881038  881182 .. 0.82
   2 !  159.2   4.5   2.5e-49   4.2e-48       1     224 [.  889130  889353 ..  889130  889354 .. 0.94
   3 !  112.7   4.3   4.2e-35   6.9e-34       1     224 [.  889452  889678 ..  889452  889679 .. 0.89
   4 !  120.4   7.7   1.9e-37   3.2e-36       1     224 [.  891056  891282 ..  891056  891283 .. 0.87
   5 !  114.0   4.5   1.7e-35   2.8e-34       1     225 []  891759  891989 ..  891759  891989 .. 0.91
   6 !  320.1  10.0   1.3e-98   2.1e-97       1     225 []  893477  893703 ..  893477  893703 .. 0.98

>> NC_002953.3_frame=3  Staphylococcus aureus subsp. aureus MSSA476, complete sequence
   #    score  bias  c-Evalue  i-Evalue hmmfrom  hmm to    alifrom  ali to    envfrom  env to     acc
 ---   ------ ----- --------- --------- ------- -------    ------- -------    ------- -------    ----
   1 ?    7.1   0.4    0.0093      0.15     149     200 ..   20225   20278 ..   20167   20295 .. 0.83
   2 !  159.4   3.6   2.1e-49   3.5e-48       1     224 [.  142630  142853 ..  142630  142854 .. 0.94
   3 !  109.4   4.4   4.5e-34   7.5e-33       1     224 [.  142952  143178 ..  142952  143179 .. 0.89
   4 ?   10.2   1.9    0.0011     0.018       1      33 [.  143759  143791 ..  143759  143808 .. 0.87
   5 !  120.1   5.4   2.3e-37   3.7e-36      27     225 .]  143869  144072 ..  143853  144072 .. 0.85
   6 !  162.4   2.9   2.5e-50   4.1e-49       1     225 []  144196  144428 ..  144196  144428 .. 0.88
   7 !  258.6   8.7   8.7e-80   1.4e-78       1     225 []  147395  147624 ..  147395  147624 .. 0.97
   8 !   14.2   2.5   6.3e-05     0.001      70     178 ..  688776  688877 ..  688752  688906 .. 0.80

>> NC_002745.2_frame=3  Staphylococcus aureus subsp. aureus N315, complete sequence
   #    score  bias  c-Evalue  i-Evalue hmmfrom  hmm to    alifrom  ali to    envfrom  env to     acc
 ---   ------ ----- --------- --------- ------- -------    ------- -------    ------- -------    ----
   1 !  159.1   4.5   2.6e-49   4.4e-48       1     224 [.  147034  147257 ..  147034  147258 .. 0.94
   2 !  112.7   4.3   4.4e-35   7.3e-34       1     224 [.  147356  147582 ..  147356  147583 .. 0.89
   3 !  120.3   7.7     2e-37   3.4e-36       1     224 [.  148960  149186 ..  148960  149187 .. 0.87
   4 !  114.0   4.5   1.8e-35   2.9e-34       1     225 []  149663  149893 ..  149663  149893 .. 0.91
   5 !  320.0  10.0   1.4e-98   2.3e-97       1     225 []  151381  151607 ..  151381  151607 .. 0.98
   6 ?   -2.3   0.2       7.2   1.2e+02       1      51 [.  317993  318042 ..  317993  318047 .. 0.88

>> NC_017763.1_frame=3  Staphylococcus aureus subsp. aureus HO 5096 0412, complete sequence
   #    score  bias  c-Evalue  i-Evalue hmmfrom  hmm to    alifrom  ali to    envfrom  env to     acc
 ---   ------ ----- --------- --------- ------- -------    ------- -------    ------- -------    ----
   1 !   14.2   1.0   6.3e-05    0.0011     147     221 ..  129692  129766 ..  129621  129770 .. 0.78
   2 ?    3.5   0.9      0.12         2       1      32 [.  139207  139238 ..  139207  139259 .. 0.81
   3 !  115.4   4.0   6.4e-36   1.1e-34      24     225 .]  139340  139546 ..  139330  139546 .. 0.84
   4 !  159.9   3.7   1.4e-49   2.4e-48       1     225 []  139671  139903 ..  139671  139903 .. 0.86
   5 !  128.5   4.6     6e-40     1e-38       1     223 [.  140055  140280 ..  140055  140282 .. 0.89
   6 !  304.9  11.9   5.9e-94   9.7e-93       1     225 []  142143  142369 ..  142143  142369 .. 0.98

>> NZ_LR134090.1_frame=1  Staphylococcus aureus strain NCTC9555 chromosome 1, complete sequence
   #    score  bias  c-Evalue  i-Evalue hmmfrom  hmm to    alifrom  ali to    envfrom  env to     acc
 ---   ------ ----- --------- --------- ------- -------    ------- -------    ------- -------    ----
   1 !   12.1   0.8   0.00029    0.0048       1      34 [.  150420  150453 ..  150420  150461 .. 0.91
   2 !  124.1   3.0   1.4e-38   2.4e-37      33     225 .]  150580  150774 ..  150562  150774 .. 0.83
   3 !  128.8   6.1   4.9e-40   8.1e-39       1     225 []  151712  151939 ..  151712  151939 .. 0.87
   4 !  110.4   5.3   2.1e-34   3.5e-33       1     225 []  152430  152660 ..  152430  152660 .. 0.92
   5 !  314.0  11.9   9.3e-97   1.5e-95       1     225 []  154501  154727 ..  154501  154727 .. 0.98
   6 !   22.4   1.5     2e-07   3.3e-06      10     208 ..  594907  595112 ..  594898  595129 .. 0.71
   7 !   20.7   4.0   6.5e-07   1.1e-05      26     213 ..  595200  595391 ..  595172  595403 .. 0.68

>> NC_017338.2_frame=3  Staphylococcus aureus subsp. aureus JKD6159, complete sequence
   #    score  bias  c-Evalue  i-Evalue hmmfrom  hmm to    alifrom  ali to    envfrom  env to     acc
 ---   ------ ----- --------- --------- ------- -------    ------- -------    ------- -------    ----
   1 !   10.8   0.6   0.00068     0.011     104     178 ..   25767   25836 ..   25695   25861 .. 0.83
   2 !  160.1   4.6   1.3e-49   2.1e-48       1     224 [.  143456  143687 ..  143456  143688 .. 0.86
   3 !  129.1   6.8   4.1e-40   6.8e-39       1     224 [.  144208  144434 ..  144208  144435 .. 0.87
   4 !  114.0   5.5   1.7e-35   2.8e-34       1     225 []  144550  144780 ..  144550  144780 .. 0.93
   5 ?    8.3   0.2     0.004     0.067       1      32 [.  144908  144939 ..  144908  144963 .. 0.83
   6 !  247.2  10.1   2.7e-76   4.5e-75       1     225 []  146658  146887 ..  146658  146887 .. 0.97

>> NC_002952.2_frame=1  Staphylococcus aureus subsp. aureus MRSA252, complete sequence
   #    score  bias  c-Evalue  i-Evalue hmmfrom  hmm to    alifrom  ali to    envfrom  env to     acc
 ---   ------ ----- --------- --------- ------- -------    ------- -------    ------- -------    ----
   1 !  158.2   3.2   4.9e-49   8.1e-48       1     224 [.  150854  151077 ..  150854  151078 .. 0.94
   2 !  110.3   3.1   2.3e-34   3.8e-33       1     224 [.  151175  151403 ..  151175  151404 .. 0.86
   3 ?   -0.5   0.6         2        32       1      32 [.  151964  151995 ..  151964  152024 .. 0.79
   4 !  116.5   4.8     3e-36     5e-35      25     225 .]  152061  152266 ..  152054  152266 .. 0.83
   5 !  172.5   4.3   2.1e-53   3.4e-52       1     225 []  152391  152623 ..  152391  152623 .. 0.89
   6 !  107.7   5.2   1.4e-33   2.3e-32       1     225 []  153120  153350 ..  153120  153350 .. 0.91

>> NC_002745.2_frame=2  Staphylococcus aureus subsp. aureus N315, complete sequence
   #    score  bias  c-Evalue  i-Evalue hmmfrom  hmm to    alifrom  ali to    envfrom  env to     acc
 ---   ------ ----- --------- --------- ------- -------    ------- -------    ------- -------    ----
   1 !   11.6   0.8   0.00038    0.0064       1      34 [.  147685  147718 ..  147685  147726 .. 0.91
   2 !  125.0   3.2   7.4e-39   1.2e-37      37     225 .]  147849  148039 ..  147825  148039 .. 0.82
   3 !   10.8   1.5   0.00071     0.012       1      33 [.  148163  148195 ..  148163  148209 .. 0.86
   4 !  118.0   5.9     1e-36   1.7e-35      27     225 .]  148249  148453 ..  148236  148453 .. 0.82
   5 !  164.1   3.2   7.5e-51   1.2e-49       1     225 []  148577  148809 ..  148577  148809 .. 0.89
   6 !  111.8   5.5   7.9e-35   1.3e-33       1     225 []  149305  149535 ..  149305  149535 .. 0.92
   7 !  114.5   4.6   1.2e-35   1.9e-34       1     225 []  150018  150243 ..  150018  150243 .. 0.91
   8 !   12.5   4.7   0.00021    0.0035      52     178 ..  685759  685885 ..  685739  685906 .. 0.71

>> NZ_CP132371.1_frame=3  Staphylococcus aureus strain UNC_SA38 chromosome, complete genome
   #    score  bias  c-Evalue  i-Evalue hmmfrom  hmm to    alifrom  ali to    envfrom  env to     acc
 ---   ------ ----- --------- --------- ------- -------    ------- -------    ------- -------    ----
   1 !   11.7   0.8   0.00036     0.006       1      34 [.  889780  889813 ..  889780  889821 .. 0.91
   2 !  125.1   3.2     7e-39   1.2e-37      37     225 .]  889944  890134 ..  889920  890134 .. 0.82
   3 !   10.9   1.5   0.00067     0.011       1      33 [.  890258  890290 ..  890258  890304 .. 0.86
   4 !  118.1   5.9   9.8e-37   1.6e-35      27     225 .]  890344  890548 ..  890331  890548 .. 0.82
   5 !  164.2   3.2   7.1e-51   1.2e-49       1     225 []  890672  890904 ..  890672  890904 .. 0.89
   6 !  111.9   5.5   7.5e-35   1.2e-33       1     225 []  891400  891630 ..  891400  891630 .. 0.92
   7 !  114.6   4.6   1.1e-35   1.8e-34       1     225 []  892113  892338 ..  892113  892338 .. 0.91

>> NZ_LR134090.1_frame=2  Staphylococcus aureus strain NCTC9555 chromosome 1, complete sequence
   #    score  bias  c-Evalue  i-Evalue hmmfrom  hmm to    alifrom  ali to    envfrom  env to     acc
 ---   ------ ----- --------- --------- ------- -------    ------- -------    ------- -------    ----
   1 ?   10.0   0.4    0.0012      0.02     149     209 ..  136396  136456 ..  136330  136470 .. 0.85
   2 !  112.7   4.3   4.4e-35   7.2e-34       1     224 [.  150091  150317 ..  150091  150318 .. 0.89
   3 !   10.4   2.2   0.00096     0.016       1      34 [.  150898  150931 ..  150898  150947 .. 0.84
   4 !  116.3   5.9   3.4e-36   5.6e-35      27     225 .]  151006  151209 ..  150992  151209 .. 0.82
   5 !  167.9   4.2   5.1e-52   8.5e-51       1     224 [.  151333  151564 ..  151333  151565 .. 0.88
   6 !  115.5   6.0   5.9e-36   9.8e-35       1     224 [.  152084  152310 ..  152084  152311 .. 0.87
   7 !  120.0   4.8   2.5e-37   4.1e-36       1     225 []  153143  153366 ..  153143  153366 .. 0.92
   8 ?    2.1   0.8      0.33       5.5     105     178 ..  434063  434133 ..  433955  434142 .. 0.75

>> NC_017338.2_frame=2  Staphylococcus aureus subsp. aureus JKD6159, complete sequence
   #    score  bias  c-Evalue  i-Evalue hmmfrom  hmm to    alifrom  ali to    envfrom  env to     acc
 ---   ------ ----- --------- --------- ------- -------    ------- -------    ------- -------    ----
   1 !  157.5   6.7   8.1e-49   1.3e-47       1     224 [.  141984  142207 ..  141984  142208 .. 0.93
   2 !  119.8   4.9   2.9e-37   4.8e-36       1     224 [.  142295  142521 ..  142295  142522 .. 0.87
   3 ?    9.6   2.4    0.0016     0.027       1      33 [.  143024  143056 ..  143024  143072 .. 0.89
   4 !  123.3   4.7   2.5e-38   4.1e-37      39     225 .]  143143  143332 ..  143118  143332 .. 0.84
   5 !   87.5   6.8   2.3e-27   3.8e-26      39     225 .]  144945  145134 ..  144937  145134 .. 0.94
   6 !  125.8   4.6   4.1e-39   6.8e-38       1     225 []  145256  145481 ..  145256  145481 .. 0.87

>> NZ_CP113052.1_frame=3  Staphylococcus aureus strain Fizz chromosome, complete genome
   #    score  bias  c-Evalue  i-Evalue hmmfrom  hmm to    alifrom  ali to    envfrom  env to     acc
 ---   ------ ----- --------- --------- ------- -------    ------- -------    ------- -------    ----
   1 !  129.1   6.3   4.2e-40   6.9e-39       1     225 []  462338  462565 ..  462338  462565 .. 0.87
   2 !  132.9   8.2   2.8e-41   4.7e-40       1     225 []  462710  462937 ..  462710  462937 .. 0.88
   3 !  219.9   7.3   6.3e-68     1e-66     110     225 .]  465241  465356 ..  465238  465356 .. 0.99

>> NZ_CP136528.1_frame=2  Staphylococcus aureus strain BAA-1556_Catania chromosome, complete genome
   #    score  bias  c-Evalue  i-Evalue hmmfrom  hmm to    alifrom  ali to    envfrom  env to     acc
 ---   ------ ----- --------- --------- ------- -------    ------- -------    ------- -------    ----
   1 !  129.1   6.3   4.2e-40     7e-39       1     225 []  150844  151071 ..  150844  151071 .. 0.87
   2 !  132.9   8.2   2.8e-41   4.7e-40       1     225 []  151216  151443 ..  151216  151443 .. 0.88
   3 !  219.9   7.3   6.3e-68     1e-66     110     225 .]  153747  153862 ..  153744  153862 .. 0.99

>> NZ_CP029678.1_frame=2  Staphylococcus aureus strain AR_0216 chromosome, complete genome
   #    score  bias  c-Evalue  i-Evalue hmmfrom  hmm to    alifrom  ali to    envfrom  env to     acc
 ---   ------ ----- --------- --------- ------- -------    ------- -------    ------- -------    ----
   1 !  129.0   6.3   4.5e-40   7.4e-39       1     225 []  150261  150488 ..  150261  150488 .. 0.87
   2 !  132.8   8.2     3e-41     5e-40       1     225 []  150633  150860 ..  150633  150860 .. 0.88
   3 !  219.8   7.3   6.7e-68   1.1e-66     110     225 .]  153164  153279 ..  153161  153279 .. 0.99

>> NC_017763.1_frame=1  Staphylococcus aureus subsp. aureus HO 5096 0412, complete sequence
   #    score  bias  c-Evalue  i-Evalue hmmfrom  hmm to    alifrom  ali to    envfrom  env to     acc
 ---   ------ ----- --------- --------- ------- -------    ------- -------    ------- -------    ----
   1 !  149.5   2.4   2.3e-46   3.9e-45       1     224 [.  138556  138779 ..  138556  138780 .. 0.94
   2 !  113.4   2.6   2.6e-35   4.3e-34       1     225 []  140401  140631 ..  140401  140631 .. 0.90
   3 !  126.0   4.2   3.5e-39   5.9e-38       1     225 []  140756  140981 ..  140756  140981 .. 0.86

>> NC_002953.3_frame=2  Staphylococcus aureus subsp. aureus MSSA476, complete sequence
   #    score  bias  c-Evalue  i-Evalue hmmfrom  hmm to    alifrom  ali to    envfrom  env to     acc
 ---   ------ ----- --------- --------- ------- -------    ------- -------    ------- -------    ----
   1 !   14.4   1.0   5.5e-05   0.00092     147     221 ..  131296  131370 ..  131227  131374 .. 0.77
   2 !   10.3   0.9   0.00096     0.016       1      34 [.  143281  143314 ..  143281  143322 .. 0.92
   3 !  124.8   3.8   8.5e-39   1.4e-37      37     225 .]  143445  143635 ..  143420  143635 .. 0.84
   4 !  120.6   6.5   1.7e-37   2.8e-36       1     224 [.  144953  145179 ..  144953  145180 .. 0.87
   5 !  117.2   4.4   1.8e-36   2.9e-35       1     225 []  146009  146234 ..  146009  146234 .. 0.91

>> NC_007795.1_frame=3  Staphylococcus aureus subsp. aureus NCTC 8325 chromosome, complete genome
   #    score  bias  c-Evalue  i-Evalue hmmfrom  hmm to    alifrom  ali to    envfrom  env to     acc
 ---   ------ ----- --------- --------- ------- -------    ------- -------    ------- -------    ----
   1 !   14.0   0.7   7.1e-05    0.0012     148     221 ..  121413  121486 ..  121346  121490 .. 0.83
   2 !   12.2   0.8   0.00025    0.0042       1      34 [.  130082  130115 ..  130082  130123 .. 0.92
   3 !  125.2   3.6   6.2e-39     1e-37      37     225 .]  130246  130436 ..  130222  130436 .. 0.84
   4 !  110.8   5.7   1.6e-34   2.7e-33       1     225 []  132092  132322 ..  132092  132322 .. 0.92
   5 !  114.5   4.6   1.2e-35   1.9e-34       1     225 []  132806  133031 ..  132806  133031 .. 0.91

>> NC_002953.3_frame=1  Staphylococcus aureus subsp. aureus MSSA476, complete sequence
   #    score  bias  c-Evalue  i-Evalue hmmfrom  hmm to    alifrom  ali to    envfrom  env to     acc
 ---   ------ ----- --------- --------- ------- -------    ------- -------    ------- -------    ----
   1 !  135.6   5.2   4.2e-42   6.9e-41       1     225 []  144580  144808 ..  144580  144808 .. 0.89
   2 !  110.5   5.0     2e-34   3.3e-33       1     225 []  145298  145528 ..  145298  145528 .. 0.92
   3 !  114.3   3.5   1.4e-35   2.3e-34       1     225 []  145657  145887 ..  145657  145887 .. 0.91
   4 ?    8.9   0.6    0.0027     0.044      94     179 ..  688549  688629 ..  688533  688660 .. 0.73

>> NC_002952.2_frame=3  Staphylococcus aureus subsp. aureus MRSA252, complete sequence
   #    score  bias  c-Evalue  i-Evalue hmmfrom  hmm to    alifrom  ali to    envfrom  env to     acc
 ---   ------ ----- --------- --------- ------- -------    ------- -------    ------- -------    ----
   1 ?    2.6   0.7      0.22       3.7       1      32 [.  151504  151535 ..  151504  151551 .. 0.81
   2 !  117.6   4.5   1.4e-36   2.3e-35      24     225 .]  151637  151843 ..  151626  151843 .. 0.85
   3 !  123.2   5.0   2.6e-38   4.3e-37       1     224 [.  152774  153000 ..  152774  153001 .. 0.87
   4 !  125.6   4.5   4.9e-39   8.2e-38       1     225 []  153473  153698 ..  153473  153698 .. 0.88

>> NZ_CP136528.1_frame=3  Staphylococcus aureus strain BAA-1556_Catania chromosome, complete genome
   #    score  bias  c-Evalue  i-Evalue hmmfrom  hmm to    alifrom  ali to    envfrom  env to     acc
 ---   ------ ----- --------- --------- ------- -------    ------- -------    ------- -------    ----
   1 !   14.1   0.7   6.9e-05    0.0011     148     221 ..  140887  140960 ..  140820  140964 .. 0.83
   2 !   12.3   0.8   0.00025    0.0041       1      34 [.  149556  149589 ..  149556  149597 .. 0.92
   3 !  107.4   3.5   1.8e-33     3e-32      37     225 .]  149720  149906 ..  149696  149906 .. 0.83
   4 !  110.9   5.7   1.6e-34   2.6e-33       1     225 []  151562  151792 ..  151562  151792 .. 0.92
   5 !  114.6   4.6   1.1e-35   1.9e-34       1     225 []  152276  152501 ..  152276  152501 .. 0.91

>> NZ_CP113052.1_frame=1  Staphylococcus aureus strain Fizz chromosome, complete genome
   #    score  bias  c-Evalue  i-Evalue hmmfrom  hmm to    alifrom  ali to    envfrom  env to     acc
 ---   ------ ----- --------- --------- ------- -------    ------- -------    ------- -------    ----
   1 !   14.1   0.7   6.9e-05    0.0011     148     221 ..  452365  452438 ..  452298  452442 .. 0.83
   2 !   12.3   0.8   0.00024    0.0041       1      34 [.  461034  461067 ..  461034  461075 .. 0.92
   3 !  107.4   3.5   1.8e-33     3e-32      37     225 .]  461198  461384 ..  461174  461384 .. 0.83
   4 !  110.9   5.7   1.6e-34   2.6e-33       1     225 []  463057  463287 ..  463057  463287 .. 0.92
   5 !  114.6   4.6   1.1e-35   1.9e-34       1     225 []  463771  463996 ..  463771  463996 .. 0.91

>> NZ_CP029678.1_frame=3  Staphylococcus aureus strain AR_0216 chromosome, complete genome
   #    score  bias  c-Evalue  i-Evalue hmmfrom  hmm to    alifrom  ali to    envfrom  env to     acc
 ---   ------ ----- --------- --------- ------- -------    ------- -------    ------- -------    ----
   1 !   14.0   0.7   7.3e-05    0.0012     148     221 ..  140304  140377 ..  140237  140381 .. 0.83
   2 !   12.2   0.8   0.00026    0.0043       1      34 [.  148973  149006 ..  148973  149014 .. 0.92
   3 !  107.3   3.5   1.9e-33   3.2e-32      37     225 .]  149137  149323 ..  149113  149323 .. 0.83
   4 !  110.8   5.7   1.7e-34   2.8e-33       1     225 []  150979  151209 ..  150979  151209 .. 0.92
   5 !  114.5   4.6   1.2e-35     2e-34       1     225 []  151693  151918 ..  151693  151918 .. 0.91

>> NZ_LR134090.1_frame=3  Staphylococcus aureus strain NCTC9555 chromosome 1, complete sequence
   #    score  bias  c-Evalue  i-Evalue hmmfrom  hmm to    alifrom  ali to    envfrom  env to     acc
 ---   ------ ----- --------- --------- ------- -------    ------- -------    ------- -------    ----
   1 !   10.7   0.2   0.00074     0.012     106     180 ..  146926  146997 ..  146909  147023 .. 0.74
   2 !  157.2   4.0   9.8e-49   1.6e-47       1     223 [.  149768  149990 ..  149768  149992 .. 0.94
   3 !  109.3   4.3   4.6e-34   7.6e-33       1     225 []  152788  153018 ..  152788  153018 .. 0.90
   4 !   17.5   0.9   6.1e-06    0.0001      40     209 ..  595491  595664 ..  595451  595678 .. 0.73

>> NC_002952.2_frame=2  Staphylococcus aureus subsp. aureus MRSA252, complete sequence
   #    score  bias  c-Evalue  i-Evalue hmmfrom  hmm to    alifrom  ali to    envfrom  env to     acc
 ---   ------ ----- --------- --------- ------- -------    ------- -------    ------- -------    ----
   1 !  260.7   7.4     2e-80   3.2e-79       1     225 []  154843  155073 ..  154843  155073 .. 0.96

>> NC_007795.1_frame=2  Staphylococcus aureus subsp. aureus NCTC 8325 chromosome, complete genome
   #    score  bias  c-Evalue  i-Evalue hmmfrom  hmm to    alifrom  ali to    envfrom  env to     acc
 ---   ------ ----- --------- --------- ------- -------    ------- -------    ------- -------    ----
   1 !  129.0   6.3   4.3e-40   7.2e-39       1     225 []  131374  131601 ..  131374  131601 .. 0.87
   2 !  132.8   8.2   2.9e-41   4.8e-40       1     225 []  131746  131973 ..  131746  131973 .. 0.88

>> NC_017338.2_frame=1  Staphylococcus aureus subsp. aureus JKD6159, complete sequence
   #    score  bias  c-Evalue  i-Evalue hmmfrom  hmm to    alifrom  ali to    envfrom  env to     acc
 ---   ------ ----- --------- --------- ------- -------    ------- -------    ------- -------    ----
   1 !   13.8   0.6   8.5e-05    0.0014     148     219 ..  132375  132446 ..  132314  132452 .. 0.85
   2 ?    5.5   2.0     0.029      0.48       1      40 [.  142623  142662 ..  142623  142697 .. 0.82
   3 !  122.1   5.9   5.9e-38   9.7e-37      33     225 .]  142709  142902 ..  142677  142902 .. 0.83
   4 !  129.2   6.9   3.7e-40   6.2e-39       1     225 []  143840  144067 ..  143840  144067 .. 0.87

>> NZ_CP011877.1_frame=-1  Staphylococcus aureus strain 12S01032 chromosome, complete genome
   #    score  bias  c-Evalue  i-Evalue hmmfrom  hmm to    alifrom  ali to    envfrom  env to     acc
 ---   ------ ----- --------- --------- ------- -------    ------- -------    ------- -------    ----
   1 !   11.7   0.4   0.00036     0.006     149     221 ..  748644  748716 ..  748634  748720 .. 0.81
   2 ?    2.5   0.6      0.24         4       1      32 [.  757772  757803 ..  757772  757834 .. 0.83
   3 !  120.4   3.9   1.9e-37   3.1e-36      26     225 .]  757907  758111 ..  757899  758111 .. 0.84
   4 !  129.3   5.0   3.4e-40   5.7e-39       1     223 [.  759053  759278 ..  759053  759280 .. 0.89

>> NC_017763.1_frame=2  Staphylococcus aureus subsp. aureus HO 5096 0412, complete sequence
   #    score  bias  c-Evalue  i-Evalue hmmfrom  hmm to    alifrom  ali to    envfrom  env to     acc
 ---   ------ ----- --------- --------- ------- -------    ------- -------    ------- -------    ----
   1 !  113.6   3.2   2.3e-35   3.9e-34       1     223 [.  138877  139104 ..  138877  139106 .. 0.86

>> NZ_CP011877.1_frame=-3  Staphylococcus aureus strain 12S01032 chromosome, complete genome
   #    score  bias  c-Evalue  i-Evalue hmmfrom  hmm to    alifrom  ali to    envfrom  env to     acc
 ---   ------ ----- --------- --------- ------- -------    ------- -------    ------- -------    ----
   1 !  111.1   2.8   1.3e-34   2.2e-33       1     224 [.  757442  757670 ..  757442  757671 .. 0.86



Internal pipeline statistics summary:
-------------------------------------
Query model(s):                              1  (225 nodes)
Target sequences:                          564  (304447416 residues searched)
Passed MSV filter:                       124  (0.219858); expected 11.3 (0.02)
Passed bias filter:                       75  (0.132979); expected 11.3 (0.02)
Passed Vit filter:                        47  (0.0833333); expected 0.6 (0.001)
Passed Fwd filter:                        45  (0.0797872); expected 0.0 (1e-05)
Initial search space (Z):                564  [actual number of targets]
Domain search space  (domZ):              34  [number of targets reported over threshold]
# CPU time: 39.36u 0.17s 00:00:39.53 Elapsed: 00:01:59.75
# Mc/sec: 572.03

@@ New targets included:   34
@@ New alignment includes: 158 subseqs (was 1), including original query
@@ Continuing to next round.

@@
@@ Round:                  2
@@ Included in MSA:        158 subsequences (query + 157 subseqs from 34 targets)
@@ Model size:             225 positions
@@

Scores for complete sequences (score includes all domains):
   --- full sequence ---   --- best 1 domain ---    -#dom-
    E-value  score  bias    E-value  score  bias    exp  N  Sequence               Description
    ------- ------ -----    ------- ------ -----   ---- --  --------               -----------
          0 1540.4 129.9    5.9e-93  305.9  12.3    8.2  8  NC_007795.1_frame=1     Staphylococcus aureus subsp. aureus N
          0 1507.9 124.2    1.6e-89  294.6   8.9    8.4  8  NZ_CP011877.1_frame=-2  Staphylococcus aureus strain 12S01032
          0 1364.2 107.7    1.5e-81  268.6  11.4    8.0  7  NZ_CP113052.1_frame=2   Staphylococcus aureus strain Fizz chr
          0 1348.3 124.1    1.6e-81  268.5  11.4    8.3  7  NZ_CP029678.1_frame=1   Staphylococcus aureus strain AR_0216 
          0 1324.2 136.5    1.6e-86  284.9  14.3    9.6 10  NZ_CP132371.1_frame=1   Staphylococcus aureus strain UNC_SA38
          0 1322.9 162.3    4.9e-86  283.2  12.9    9.7  9  NC_002953.3_frame=3     Staphylococcus aureus subsp. aureus M
          0 1263.5 129.9    1.7e-86  284.8  14.3    9.9 10  NC_002745.2_frame=3     Staphylococcus aureus subsp. aureus N
          0 1247.4 181.5    2.3e-82  271.2  12.1   11.3  9  NC_002745.2_frame=2     Staphylococcus aureus subsp. aureus N
          0 1237.7  96.5    1.2e-79  262.4  11.9    6.8  6  NC_002952.2_frame=1     Staphylococcus aureus subsp. aureus M
          0 1216.0 137.9    2.2e-82  271.3  12.1    9.3  7  NZ_CP132371.1_frame=3   Staphylococcus aureus strain UNC_SA38
          0 1148.6 137.0    7.3e-77  253.2  11.3    8.1  6  NC_017338.2_frame=2     Staphylococcus aureus subsp. aureus J
          0 1076.3 131.4    1.6e-84  278.3  16.0    9.1  8  NC_017338.2_frame=3     Staphylococcus aureus subsp. aureus J
+   2.1e-40  134.0  29.2    1.3e-18   62.7   8.8    3.5  3  NZ_LS483357.1_frame=1   Streptococcus pyogenes strain NCTC832
+   1.4e-39  131.3  34.9      1e-12   43.4   2.7    4.6  4  NZ_LR134284.1_frame=2   Streptococcus pyogenes strain NCTC823


Domain annotation for each sequence:
>> NC_007795.1_frame=1  Staphylococcus aureus subsp. aureus NCTC 8325 chromosome, complete genome
   #    score  bias  c-Evalue  i-Evalue hmmfrom  hmm to    alifrom  ali to    envfrom  env to     acc
 ---   ------ ----- --------- --------- ------- -------    ------- -------    ------- -------    ----
   1 !  241.3  13.1   8.2e-75   3.3e-73       1     224 [.  129432  129655 ..  129432  129656 .. 0.94
   2 !  255.5  12.4   3.6e-79   1.5e-77       1     224 [.  129754  129980 ..  129754  129981 .. 0.93
   3 !   23.8   4.7   2.6e-08     1e-06       1      37 [.  130561  130597 ..  130561  130603 .. 0.90
   4 !  228.4  10.9   6.9e-71   2.8e-69      26     225 .]  130663  130867 ..  130652  130867 .. 0.88
   5 !  260.2  10.5   1.4e-80   5.5e-79       1     225 []  130991  131223 ..  130991  131223 .. 0.93
   6 !  268.5  11.4   3.8e-83   1.5e-81       1     225 []  132452  132682 ..  132452  132682 .. 0.95
   7 !  305.9  12.3   1.5e-94   5.9e-93       1     225 []  134170  134394 ..  134170  134394 .. 1.00
   8 ?   -3.4   0.5       5.3   2.2e+02     126     186 ..  391171  391234 ..  391161  391243 .. 0.67

>> NZ_CP011877.1_frame=-2  Staphylococcus aureus strain 12S01032 chromosome, complete genome
   #    score  bias  c-Evalue  i-Evalue hmmfrom  hmm to    alifrom  ali to    envfrom  env to     acc
 ---   ------ ----- --------- --------- ------- -------    ------- -------    ------- -------    ----
   1 ?   -3.5   0.5       5.7   2.3e+02     126     186 ..   83500   83563 ..   83490   83568 .. 0.66
   2 !  247.5  14.6     1e-76   4.2e-75       1     225 []  757121  757345 ..  757121  757345 .. 0.95
   3 !   18.0   2.6   1.5e-06     6e-05       1      39 [.  758231  758270 ..  758231  758322 .. 0.75
   4 !  225.6   8.8     5e-70     2e-68      24     225 .]  758338  758544 ..  758332  758544 .. 0.89
   5 !  258.6  12.5   4.2e-80   1.7e-78       1     225 []  758669  758901 ..  758669  758901 .. 0.93
   6 !  260.0  12.5   1.5e-80   6.2e-79       1     225 []  759398  759628 ..  759398  759628 .. 0.95
   7 !  246.6  10.0     2e-76   7.9e-75       1     225 []  759753  759978 ..  759753  759978 .. 0.94
   8 !  294.6   8.9     4e-91   1.6e-89       1     225 []  761111  761336 ..  761111  761336 .. 0.99

>> NZ_CP113052.1_frame=2  Staphylococcus aureus strain Fizz chromosome, complete genome
   #    score  bias  c-Evalue  i-Evalue hmmfrom  hmm to    alifrom  ali to    envfrom  env to     acc
 ---   ------ ----- --------- --------- ------- -------    ------- -------    ------- -------    ----
   1 !  241.3  13.1   7.9e-75   3.2e-73       1     224 [.  460383  460606 ..  460383  460607 .. 0.94
   2 !  255.6  12.4   3.5e-79   1.4e-77       1     224 [.  460705  460931 ..  460705  460932 .. 0.93
   3 !   24.1   4.1     2e-08   8.2e-07       1      36 [.  461508  461543 ..  461508  461551 .. 0.90
   4 !  228.5  10.9   6.7e-71   2.7e-69      26     225 .]  461627  461831 ..  461616  461831 .. 0.88
   5 !  260.2  10.5   1.3e-80   5.3e-79       1     225 []  461955  462187 ..  461955  462187 .. 0.93
   6 !  268.6  11.4   3.7e-83   1.5e-81       1     225 []  463416  463646 ..  463416  463646 .. 0.95
   7 !  120.4   0.2   7.5e-38     3e-36       1     108 [.  465134  465241 ..  465134  465244 .. 0.98

>> NZ_CP029678.1_frame=1  Staphylococcus aureus strain AR_0216 chromosome, complete genome
   #    score  bias  c-Evalue  i-Evalue hmmfrom  hmm to    alifrom  ali to    envfrom  env to     acc
 ---   ------ ----- --------- --------- ------- -------    ------- -------    ------- -------    ----
   1 !  241.2  13.1   8.5e-75   3.4e-73       1     224 [.  148323  148546 ..  148323  148547 .. 0.94
   2 !  255.5  12.4   3.7e-79   1.5e-77       1     224 [.  148645  148871 ..  148645  148872 .. 0.93
   3 !   24.5   3.6   1.6e-08   6.4e-07       1      36 [.  149448  149483 ..  149448  149490 .. 0.90
   4 !  228.4  10.9   7.1e-71   2.9e-69      26     225 .]  149550  149754 ..  149539  149754 .. 0.88
   5 !  260.1  10.5   1.4e-80   5.6e-79       1     225 []  149878  150110 ..  149878  150110 .. 0.93
   6 !  268.5  11.4   3.9e-83   1.6e-81       1     225 []  151339  151569 ..  151339  151569 .. 0.95
   7 !  120.3   0.2     8e-38   3.2e-36       1     108 [.  153057  153164 ..  153057  153167 .. 0.98

>> NZ_CP132371.1_frame=1  Staphylococcus aureus strain UNC_SA38 chromosome, complete genome
   #    score  bias  c-Evalue  i-Evalue hmmfrom  hmm to    alifrom  ali to    envfrom  env to     acc
 ---   ------ ----- --------- --------- ------- -------    ------- -------    ------- -------    ----
   1 ?   -1.3   1.4       1.2        47     134     196 ..  135048  135109 ..  135028  135117 .. 0.79
   2 ?   -1.1   0.5       1.1        43     132     212 ..  486185  486261 ..  486154  486268 .. 0.75
   3 ?   -1.8   0.1       1.7        69       1      34 [.  568978  569011 ..  568978  569022 .. 0.84
   4 ?   -2.0   1.8       1.9        77     150     223 ..  569042  569115 ..  569010  569117 .. 0.78
   5 !   68.0   4.8   7.7e-22   3.1e-20     134     224 ..  881092  881181 ..  880989  881182 .. 0.81
   6 !  252.2  12.3   3.8e-78   1.5e-76       1     224 [.  889130  889353 ..  889130  889354 .. 0.95
   7 !  253.9  11.5   1.1e-78   4.6e-77       1     224 [.  889452  889678 ..  889452  889679 .. 0.93
   8 !  249.5  14.6   2.5e-77   9.9e-76       1     225 []  891056  891283 ..  891056  891283 .. 0.93
   9 !  267.7  11.5   7.1e-83   2.8e-81       1     225 []  891759  891989 ..  891759  891989 .. 0.95
  10 !  284.9  14.3   3.9e-88   1.6e-86       1     225 []  893477  893703 ..  893477  893703 .. 0.99

>> NC_002953.3_frame=3  Staphylococcus aureus subsp. aureus MSSA476, complete sequence
   #    score  bias  c-Evalue  i-Evalue hmmfrom  hmm to    alifrom  ali to    envfrom  env to     acc
 ---   ------ ----- --------- --------- ------- -------    ------- -------    ------- -------    ----
   1 !   33.5  11.0   2.8e-11   1.1e-09       4     225 .]   20076   20311 ..   20074   20311 .. 0.61
   2 !  252.5   8.5     3e-78   1.2e-76       1     224 [.  142630  142853 ..  142630  142854 .. 0.94
   3 !  251.7  11.7   5.2e-78   2.1e-76       1     224 [.  142952  143178 ..  142952  143179 .. 0.93
   4 !   24.7   3.3   1.3e-08   5.3e-07       1      36 [.  143759  143794 ..  143759  143814 .. 0.87
   5 !  229.6   9.7   3.1e-71   1.3e-69      22     225 .]  143866  144072 ..  143860  144072 .. 0.89
   6 !  259.7   9.9   1.9e-80   7.5e-79       1     225 []  144196  144428 ..  144196  144428 .. 0.93
   7 !  283.2  12.9   1.2e-87   4.9e-86       1     225 []  147395  147624 ..  147395  147624 .. 0.97
   8 ?   -3.5   0.5       5.7   2.3e+02     126     186 ..  422172  422235 ..  422162  422240 .. 0.66
   9 !   61.7   7.5   6.6e-20   2.7e-18      39     184 ..  688741  688884 ..  688729  688886 .. 0.81

>> NC_002745.2_frame=3  Staphylococcus aureus subsp. aureus N315, complete sequence
   #    score  bias  c-Evalue  i-Evalue hmmfrom  hmm to    alifrom  ali to    envfrom  env to     acc
 ---   ------ ----- --------- --------- ------- -------    ------- -------    ------- -------    ----
   1 !  252.1  12.3   4.1e-78   1.6e-76       1     224 [.  147034  147257 ..  147034  147258 .. 0.95
   2 !  253.8  11.5   1.2e-78   4.9e-77       1     224 [.  147356  147582 ..  147356  147583 .. 0.93
   3 !  249.4  14.6   2.6e-77     1e-75       1     225 []  148960  149187 ..  148960  149187 .. 0.93
   4 !  267.6  11.5   7.4e-83     3e-81       1     225 []  149663  149893 ..  149663  149893 .. 0.95
   5 !  284.8  14.3   4.1e-88   1.7e-86       1     225 []  151381  151607 ..  151381  151607 .. 0.99
   6 ?    4.9   1.2     0.015       0.6       1      42 [.  317993  318036 ..  317993  318044 .. 0.84
   7 ?   -3.6   0.5       5.9   2.4e+02     126     186 ..  412628  412691 ..  412618  412696 .. 0.66
   8 ?   -1.2   0.5       1.1        45     132     212 ..  669226  669302 ..  669195  669309 .. 0.75
   9 ?   -1.9   0.0       1.8        73       1      34 [.  759419  759452 ..  759419  759463 .. 0.84
  10 ?   -2.1   1.8         2        82     150     223 ..  759483  759556 ..  759451  759558 .. 0.78

>> NC_002745.2_frame=2  Staphylococcus aureus subsp. aureus N315, complete sequence
   #    score  bias  c-Evalue  i-Evalue hmmfrom  hmm to    alifrom  ali to    envfrom  env to     acc
 ---   ------ ----- --------- --------- ------- -------    ------- -------    ------- -------    ----
   1 !   26.1   3.6   4.9e-09     2e-07       1      44 [.  147685  147729 ..  147685  147795 .. 0.87
   2 !  226.3   9.8   3.1e-70   1.3e-68      31     225 .]  147842  148039 ..  147822  148039 .. 0.88
   3 !   25.3   3.1   8.7e-09   3.5e-07       1      36 [.  148163  148198 ..  148163  148205 .. 0.90
   4 !  226.1  11.2   3.6e-70   1.5e-68      21     225 .]  148243  148453 ..  148237  148453 .. 0.87
   5 !  259.9   9.6   1.6e-80   6.5e-79       1     225 []  148577  148809 ..  148577  148809 .. 0.93
   6 !  271.2  12.1   5.7e-84   2.3e-82       1     225 []  149305  149535 ..  149305  149535 .. 0.95
   7 !  240.5  13.2   1.4e-74   5.8e-73       1     225 []  150018  150243 ..  150018  150243 .. 0.93
   8 ?   -1.4   1.4       1.2        50     134     196 ..  320900  320961 ..  320880  320969 .. 0.79
   9 !   62.3   7.4   4.2e-20   1.7e-18      42     184 ..  685751  685890 ..  685722  685902 .. 0.81

>> NC_002952.2_frame=1  Staphylococcus aureus subsp. aureus MRSA252, complete sequence
   #    score  bias  c-Evalue  i-Evalue hmmfrom  hmm to    alifrom  ali to    envfrom  env to     acc
 ---   ------ ----- --------- --------- ------- -------    ------- -------    ------- -------    ----
   1 !  250.7   8.4   1.1e-77   4.4e-76       1     224 [.  150854  151077 ..  150854  151078 .. 0.94
   2 !  255.3  10.4   4.3e-79   1.8e-77       1     224 [.  151175  151403 ..  151175  151404 .. 0.93
   3 !   16.6   2.1     4e-06   0.00016       1      38 [.  151964  152003 ..  151964  152024 .. 0.80
   4 !  224.6  11.7   1.1e-69   4.3e-68      24     225 .]  152060  152266 ..  152052  152266 .. 0.89
   5 !  258.9  12.4   3.4e-80   1.4e-78       1     225 []  152391  152623 ..  152391  152623 .. 0.93
   6 !  262.4  11.9   2.9e-81   1.2e-79       1     225 []  153120  153350 ..  153120  153350 .. 0.95

>> NZ_CP132371.1_frame=3  Staphylococcus aureus strain UNC_SA38 chromosome, complete genome
   #    score  bias  c-Evalue  i-Evalue hmmfrom  hmm to    alifrom  ali to    envfrom  env to     acc
 ---   ------ ----- --------- --------- ------- -------    ------- -------    ------- -------    ----
   1 !   26.3   3.5   4.4e-09   1.8e-07       1      44 [.  889780  889824 ..  889780  889884 .. 0.87
   2 !  226.5   9.6   2.7e-70   1.1e-68      31     225 .]  889937  890134 ..  889918  890134 .. 0.88
   3 !   25.4   3.1   8.2e-09   3.3e-07       1      36 [.  890258  890293 ..  890258  890300 .. 0.90
   4 !  226.2  11.2   3.4e-70   1.4e-68      21     225 .]  890338  890548 ..  890332  890548 .. 0.87
   5 !  260.0   9.6   1.5e-80   6.2e-79       1     225 []  890672  890904 ..  890672  890904 .. 0.93
   6 !  271.3  12.1   5.4e-84   2.2e-82       1     225 []  891400  891630 ..  891400  891630 .. 0.95
   7 !  240.5  13.2   1.4e-74   5.5e-73       1     225 []  892113  892338 ..  892113  892338 .. 0.93

>> NC_017338.2_frame=2  Staphylococcus aureus subsp. aureus JKD6159, complete sequence
   #    score  bias  c-Evalue  i-Evalue hmmfrom  hmm to    alifrom  ali to    envfrom  env to     acc
 ---   ------ ----- --------- --------- ------- -------    ------- -------    ------- -------    ----
   1 !  250.8  14.5   9.9e-78     4e-76       1     225 []  141984  142208 ..  141984  142208 .. 0.94
   2 !  253.2  11.3   1.8e-78   7.3e-77       1     224 [.  142295  142521 ..  142295  142522 .. 0.93
   3 !   27.8   2.2   1.5e-09   6.1e-08       1      37 [.  143024  143060 ..  143024  143098 .. 0.90
   4 !  221.3  10.8     1e-68   4.1e-67      26     225 .]  143129  143332 ..  143117  143332 .. 0.87
   5 !  208.1  12.2   1.1e-64   4.6e-63      39     225 .]  144945  145134 ..  144930  145134 .. 0.94
   6 !  249.7  11.9   2.2e-77   8.8e-76       1     225 []  145256  145481 ..  145256  145481 .. 0.95

>> NC_017338.2_frame=3  Staphylococcus aureus subsp. aureus JKD6159, complete sequence
   #    score  bias  c-Evalue  i-Evalue hmmfrom  hmm to    alifrom  ali to    envfrom  env to     acc
 ---   ------ ----- --------- --------- ------- -------    ------- -------    ------- -------    ----
   1 !   42.6   1.3   4.5e-14   1.8e-12     101     198 ..   25764   25859 ..   25671   25874 .. 0.76
   2 !  261.1  11.3   7.4e-81     3e-79       1     225 []  143456  143688 ..  143456  143688 .. 0.92
   3 !  250.9  13.0   9.4e-78   3.8e-76       1     225 []  144208  144435 ..  144208  144435 .. 0.93
   4 !  272.3  13.3   2.6e-84     1e-82       1     225 []  144550  144780 ..  144550  144780 .. 0.94
   5 !   29.7   3.4   4.1e-10   1.6e-08       1      41 [.  144908  144951 ..  144908  144974 .. 0.73
   6 !  278.3  16.0     4e-86   1.6e-84       1     225 []  146658  146887 ..  146658  146887 .. 0.97
   7 ?   -3.3   3.3         5     2e+02       1      68 [.  628600  628669 ..  628600  628697 .. 0.71
   8 ?   -1.1   0.6         1        42     132     212 ..  681695  681771 ..  681663  681778 .. 0.75

>> NZ_LS483357.1_frame=1  Streptococcus pyogenes strain NCTC8326 chromosome 1, complete sequence
   #    score  bias  c-Evalue  i-Evalue hmmfrom  hmm to    alifrom  ali to    envfrom  env to     acc
 ---   ------ ----- --------- --------- ------- -------    ------- -------    ------- -------    ----
   1 !   39.8   1.5   3.3e-13   1.3e-11      15     181 ..  219383  219565 ..  219370  219587 .. 0.64
   2 !   62.7   8.8   3.3e-20   1.3e-18       5     201 ..  430303  430498 ..  430298  430513 .. 0.75
   3 !   42.2   3.8   6.2e-14   2.5e-12      40     200 ..  567807  567975 ..  567802  567977 .. 0.77

>> NZ_LR134284.1_frame=2  Streptococcus pyogenes strain NCTC8232 chromosome 1, complete sequence
   #    score  bias  c-Evalue  i-Evalue hmmfrom  hmm to    alifrom  ali to    envfrom  env to     acc
 ---   ------ ----- --------- --------- ------- -------    ------- -------    ------- -------    ----
   1 !   41.1   2.5   1.3e-13   5.3e-12      37     199 ..  339747  339917 ..  339708  339930 .. 0.64
   2 !   43.4   2.7   2.5e-14     1e-12      37     199 ..  371208  371378 ..  371181  371390 .. 0.66
   3 !   22.0   4.0     9e-08   3.6e-06     142     203 ..  391652  391715 ..  391638  391736 .. 0.80
   4 !   41.4   2.6   1.1e-13   4.2e-12      40     200 ..  576685  576853 ..  576680  576855 .. 0.77



Internal pipeline statistics summary:
-------------------------------------
Query model(s):                              1  (225 nodes)
Target sequences:                          564  (304447416 residues searched)
Passed MSV filter:                       142  (0.251773); expected 11.3 (0.02)
Passed bias filter:                       79  (0.140071); expected 11.3 (0.02)
Passed Vit filter:                        79  (0.140071); expected 0.6 (0.001)
Passed Fwd filter:                        17  (0.0301418); expected 0.0 (1e-05)
Initial search space (Z):                564  [actual number of targets]
Domain search space  (domZ):              14  [number of targets reported over threshold]
# CPU time: 36.82u 0.13s 00:00:36.95 Elapsed: 00:01:46.15
# Mc/sec: 645.32

@@ New targets included:   2
@@ New alignment includes: 88 subseqs (was 158), including original query
@@ Continuing to next round.

@@
@@ Round:                  3
@@ Included in MSA:        88 subsequences (query + 87 subseqs from 14 targets)
@@ Model size:             225 positions
@@

Scores for complete sequences (score includes all domains):
   --- full sequence ---   --- best 1 domain ---    -#dom-
    E-value  score  bias    E-value  score  bias    exp  N  Sequence               Description
    ------- ------ -----    ------- ------ -----   ---- --  --------               -----------
          0 1471.6 146.5    6.8e-86  282.9  12.7    9.2  7  NC_007795.1_frame=1     Staphylococcus aureus subsp. aureus N
          0 1449.9 119.8    6.2e-83  273.2   8.6    8.3  7  NZ_CP011877.1_frame=-2  Staphylococcus aureus strain 12S01032
   4.5e-118  388.2  58.3    1.7e-39  131.2   4.5    5.2  4  NZ_LR134284.1_frame=2   Streptococcus pyogenes strain NCTC823
     2e-113  372.9  35.5      2e-43  144.0   1.1    3.5  3  NZ_LS483357.1_frame=1   Streptococcus pyogenes strain NCTC832
+   5.8e-70  230.8  27.3    4.2e-39  129.9  12.4    2.7  2  NZ_CP155738.1_frame=3   Streptococcus pyogenes strain 1510/08
+   7.4e-54  178.1  39.0    1.8e-38  127.8   5.9    3.8  3  NZ_CP118481.1_frame=2   Streptococcus pyogenes strain 2018532
+   1.2e-53  177.4  26.8    1.8e-31  104.9   5.7    2.5  2  NZ_CP070994.1_frame=-3  Streptococcus pyogenes strain M11318 
+   3.2e-44  146.6  20.1    9.9e-33  109.0   6.9    2.5  2  NZ_CP051138.1_frame=1   Streptococcus pyogenes strain 4063-05
+   9.4e-44  145.1   1.1      2e-43  144.0   1.1    1.4  1  NZ_CP051138.1_frame=3   Streptococcus pyogenes strain 4063-05
+   8.1e-40  132.2  12.5    2.5e-39  130.6  12.5    1.8  1  NZ_AP023389.1_frame=-2  Streptococcus pyogenes strain KUN-001
+   1.2e-39  131.6  12.5    2.5e-39  130.6  12.5    1.5  1  NZ_AP023388.1_frame=-1  Streptococcus pyogenes strain NIH35 c
+   2.6e-39  130.6  12.5    2.6e-39  130.6  12.5    2.2  1  NZ_CP051138.1_frame=2   Streptococcus pyogenes strain 4063-05
+   5.5e-39  129.5   5.9    1.7e-38  127.9   5.9    1.9  1  NZ_CP167001.1_frame=3   Streptococcus pyogenes strain Isolate
+   7.9e-39  129.0  37.2    2.9e-32  107.5   6.0    3.0  2  NZ_AP023389.1_frame=3   Streptococcus pyogenes strain KUN-001
+   3.6e-32  107.2   6.9      8e-32  106.1   6.9    1.6  1  NZ_CP155740.1_frame=3   Streptococcus pyogenes strain 1851/03
+   7.5e-32  106.2   5.7    1.9e-31  104.9   5.7    1.7  1  NZ_CP167001.1_frame=-2  Streptococcus pyogenes strain Isolate


Domain annotation for each sequence:
>> NC_007795.1_frame=1  Staphylococcus aureus subsp. aureus NCTC 8325 chromosome, complete genome
   #    score  bias  c-Evalue  i-Evalue hmmfrom  hmm to    alifrom  ali to    envfrom  env to     acc
 ---   ------ ----- --------- --------- ------- -------    ------- -------    ------- -------    ----
   1 !  239.0  13.5     5e-74   1.8e-72       1     224 [.  129432  129655 ..  129432  129656 .. 0.95
   2 !  250.0  13.7   2.2e-77   7.8e-76       1     224 [.  129754  129980 ..  129754  129981 .. 0.94
   3 !   24.5   3.7     2e-08     7e-07       1      37 [.  130561  130597 ..  130561  130604 .. 0.91
   4 !  213.8  12.9   2.6e-66     9e-65      25     225 .]  130662  130867 ..  130656  130867 .. 0.90
   5 !  259.5  10.9   2.8e-80     1e-78       1     225 []  130991  131223 ..  130991  131223 .. 0.95
   6 !  254.9  11.5   7.1e-79   2.5e-77       1     225 []  132452  132682 ..  132452  132682 .. 0.97
   7 !  282.9  12.7   1.9e-87   6.8e-86       1     225 []  134170  134394 ..  134170  134394 .. 1.00

>> NZ_CP011877.1_frame=-2  Staphylococcus aureus strain 12S01032 chromosome, complete genome
   #    score  bias  c-Evalue  i-Evalue hmmfrom  hmm to    alifrom  ali to    envfrom  env to     acc
 ---   ------ ----- --------- --------- ------- -------    ------- -------    ------- -------    ----
   1 !  244.5  15.5   1.1e-75   3.9e-74       1     225 []  757121  757345 ..  757121  757345 .. 0.96
   2 !   21.7   2.5   1.4e-07     5e-06       1      44 [.  758231  758275 ..  758231  758324 .. 0.70
   3 !  209.7  10.0   4.7e-65   1.7e-63      24     225 .]  758338  758544 ..  758333  758544 .. 0.90
   4 !  258.1  13.0   7.3e-80   2.6e-78       1     225 []  758669  758901 ..  758669  758901 .. 0.96
   5 !  248.0  12.8   9.3e-77   3.3e-75       1     225 []  759398  759628 ..  759398  759628 .. 0.97
   6 !  231.3   9.7   1.1e-71     4e-70       1     225 []  759753  759978 ..  759753  759978 .. 0.96
   7 !  273.2   8.6   1.7e-84   6.2e-83       1     225 []  761111  761336 ..  761111  761336 .. 1.00

>> NZ_LR134284.1_frame=2  Streptococcus pyogenes strain NCTC8232 chromosome 1, complete sequence
   #    score  bias  c-Evalue  i-Evalue hmmfrom  hmm to    alifrom  ali to    envfrom  env to     acc
 ---   ------ ----- --------- --------- ------- -------    ------- -------    ------- -------    ----
   1 !  129.1   5.5     2e-40     7e-39      16     205 ..  339724  339923 ..  339707  339950 .. 0.81
   2 !  131.2   4.5   4.8e-41   1.7e-39      16     209 ..  371185  371388 ..  371180  371410 .. 0.87
   3 !   48.0   5.4   1.2e-15   4.4e-14     130     214 ..  391644  391726 ..  391635  391745 .. 0.80
   4 !  109.6   5.5   1.9e-34   6.6e-33      37     214 ..  576682  576875 ..  576656  576886 .. 0.84

>> NZ_LS483357.1_frame=1  Streptococcus pyogenes strain NCTC8326 chromosome 1, complete sequence
   #    score  bias  c-Evalue  i-Evalue hmmfrom  hmm to    alifrom  ali to    envfrom  env to     acc
 ---   ------ ----- --------- --------- ------- -------    ------- -------    ------- -------    ----
   1 !  144.0   1.1   5.8e-45     2e-43       9     200 ..  219377  219587 ..  219370  219590 .. 0.91
   2 !  130.6  12.5   7.3e-41   2.6e-39       2     208 ..  430298  430505 ..  430297  430528 .. 0.89
   3 !  109.0   6.9   2.8e-34   9.9e-33      37     214 ..  567804  567997 ..  567778  568008 .. 0.84

>> NZ_CP155738.1_frame=3  Streptococcus pyogenes strain 1510/08 chromosome, complete genome
   #    score  bias  c-Evalue  i-Evalue hmmfrom  hmm to    alifrom  ali to    envfrom  env to     acc
 ---   ------ ----- --------- --------- ------- -------    ------- -------    ------- -------    ----
   1 !  129.9  12.4   1.2e-40   4.2e-39       2     208 ..  340844  341051 ..  340843  341074 .. 0.89
   2 !  106.0   6.9   2.4e-33   8.4e-32      38     214 ..  605839  606031 ..  605833  606042 .. 0.85

>> NZ_CP118481.1_frame=2  Streptococcus pyogenes strain 20185322 chromosome, complete genome
   #    score  bias  c-Evalue  i-Evalue hmmfrom  hmm to    alifrom  ali to    envfrom  env to     acc
 ---   ------ ----- --------- --------- ------- -------    ------- -------    ------- -------    ----
   1 ?   -2.2   1.1       2.9     1e+02      17      62 ..  215354  215399 ..  215354  215435 .. 0.80
   2 !   70.3   7.8   1.9e-22   6.6e-21      35     217 ..  258528  258721 ..  258508  258728 .. 0.79
   3 !  127.8   5.9   5.1e-40   1.8e-38      16     205 ..  338258  338457 ..  338241  338484 .. 0.81

>> NZ_CP070994.1_frame=-3  Streptococcus pyogenes strain M11318 chromosome, complete genome
   #    score  bias  c-Evalue  i-Evalue hmmfrom  hmm to    alifrom  ali to    envfrom  env to     acc
 ---   ------ ----- --------- --------- ------- -------    ------- -------    ------- -------    ----
   1 !   77.8  13.2     1e-24   3.6e-23       4     214 ..  483334  483541 ..  483332  483559 .. 0.78
   2 !  104.9   5.7   5.2e-33   1.8e-31      37     214 ..  543312  543505 ..  543286  543516 .. 0.83

>> NZ_CP051138.1_frame=1  Streptococcus pyogenes strain 4063-05 chromosome, complete genome
   #    score  bias  c-Evalue  i-Evalue hmmfrom  hmm to    alifrom  ali to    envfrom  env to     acc
 ---   ------ ----- --------- --------- ------- -------    ------- -------    ------- -------    ----
   1 !   42.8   5.3     5e-14   1.8e-12     130     215 ..  381727  381810 ..  381718  381827 .. 0.83
   2 !  109.0   6.9   2.8e-34   9.9e-33      37     214 ..  567729  567922 ..  567703  567933 .. 0.84

>> NZ_CP051138.1_frame=3  Streptococcus pyogenes strain 4063-05 chromosome, complete genome
   #    score  bias  c-Evalue  i-Evalue hmmfrom  hmm to    alifrom  ali to    envfrom  env to     acc
 ---   ------ ----- --------- --------- ------- -------    ------- -------    ------- -------    ----
   1 !  144.0   1.1   5.7e-45     2e-43       9     200 ..  219307  219517 ..  219300  219520 .. 0.91

>> NZ_AP023389.1_frame=-2  Streptococcus pyogenes strain KUN-0012590 chromosome, complete genome
   #    score  bias  c-Evalue  i-Evalue hmmfrom  hmm to    alifrom  ali to    envfrom  env to     acc
 ---   ------ ----- --------- --------- ------- -------    ------- -------    ------- -------    ----
   1 !  130.6  12.5     7e-41   2.5e-39       2     208 ..  377958  378165 ..  377957  378188 .. 0.89

>> NZ_AP023388.1_frame=-1  Streptococcus pyogenes strain NIH35 chromosome, complete genome
   #    score  bias  c-Evalue  i-Evalue hmmfrom  hmm to    alifrom  ali to    envfrom  env to     acc
 ---   ------ ----- --------- --------- ------- -------    ------- -------    ------- -------    ----
   1 !  130.6  12.5     7e-41   2.5e-39       2     208 ..  335492  335699 ..  335491  335722 .. 0.89

>> NZ_CP051138.1_frame=2  Streptococcus pyogenes strain 4063-05 chromosome, complete genome
   #    score  bias  c-Evalue  i-Evalue hmmfrom  hmm to    alifrom  ali to    envfrom  env to     acc
 ---   ------ ----- --------- --------- ------- -------    ------- -------    ------- -------    ----
   1 !  130.6  12.5   7.3e-41   2.6e-39       2     208 ..  430225  430432 ..  430224  430455 .. 0.89

>> NZ_CP167001.1_frame=3  Streptococcus pyogenes strain Isolate 31 chromosome, complete genome
   #    score  bias  c-Evalue  i-Evalue hmmfrom  hmm to    alifrom  ali to    envfrom  env to     acc
 ---   ------ ----- --------- --------- ------- -------    ------- -------    ------- -------    ----
   1 !  127.9   5.9   4.9e-40   1.7e-38      16     205 ..  336325  336524 ..  336308  336551 .. 0.81

>> NZ_AP023389.1_frame=3  Streptococcus pyogenes strain KUN-0012590 chromosome, complete genome
   #    score  bias  c-Evalue  i-Evalue hmmfrom  hmm to    alifrom  ali to    envfrom  env to     acc
 ---   ------ ----- --------- --------- ------- -------    ------- -------    ------- -------    ----
   1 !   43.6   5.3   2.8e-14     1e-12     130     215 ..  383718  383801 ..  383708  383818 .. 0.83
   2 !  107.5   6.0   8.1e-34   2.9e-32      37     214 ..  558541  558734 ..  558515  558745 .. 0.83

>> NZ_CP155740.1_frame=3  Streptococcus pyogenes strain 1851/03 chromosome, complete genome
   #    score  bias  c-Evalue  i-Evalue hmmfrom  hmm to    alifrom  ali to    envfrom  env to     acc
 ---   ------ ----- --------- --------- ------- -------    ------- -------    ------- -------    ----
   1 !  106.1   6.9   2.3e-33     8e-32      38     214 ..  580040  580232 ..  580034  580243 .. 0.85

>> NZ_CP167001.1_frame=-2  Streptococcus pyogenes strain Isolate 31 chromosome, complete genome
   #    score  bias  c-Evalue  i-Evalue hmmfrom  hmm to    alifrom  ali to    envfrom  env to     acc
 ---   ------ ----- --------- --------- ------- -------    ------- -------    ------- -------    ----
   1 !  104.9   5.7   5.3e-33   1.9e-31      37     214 ..  543313  543506 ..  543287  543517 .. 0.83



Internal pipeline statistics summary:
-------------------------------------
Query model(s):                              1  (225 nodes)
Target sequences:                          564  (304447416 residues searched)
Passed MSV filter:                       154  (0.27305); expected 11.3 (0.02)
Passed bias filter:                      102  (0.180851); expected 11.3 (0.02)
Passed Vit filter:                       102  (0.180851); expected 0.6 (0.001)
Passed Fwd filter:                        19  (0.0336879); expected 0.0 (1e-05)
Initial search space (Z):                564  [actual number of targets]
Domain search space  (domZ):              16  [number of targets reported over threshold]
# CPU time: 41.39u 0.13s 00:00:41.52 Elapsed: 00:01:24.55
# Mc/sec: 810.18

@@ New targets included:   12
@@ New alignment includes: 39 subseqs (was 88), including original query
@@ Continuing to next round.

@@
@@ Round:                  4
@@ Included in MSA:        39 subsequences (query + 38 subseqs from 16 targets)
@@ Model size:             225 positions
@@

Scores for complete sequences (score includes all domains):
   --- full sequence ---   --- best 1 domain ---    -#dom-
    E-value  score  bias    E-value  score  bias    exp  N  Sequence               Description
    ------- ------ -----    ------- ------ -----   ---- --  --------               -----------
   7.8e-173  567.3  63.4    4.1e-53  175.7   5.4    5.5  5  NZ_LR134284.1_frame=2   Streptococcus pyogenes strain NCTC823
   3.2e-163  535.8  40.4    2.7e-59  195.9  15.2    3.4  3  NZ_LS483357.1_frame=1   Streptococcus pyogenes strain NCTC832
   4.4e-110  362.1  30.4    4.3e-59  195.3  15.0    2.5  2  NZ_CP155738.1_frame=3   Streptococcus pyogenes strain 1510/08
      2e-93  307.6  31.4      1e-50  167.9   7.8    2.4  2  NZ_CP070994.1_frame=-3  Streptococcus pyogenes strain M11318 
    1.9e-91  301.1  32.8    6.1e-53  175.2   5.9    3.5  3  NZ_CP118481.1_frame=2   Streptococcus pyogenes strain 2018532
+   4.9e-73  240.9  19.4    4.7e-52  172.3   8.3    2.4  2  NZ_CP118481.1_frame=1   Streptococcus pyogenes strain 2018532
    1.6e-71  236.0  22.6    1.6e-51  170.5   7.9    2.4  2  NZ_AP023389.1_frame=3   Streptococcus pyogenes strain KUN-001
      8e-71  233.7  23.5    3.3e-51  169.5   8.8    2.4  2  NZ_CP051138.1_frame=1   Streptococcus pyogenes strain 4063-05
    1.3e-59  196.9  15.2    2.6e-59  196.0  15.2    1.5  1  NZ_AP023389.1_frame=-2  Streptococcus pyogenes strain KUN-001
    1.4e-59  196.9  15.2    2.6e-59  196.0  15.2    1.4  1  NZ_AP023388.1_frame=-1  Streptococcus pyogenes strain NIH35 c
    2.7e-59  195.9  15.2    2.7e-59  195.9  15.2    2.5  2  NZ_CP051138.1_frame=2   Streptococcus pyogenes strain 4063-05
    3.7e-55  182.4   1.3      7e-55  181.5   1.3    1.4  1  NZ_CP051138.1_frame=3   Streptococcus pyogenes strain 4063-05
      3e-53  176.1   5.9    5.9e-53  175.2   5.9    1.4  1  NZ_CP167001.1_frame=3   Streptococcus pyogenes strain Isolate
+   5.8e-53  175.2   5.9    5.8e-53  175.2   5.9    2.1  2  NZ_CP070994.1_frame=3   Streptococcus pyogenes strain M11318 
    2.2e-52  173.3   7.5    4.7e-52  172.3   7.5    1.5  1  NZ_CP155740.1_frame=3   Streptococcus pyogenes strain 1851/03
    5.2e-51  168.8   7.8      1e-50  167.9   7.8    1.4  1  NZ_CP167001.1_frame=-2  Streptococcus pyogenes strain Isolate
+   5.5e-50  165.5  21.5    7.5e-30   99.6   7.0    2.6  2  NZ_AP023388.1_frame=1   Streptococcus pyogenes strain NIH35 c
+   9.7e-44  145.1  15.6    9.7e-44  145.1  15.6    2.4  2  NZ_CP167001.1_frame=-1  Streptococcus pyogenes strain Isolate
+   3.9e-30  100.6   7.0    7.4e-30   99.7   7.0    1.5  1  NZ_CP070994.1_frame=2   Streptococcus pyogenes strain M11318 
+   4.1e-30  100.5   6.7    7.4e-30   99.7   6.7    1.4  1  NZ_AP023389.1_frame=2   Streptococcus pyogenes strain KUN-001


Domain annotation for each sequence:
>> NZ_LR134284.1_frame=2  Streptococcus pyogenes strain NCTC8232 chromosome 1, complete sequence
   #    score  bias  c-Evalue  i-Evalue hmmfrom  hmm to    alifrom  ali to    envfrom  env to     acc
 ---   ------ ----- --------- --------- ------- -------    ------- -------    ------- -------    ----
   1 ?   -3.3   6.2       8.1   2.3e+02     124     215 ..  124230  124320 ..  124176  124327 .. 0.86
   2 !  175.7   5.4   1.4e-54   4.1e-53      16     223 ..  339724  339948 ..  339710  339950 .. 0.92
   3 !  174.7   5.7     3e-54   8.3e-53      16     223 ..  371185  371409 ..  371175  371411 .. 0.93
   4 !   74.7   6.8   1.1e-23   3.2e-22     128     217 ..  391642  391729 ..  391637  391736 .. 0.91
   5 !  169.6   7.4   1.1e-52     3e-51      37     224 ..  576682  576885 ..  576657  576886 .. 0.92

>> NZ_LS483357.1_frame=1  Streptococcus pyogenes strain NCTC8326 chromosome 1, complete sequence
   #    score  bias  c-Evalue  i-Evalue hmmfrom  hmm to    alifrom  ali to    envfrom  env to     acc
 ---   ------ ----- --------- --------- ------- -------    ------- -------    ------- -------    ----
   1 !  181.5   1.3   2.5e-56     7e-55       6     203 ..  219374  219590 ..  219369  219599 .. 0.94
   2 !  195.9  15.2   9.6e-61   2.7e-59       2     220 ..  430298  430517 ..  430297  430521 .. 0.95
   3 !  169.5   8.8   1.2e-52   3.3e-51      37     224 ..  567804  568007 ..  567779  568008 .. 0.92

>> NZ_CP155738.1_frame=3  Streptococcus pyogenes strain 1510/08 chromosome, complete genome
   #    score  bias  c-Evalue  i-Evalue hmmfrom  hmm to    alifrom  ali to    envfrom  env to     acc
 ---   ------ ----- --------- --------- ------- -------    ------- -------    ------- -------    ----
   1 !  195.3  15.0   1.5e-60   4.3e-59       2     220 ..  340844  341063 ..  340843  341067 .. 0.95
   2 !  172.2   7.5   1.7e-53   4.9e-52      37     224 ..  605838  606041 ..  605822  606042 .. 0.93

>> NZ_CP070994.1_frame=-3  Streptococcus pyogenes strain M11318 chromosome, complete genome
   #    score  bias  c-Evalue  i-Evalue hmmfrom  hmm to    alifrom  ali to    envfrom  env to     acc
 ---   ------ ----- --------- --------- ------- -------    ------- -------    ------- -------    ----
   1 !  145.1  15.6   3.4e-45   9.6e-44       3     217 ..  483333  483544 ..  483332  483551 .. 0.91
   2 !  167.9   7.8   3.6e-52     1e-50      37     224 ..  543312  543515 ..  543287  543516 .. 0.92

>> NZ_CP118481.1_frame=2  Streptococcus pyogenes strain 20185322 chromosome, complete genome
   #    score  bias  c-Evalue  i-Evalue hmmfrom  hmm to    alifrom  ali to    envfrom  env to     acc
 ---   ------ ----- --------- --------- ------- -------    ------- -------    ------- -------    ----
   1 ?   -1.9   1.3         3        84      17      64 ..  215354  215401 ..  215354  215430 .. 0.82
   2 !  137.6  10.3   6.4e-43   1.8e-41      29     217 ..  258524  258721 ..  258505  258728 .. 0.91
   3 !  175.2   5.9   2.2e-54   6.1e-53      16     223 ..  338258  338482 ..  338244  338484 .. 0.92

>> NZ_CP118481.1_frame=1  Streptococcus pyogenes strain 20185322 chromosome, complete genome
   #    score  bias  c-Evalue  i-Evalue hmmfrom  hmm to    alifrom  ali to    envfrom  env to     acc
 ---   ------ ----- --------- --------- ------- -------    ------- -------    ------- -------    ----
   1 !   73.8   3.3   2.2e-23   6.1e-22      42     210 ..  258267  258457 ..  258247  258474 .. 0.83
   2 !  172.3   8.3   1.7e-53   4.7e-52      37     224 ..  568747  568950 ..  568722  568951 .. 0.92

>> NZ_AP023389.1_frame=3  Streptococcus pyogenes strain KUN-0012590 chromosome, complete genome
   #    score  bias  c-Evalue  i-Evalue hmmfrom  hmm to    alifrom  ali to    envfrom  env to     acc
 ---   ------ ----- --------- --------- ------- -------    ------- -------    ------- -------    ----
   1 !   70.8   6.7   1.8e-22     5e-21     128     217 ..  383716  383803 ..  383710  383810 .. 0.90
   2 !  170.5   7.9   5.6e-53   1.6e-51      37     224 ..  558541  558744 ..  558516  558745 .. 0.92

>> NZ_CP051138.1_frame=1  Streptococcus pyogenes strain 4063-05 chromosome, complete genome
   #    score  bias  c-Evalue  i-Evalue hmmfrom  hmm to    alifrom  ali to    envfrom  env to     acc
 ---   ------ ----- --------- --------- ------- -------    ------- -------    ------- -------    ----
   1 !   69.5   6.8   4.4e-22   1.2e-20     128     217 ..  381725  381812 ..  381720  381819 .. 0.90
   2 !  169.5   8.8   1.2e-52   3.3e-51      37     224 ..  567729  567932 ..  567704  567933 .. 0.92

>> NZ_AP023389.1_frame=-2  Streptococcus pyogenes strain KUN-0012590 chromosome, complete genome
   #    score  bias  c-Evalue  i-Evalue hmmfrom  hmm to    alifrom  ali to    envfrom  env to     acc
 ---   ------ ----- --------- --------- ------- -------    ------- -------    ------- -------    ----
   1 !  196.0  15.2   9.2e-61   2.6e-59       2     220 ..  377958  378177 ..  377957  378181 .. 0.95

>> NZ_AP023388.1_frame=-1  Streptococcus pyogenes strain NIH35 chromosome, complete genome
   #    score  bias  c-Evalue  i-Evalue hmmfrom  hmm to    alifrom  ali to    envfrom  env to     acc
 ---   ------ ----- --------- --------- ------- -------    ------- -------    ------- -------    ----
   1 !  196.0  15.2   9.2e-61   2.6e-59       2     220 ..  335492  335711 ..  335491  335715 .. 0.95

>> NZ_CP051138.1_frame=2  Streptococcus pyogenes strain 4063-05 chromosome, complete genome
   #    score  bias  c-Evalue  i-Evalue hmmfrom  hmm to    alifrom  ali to    envfrom  env to     acc
 ---   ------ ----- --------- --------- ------- -------    ------- -------    ------- -------    ----
   1 ?   -2.0   5.3       3.1        87     116     215 ..  118595  118693 ..  118528  118700 .. 0.85
   2 !  195.9  15.2   9.6e-61   2.7e-59       2     220 ..  430225  430444 ..  430224  430448 .. 0.95

>> NZ_CP051138.1_frame=3  Streptococcus pyogenes strain 4063-05 chromosome, complete genome
   #    score  bias  c-Evalue  i-Evalue hmmfrom  hmm to    alifrom  ali to    envfrom  env to     acc
 ---   ------ ----- --------- --------- ------- -------    ------- -------    ------- -------    ----
   1 !  181.5   1.3   2.5e-56     7e-55       6     203 ..  219304  219520 ..  219299  219529 .. 0.94

>> NZ_CP167001.1_frame=3  Streptococcus pyogenes strain Isolate 31 chromosome, complete genome
   #    score  bias  c-Evalue  i-Evalue hmmfrom  hmm to    alifrom  ali to    envfrom  env to     acc
 ---   ------ ----- --------- --------- ------- -------    ------- -------    ------- -------    ----
   1 !  175.2   5.9   2.1e-54   5.9e-53      16     223 ..  336325  336549 ..  336311  336551 .. 0.92

>> NZ_CP070994.1_frame=3  Streptococcus pyogenes strain M11318 chromosome, complete genome
   #    score  bias  c-Evalue  i-Evalue hmmfrom  hmm to    alifrom  ali to    envfrom  env to     acc
 ---   ------ ----- --------- --------- ------- -------    ------- -------    ------- -------    ----
   1 ?   -1.9   1.3       2.9        81      17      64 ..  222189  222236 ..  222189  222265 .. 0.82
   2 !  175.2   5.9   2.1e-54   5.8e-53      16     223 ..  333872  334096 ..  333858  334098 .. 0.92

>> NZ_CP155740.1_frame=3  Streptococcus pyogenes strain 1851/03 chromosome, complete genome
   #    score  bias  c-Evalue  i-Evalue hmmfrom  hmm to    alifrom  ali to    envfrom  env to     acc
 ---   ------ ----- --------- --------- ------- -------    ------- -------    ------- -------    ----
   1 !  172.3   7.5   1.7e-53   4.7e-52      37     224 ..  580039  580242 ..  580023  580243 .. 0.93

>> NZ_CP167001.1_frame=-2  Streptococcus pyogenes strain Isolate 31 chromosome, complete genome
   #    score  bias  c-Evalue  i-Evalue hmmfrom  hmm to    alifrom  ali to    envfrom  env to     acc
 ---   ------ ----- --------- --------- ------- -------    ------- -------    ------- -------    ----
   1 !  167.9   7.8   3.6e-52     1e-50      37     224 ..  543313  543516 ..  543288  543517 .. 0.92

>> NZ_AP023388.1_frame=1  Streptococcus pyogenes strain NIH35 chromosome, complete genome
   #    score  bias  c-Evalue  i-Evalue hmmfrom  hmm to    alifrom  ali to    envfrom  env to     acc
 ---   ------ ----- --------- --------- ------- -------    ------- -------    ------- -------    ----
   1 !   99.6   7.0   2.7e-31   7.5e-30      15     219 ..   65240   65460 ..   65236   65466 .. 0.76
   2 !   71.0   6.5   1.5e-22   4.3e-21     128     217 ..  388187  388274 ..  388182  388281 .. 0.90

>> NZ_CP167001.1_frame=-1  Streptococcus pyogenes strain Isolate 31 chromosome, complete genome
   #    score  bias  c-Evalue  i-Evalue hmmfrom  hmm to    alifrom  ali to    envfrom  env to     acc
 ---   ------ ----- --------- --------- ------- -------    ------- -------    ------- -------    ----
   1 ?   -2.8   5.7       5.7   1.6e+02     125     215 ..  108332  108421 ..  108288  108428 .. 0.86
   2 !  145.1  15.6   3.4e-45   9.7e-44       3     217 ..  483342  483553 ..  483341  483560 .. 0.91

>> NZ_CP070994.1_frame=2  Streptococcus pyogenes strain M11318 chromosome, complete genome
   #    score  bias  c-Evalue  i-Evalue hmmfrom  hmm to    alifrom  ali to    envfrom  env to     acc
 ---   ------ ----- --------- --------- ------- -------    ------- -------    ------- -------    ----
   1 !   99.7   7.0   2.6e-31   7.4e-30      15     219 ..   61649   61869 ..   61645   61875 .. 0.76

>> NZ_AP023389.1_frame=2  Streptococcus pyogenes strain KUN-0012590 chromosome, complete genome
   #    score  bias  c-Evalue  i-Evalue hmmfrom  hmm to    alifrom  ali to    envfrom  env to     acc
 ---   ------ ----- --------- --------- ------- -------    ------- -------    ------- -------    ----
   1 !   99.7   6.7   2.6e-31   7.4e-30      15     219 ..   65319   65539 ..   65315   65545 .. 0.76



Internal pipeline statistics summary:
-------------------------------------
Query model(s):                              1  (225 nodes)
Target sequences:                          564  (304447416 residues searched)
Passed MSV filter:                       143  (0.253546); expected 11.3 (0.02)
Passed bias filter:                      101  (0.179078); expected 11.3 (0.02)
Passed Vit filter:                       101  (0.179078); expected 0.6 (0.001)
Passed Fwd filter:                        23  (0.0407801); expected 0.0 (1e-05)
Initial search space (Z):                564  [actual number of targets]
Domain search space  (domZ):              20  [number of targets reported over threshold]
# CPU time: 41.85u 0.13s 00:00:41.98 Elapsed: 00:01:24.81
# Mc/sec: 807.70

@@ New targets included:   6
@@ New alignment includes: 33 subseqs (was 39), including original query
@@ Continuing to next round.

@@
@@ Round:                  5
@@ Included in MSA:        33 subsequences (query + 32 subseqs from 20 targets)
@@ Model size:             225 positions
@@

Scores for complete sequences (score includes all domains):
   --- full sequence ---   --- best 1 domain ---    -#dom-
    E-value  score  bias    E-value  score  bias    exp  N  Sequence               Description
    ------- ------ -----    ------- ------ -----   ---- --  --------               -----------
   2.7e-216  709.3  65.7    8.4e-68  223.6   8.3    5.0  4  NZ_LR134284.1_frame=2   Streptococcus pyogenes strain NCTC823
   3.3e-196  643.6  49.8    3.4e-72  238.0  17.5    3.3  3  NZ_LS483357.1_frame=1   Streptococcus pyogenes strain NCTC832
   2.9e-127  418.1  51.2    7.1e-72  237.0  17.3    2.7  2  NZ_CP155738.1_frame=3   Streptococcus pyogenes strain 1510/08
   1.3e-120  396.4  36.9    3.2e-61  202.1  18.9    2.5  2  NZ_CP070994.1_frame=-3  Streptococcus pyogenes strain M11318 
   8.6e-112  367.5  24.7    1.7e-61  203.0  10.7    2.4  2  NZ_CP118481.1_frame=1   Streptococcus pyogenes strain 2018532
     1e-111  367.3  39.5    1.9e-67  222.5   9.0    3.4  3  NZ_CP118481.1_frame=2   Streptococcus pyogenes strain 2018532
    3.4e-90  296.9  24.5    4.6e-63  208.1  10.0    2.5  2  NZ_AP023388.1_frame=1   Streptococcus pyogenes strain NIH35 c
    3.6e-88  290.3  25.0    4.4e-61  201.7  10.3    2.4  2  NZ_AP023389.1_frame=3   Streptococcus pyogenes strain KUN-001
    3.2e-87  287.2  26.0    9.4e-61  200.6  11.1    2.4  2  NZ_CP051138.1_frame=1   Streptococcus pyogenes strain 4063-05
    1.7e-72  239.0  17.5    3.2e-72  238.1  17.5    1.5  1  NZ_AP023389.1_frame=-2  Streptococcus pyogenes strain KUN-001
    1.9e-72  238.9  17.5    3.2e-72  238.1  17.5    1.4  1  NZ_AP023388.1_frame=-1  Streptococcus pyogenes strain NIH35 c
    3.4e-72  238.0  17.5    3.4e-72  238.0  17.5    1.7  1  NZ_CP051138.1_frame=2   Streptococcus pyogenes strain 4063-05
+   4.8e-69  227.7  20.0    9.8e-51  167.8   6.6    2.4  2  NZ_CP134538.1_frame=-2  Streptococcus equi subsp. equi strain
    9.1e-68  223.5   9.0    1.9e-67  222.5   9.0    1.5  1  NZ_CP070994.1_frame=3   Streptococcus pyogenes strain M11318 
      1e-67  223.3   9.0    1.9e-67  222.5   9.0    1.4  1  NZ_CP167001.1_frame=3   Streptococcus pyogenes strain Isolate
    4.8e-66  217.9   5.3    8.6e-66  217.1   5.3    1.4  1  NZ_CP051138.1_frame=3   Streptococcus pyogenes strain 4063-05
+   7.1e-64  210.8  35.7    2.2e-47  156.8  12.3    2.5  2  NZ_CP134538.1_frame=-3  Streptococcus equi subsp. equi strain
    2.6e-63  208.9  10.0    4.6e-63  208.1  10.0    1.4  1  NZ_CP070994.1_frame=2   Streptococcus pyogenes strain M11318 
+   2.7e-63  208.9  10.0    4.6e-63  208.1  10.0    1.4  1  NZ_CP167001.1_frame=1   Streptococcus pyogenes strain Isolate
    3.2e-63  208.7   9.7    5.8e-63  207.8   9.7    1.4  1  NZ_AP023389.1_frame=2   Streptococcus pyogenes strain KUN-001
+     8e-63  207.4  10.4    1.5e-62  206.4  10.4    1.5  1  NZ_CP035450.1_frame=2   Streptococcus pyogenes strain emm93.4
+   9.9e-63  207.0  10.4    1.7e-62  206.3  10.4    1.4  1  NZ_CP118481.1_frame=3   Streptococcus pyogenes strain 2018532
+   2.1e-62  206.0  11.6      4e-62  205.1  11.6    1.5  1  NZ_CP119597.1_frame=-3  Streptococcus pyogenes strain 1039 ch
+   5.6e-62  204.6  10.3    1.1e-61  203.6  10.3    1.4  1  NZ_CP035450.1_frame=1   Streptococcus pyogenes strain emm93.4
    1.4e-61  203.3   9.8    2.7e-61  202.4   9.8    1.4  1  NZ_CP155740.1_frame=3   Streptococcus pyogenes strain 1851/03
    3.2e-61  202.1  18.9    3.2e-61  202.1  18.9    1.8  1  NZ_CP167001.1_frame=-1  Streptococcus pyogenes strain Isolate
      1e-60  200.4  10.0    1.9e-60  199.6  10.0    1.4  1  NZ_CP167001.1_frame=-2  Streptococcus pyogenes strain Isolate


Domain annotation for each sequence:
>> NZ_LR134284.1_frame=2  Streptococcus pyogenes strain NCTC8232 chromosome 1, complete sequence
   #    score  bias  c-Evalue  i-Evalue hmmfrom  hmm to    alifrom  ali to    envfrom  env to     acc
 ---   ------ ----- --------- --------- ------- -------    ------- -------    ------- -------    ----
   1 !  223.6   8.3     4e-69   8.4e-68       5     223 ..  339712  339948 ..  339708  339950 .. 0.93
   2 !  212.3   8.1   1.2e-65   2.4e-64      13     223 ..  371182  371409 ..  371173  371411 .. 0.94
   3 !   97.8   7.3   1.2e-30   2.4e-29     127     220 ..  391641  391732 ..  391633  391736 .. 0.94
   4 !  201.1   9.8   3.2e-62   6.6e-61      36     224 ..  576681  576885 ..  576655  576886 .. 0.91

>> NZ_LS483357.1_frame=1  Streptococcus pyogenes strain NCTC8326 chromosome 1, complete sequence
   #    score  bias  c-Evalue  i-Evalue hmmfrom  hmm to    alifrom  ali to    envfrom  env to     acc
 ---   ------ ----- --------- --------- ------- -------    ------- -------    ------- -------    ----
   1 !  217.1   5.3   4.1e-67   8.6e-66       6     210 ..  219374  219607 ..  219369  219621 .. 0.90
   2 !  238.0  17.5   1.6e-73   3.4e-72       2     221 ..  430298  430518 ..  430297  430521 .. 0.97
   3 !  200.6  11.1   4.5e-62   9.4e-61      36     224 ..  567803  568007 ..  567777  568008 .. 0.91

>> NZ_CP155738.1_frame=3  Streptococcus pyogenes strain 1510/08 chromosome, complete genome
   #    score  bias  c-Evalue  i-Evalue hmmfrom  hmm to    alifrom  ali to    envfrom  env to     acc
 ---   ------ ----- --------- --------- ------- -------    ------- -------    ------- -------    ----
   1 !  237.0  17.3   3.4e-73   7.1e-72       2     221 ..  340844  341064 ..  340843  341067 .. 0.97
   2 !  202.3   9.8   1.3e-62   2.8e-61      36     224 ..  605837  606041 ..  605817  606042 .. 0.95

>> NZ_CP070994.1_frame=-3  Streptococcus pyogenes strain M11318 chromosome, complete genome
   #    score  bias  c-Evalue  i-Evalue hmmfrom  hmm to    alifrom  ali to    envfrom  env to     acc
 ---   ------ ----- --------- --------- ------- -------    ------- -------    ------- -------    ----
   1 !  202.1  18.9   1.5e-62   3.2e-61       3     220 ..  483333  483547 ..  483332  483551 .. 0.93
   2 !  199.6  10.0     9e-62   1.9e-60      36     224 ..  543311  543515 ..  543285  543516 .. 0.91

>> NZ_CP118481.1_frame=1  Streptococcus pyogenes strain 20185322 chromosome, complete genome
   #    score  bias  c-Evalue  i-Evalue hmmfrom  hmm to    alifrom  ali to    envfrom  env to     acc
 ---   ------ ----- --------- --------- ------- -------    ------- -------    ------- -------    ----
   1 !  170.0   6.1     1e-52   2.1e-51      16     220 ..  258238  258466 ..  258226  258477 .. 0.88
   2 !  203.0  10.7   8.1e-63   1.7e-61      36     224 ..  568746  568950 ..  568720  568951 .. 0.91

>> NZ_CP118481.1_frame=2  Streptococcus pyogenes strain 20185322 chromosome, complete genome
   #    score  bias  c-Evalue  i-Evalue hmmfrom  hmm to    alifrom  ali to    envfrom  env to     acc
 ---   ------ ----- --------- --------- ------- -------    ------- -------    ------- -------    ----
   1 !  157.8  12.9   5.5e-49   1.2e-47      18     223 ..  258511  258726 ..  258501  258728 .. 0.89
   2 ?   -2.2   2.1       4.6        96      75     155 ..  304170  304257 ..  304147  304258 .. 0.75
   3 !  222.5   9.0   9.3e-69   1.9e-67       5     223 ..  338246  338482 ..  338242  338484 .. 0.93

>> NZ_AP023388.1_frame=1  Streptococcus pyogenes strain NIH35 chromosome, complete genome
   #    score  bias  c-Evalue  i-Evalue hmmfrom  hmm to    alifrom  ali to    envfrom  env to     acc
 ---   ------ ----- --------- --------- ------- -------    ------- -------    ------- -------    ----
   1 !  208.1  10.0   2.2e-64   4.6e-63      14     223 ..   65239   65464 ..   65236   65466 .. 0.96
   2 !   94.2   6.5   1.6e-29   3.2e-28     127     220 ..  388186  388277 ..  388179  388281 .. 0.94

>> NZ_AP023389.1_frame=3  Streptococcus pyogenes strain KUN-0012590 chromosome, complete genome
   #    score  bias  c-Evalue  i-Evalue hmmfrom  hmm to    alifrom  ali to    envfrom  env to     acc
 ---   ------ ----- --------- --------- ------- -------    ------- -------    ------- -------    ----
   1 !   94.0   6.8   1.8e-29   3.7e-28     126     220 ..  383714  383806 ..  383706  383810 .. 0.94
   2 !  201.7  10.3   2.1e-62   4.4e-61      36     224 ..  558540  558744 ..  558514  558745 .. 0.91

>> NZ_CP051138.1_frame=1  Streptococcus pyogenes strain 4063-05 chromosome, complete genome
   #    score  bias  c-Evalue  i-Evalue hmmfrom  hmm to    alifrom  ali to    envfrom  env to     acc
 ---   ------ ----- --------- --------- ------- -------    ------- -------    ------- -------    ----
   1 !   92.0   7.0   7.2e-29   1.5e-27     127     220 ..  381724  381815 ..  381716  381819 .. 0.94
   2 !  200.6  11.1   4.5e-62   9.4e-61      36     224 ..  567728  567932 ..  567702  567933 .. 0.91

>> NZ_AP023389.1_frame=-2  Streptococcus pyogenes strain KUN-0012590 chromosome, complete genome
   #    score  bias  c-Evalue  i-Evalue hmmfrom  hmm to    alifrom  ali to    envfrom  env to     acc
 ---   ------ ----- --------- --------- ------- -------    ------- -------    ------- -------    ----
   1 !  238.1  17.5   1.6e-73   3.2e-72       2     221 ..  377958  378178 ..  377957  378181 .. 0.97

>> NZ_AP023388.1_frame=-1  Streptococcus pyogenes strain NIH35 chromosome, complete genome
   #    score  bias  c-Evalue  i-Evalue hmmfrom  hmm to    alifrom  ali to    envfrom  env to     acc
 ---   ------ ----- --------- --------- ------- -------    ------- -------    ------- -------    ----
   1 !  238.1  17.5   1.5e-73   3.2e-72       2     221 ..  335492  335712 ..  335491  335715 .. 0.97

>> NZ_CP051138.1_frame=2  Streptococcus pyogenes strain 4063-05 chromosome, complete genome
   #    score  bias  c-Evalue  i-Evalue hmmfrom  hmm to    alifrom  ali to    envfrom  env to     acc
 ---   ------ ----- --------- --------- ------- -------    ------- -------    ------- -------    ----
   1 !  238.0  17.5   1.6e-73   3.4e-72       2     221 ..  430225  430445 ..  430224  430448 .. 0.97

>> NZ_CP134538.1_frame=-2  Streptococcus equi subsp. equi strain XJ5012 chromosome, complete genome
   #    score  bias  c-Evalue  i-Evalue hmmfrom  hmm to    alifrom  ali to    envfrom  env to     acc
 ---   ------ ----- --------- --------- ------- -------    ------- -------    ------- -------    ----
   1 !  167.8   6.6   4.7e-52   9.8e-51      16     220 ..   61525   61753 ..   61513   61764 .. 0.87
   2 !   65.4   5.5   9.7e-21     2e-19      15     223 ..  168899  169121 ..  168881  169123 .. 0.76

>> NZ_CP070994.1_frame=3  Streptococcus pyogenes strain M11318 chromosome, complete genome
   #    score  bias  c-Evalue  i-Evalue hmmfrom  hmm to    alifrom  ali to    envfrom  env to     acc
 ---   ------ ----- --------- --------- ------- -------    ------- -------    ------- -------    ----
   1 !  222.5   9.0   8.9e-69   1.9e-67       5     223 ..  333860  334096 ..  333856  334098 .. 0.93

>> NZ_CP167001.1_frame=3  Streptococcus pyogenes strain Isolate 31 chromosome, complete genome
   #    score  bias  c-Evalue  i-Evalue hmmfrom  hmm to    alifrom  ali to    envfrom  env to     acc
 ---   ------ ----- --------- --------- ------- -------    ------- -------    ------- -------    ----
   1 !  222.5   9.0     9e-69   1.9e-67       5     223 ..  336313  336549 ..  336309  336551 .. 0.93

>> NZ_CP051138.1_frame=3  Streptococcus pyogenes strain 4063-05 chromosome, complete genome
   #    score  bias  c-Evalue  i-Evalue hmmfrom  hmm to    alifrom  ali to    envfrom  env to     acc
 ---   ------ ----- --------- --------- ------- -------    ------- -------    ------- -------    ----
   1 !  217.1   5.3   4.1e-67   8.6e-66       6     210 ..  219304  219537 ..  219299  219551 .. 0.90

>> NZ_CP134538.1_frame=-3  Streptococcus equi subsp. equi strain XJ5012 chromosome, complete genome
   #    score  bias  c-Evalue  i-Evalue hmmfrom  hmm to    alifrom  ali to    envfrom  env to     acc
 ---   ------ ----- --------- --------- ------- -------    ------- -------    ------- -------    ----
   1 !  156.8  12.3   1.1e-48   2.2e-47      18     223 ..   61798   62013 ..   61788   62015 .. 0.89
   2 !   59.2  15.4   7.4e-19   1.6e-17      38     223 ..  168569  168768 ..  168546  168770 .. 0.79

>> NZ_CP070994.1_frame=2  Streptococcus pyogenes strain M11318 chromosome, complete genome
   #    score  bias  c-Evalue  i-Evalue hmmfrom  hmm to    alifrom  ali to    envfrom  env to     acc
 ---   ------ ----- --------- --------- ------- -------    ------- -------    ------- -------    ----
   1 !  208.1  10.0   2.2e-64   4.6e-63      14     223 ..   61648   61873 ..   61645   61875 .. 0.96

>> NZ_CP167001.1_frame=1  Streptococcus pyogenes strain Isolate 31 chromosome, complete genome
   #    score  bias  c-Evalue  i-Evalue hmmfrom  hmm to    alifrom  ali to    envfrom  env to     acc
 ---   ------ ----- --------- --------- ------- -------    ------- -------    ------- -------    ----
   1 !  208.1  10.0   2.2e-64   4.6e-63      14     223 ..   63650   63875 ..   63647   63877 .. 0.96

>> NZ_AP023389.1_frame=2  Streptococcus pyogenes strain KUN-0012590 chromosome, complete genome
   #    score  bias  c-Evalue  i-Evalue hmmfrom  hmm to    alifrom  ali to    envfrom  env to     acc
 ---   ------ ----- --------- --------- ------- -------    ------- -------    ------- -------    ----
   1 !  207.8   9.7   2.8e-64   5.8e-63      14     223 ..   65318   65543 ..   65315   65545 .. 0.96

>> NZ_CP035450.1_frame=2  Streptococcus pyogenes strain emm93.4 chromosome, complete genome
   #    score  bias  c-Evalue  i-Evalue hmmfrom  hmm to    alifrom  ali to    envfrom  env to     acc
 ---   ------ ----- --------- --------- ------- -------    ------- -------    ------- -------    ----
   1 !  206.4  10.4   7.4e-64   1.5e-62      14     223 ..   60751   60976 ..   60748   60978 .. 0.96

>> NZ_CP118481.1_frame=3  Streptococcus pyogenes strain 20185322 chromosome, complete genome
   #    score  bias  c-Evalue  i-Evalue hmmfrom  hmm to    alifrom  ali to    envfrom  env to     acc
 ---   ------ ----- --------- --------- ------- -------    ------- -------    ------- -------    ----
   1 !  206.3  10.4   8.1e-64   1.7e-62      14     223 ..   65911   66136 ..   65908   66138 .. 0.96

>> NZ_CP119597.1_frame=-3  Streptococcus pyogenes strain 1039 chromosome, complete genome
   #    score  bias  c-Evalue  i-Evalue hmmfrom  hmm to    alifrom  ali to    envfrom  env to     acc
 ---   ------ ----- --------- --------- ------- -------    ------- -------    ------- -------    ----
   1 !  205.1  11.6   1.9e-63     4e-62      14     223 ..  150888  151113 ..  150885  151115 .. 0.96

>> NZ_CP035450.1_frame=1  Streptococcus pyogenes strain emm93.4 chromosome, complete genome
   #    score  bias  c-Evalue  i-Evalue hmmfrom  hmm to    alifrom  ali to    envfrom  env to     acc
 ---   ------ ----- --------- --------- ------- -------    ------- -------    ------- -------    ----
   1 !  203.6  10.3   5.3e-63   1.1e-61       8     224 ..  506769  506996 ..  506765  506997 .. 0.92

>> NZ_CP155740.1_frame=3  Streptococcus pyogenes strain 1851/03 chromosome, complete genome
   #    score  bias  c-Evalue  i-Evalue hmmfrom  hmm to    alifrom  ali to    envfrom  env to     acc
 ---   ------ ----- --------- --------- ------- -------    ------- -------    ------- -------    ----
   1 !  202.4   9.8   1.3e-62   2.7e-61      36     224 ..  580038  580242 ..  580018  580243 .. 0.95

>> NZ_CP167001.1_frame=-1  Streptococcus pyogenes strain Isolate 31 chromosome, complete genome
   #    score  bias  c-Evalue  i-Evalue hmmfrom  hmm to    alifrom  ali to    envfrom  env to     acc
 ---   ------ ----- --------- --------- ------- -------    ------- -------    ------- -------    ----
   1 !  202.1  18.9   1.5e-62   3.2e-61       3     220 ..  483342  483556 ..  483341  483560 .. 0.93

>> NZ_CP167001.1_frame=-2  Streptococcus pyogenes strain Isolate 31 chromosome, complete genome
   #    score  bias  c-Evalue  i-Evalue hmmfrom  hmm to    alifrom  ali to    envfrom  env to     acc
 ---   ------ ----- --------- --------- ------- -------    ------- -------    ------- -------    ----
   1 !  199.6  10.0   9.1e-62   1.9e-60      36     224 ..  543312  543516 ..  543286  543517 .. 0.91



Internal pipeline statistics summary:
-------------------------------------
Query model(s):                              1  (225 nodes)
Target sequences:                          564  (304447416 residues searched)
Passed MSV filter:                       137  (0.242908); expected 11.3 (0.02)
Passed bias filter:                      103  (0.182624); expected 11.3 (0.02)
Passed Vit filter:                       103  (0.182624); expected 0.6 (0.001)
Passed Fwd filter:                        29  (0.0514184); expected 0.0 (1e-05)
Initial search space (Z):                564  [actual number of targets]
Domain search space  (domZ):              27  [number of targets reported over threshold]
# CPU time: 43.89u 0.13s 00:00:44.02 Elapsed: 00:01:29.91
# Mc/sec: 761.88

@@ New targets included:   7
@@ New alignment includes: 42 subseqs (was 33), including original query
# Alignment of 42 hits satisfying inclusion thresholds saved to: jackhmmer_results/SSL11.jackhmmer.sto
//
[ok]
