# jackhmmer :: iteratively search a protein sequence against a protein database
# HMMER 3.1b2 (February 2015); http://hmmer.org/
# Copyright (C) 2015 Howard Hughes Medical Institute.
# Freely distributed under the GNU General Public License (GPLv3).
# - - - - - - - - - - - - - - - - - - - - - - - - - - - - - - - - - - - -
# query sequence file:             data/ssl/SSL11.fasta
# target sequence database:        data/ssl/genomes_6frame_proteins.fasta
# output directed to file:         data/ssl/jackhmmer_results/SSL11.jackhmmer.out
# MSA of hits saved to file:       data/ssl/jackhmmer_results/SSL11.jackhmmer.sto
# per-seq hits tabular output:     data/ssl/jackhmmer_results/SSL11.jackhmmer.tblout
# per-dom hits tabular output:     data/ssl/jackhmmer_results/SSL11.jackhmmer.domtblout
# show alignments in output:       no
# number of worker threads:        4
# - - - - - - - - - - - - - - - - - - - - - - - - - - - - - - - - - - - -

Query:       Q2G0X4|SSL11  [L=225]

Scores for complete sequences (score includes all domains):
   --- full sequence ---   --- best 1 domain ---    -#dom-
    E-value  score  bias    E-value  score  bias    exp  N  Sequence               Description
    ------- ------ -----    ------- ------ -----   ---- --  --------               -----------
+         0 1092.6  85.7   3.7e-141  462.8  10.2    7.4  7  NC_007795.1_frame=1     Staphylococcus aureus subsp. aureus N
+    5e-284  929.2  76.9      3e-90  296.6   7.8    7.4  7  NZ_CP011877.1_frame=-2  Staphylococcus aureus strain 12S01032
+  4.4e-256  838.0  74.6    2.5e-63  208.7   0.9    7.6  7  NZ_CP029678.1_frame=1   Staphylococcus aureus strain AR_0216 
+  4.9e-256  837.9  74.6    2.3e-63  208.8   0.9    7.3  7  NZ_CP136528.1_frame=1   Staphylococcus aureus strain BAA-1556
+    5e-256  837.8  74.6    2.3e-63  208.8   0.9    7.3  7  NZ_CP113052.1_frame=2   Staphylococcus aureus strain Fizz chr
+  1.4e-247  810.2  70.4    1.9e-97  320.1  10.0    6.4  6  NZ_CP132371.1_frame=1   Staphylococcus aureus strain UNC_SA38
+  1.3e-244  800.6  82.5    1.3e-78  258.6   8.7    8.2  8  NC_002953.3_frame=3     Staphylococcus aureus subsp. aureus M
+  1.7e-243  796.9  67.8      2e-97  320.0  10.0    5.8  6  NC_002745.2_frame=3     Staphylococcus aureus subsp. aureus N
+  5.4e-213  697.3  63.7    8.6e-93  304.9  11.9    6.3  6  NC_017763.1_frame=3     Staphylococcus aureus subsp. aureus H
+  7.3e-213  696.9  78.1    1.4e-95  314.0  11.9    7.4  7  NZ_LR134090.1_frame=1   Staphylococcus aureus strain NCTC9555
+  1.9e-196  643.3  63.1      4e-75  247.2  10.1    6.5  6  NC_017338.2_frame=3     Staphylococcus aureus subsp. aureus J
+  4.4e-194  635.6  59.2      3e-52  172.5   4.3    6.1  6  NC_002952.2_frame=1     Staphylococcus aureus subsp. aureus M
+  1.9e-191  627.0  83.0    1.1e-49  164.1   3.2    8.3  8  NC_002745.2_frame=2     Staphylococcus aureus subsp. aureus N
+  1.4e-189  620.9  70.4      1e-49  164.2   3.2    7.4  7  NZ_CP132371.1_frame=3   Staphylococcus aureus strain UNC_SA38
+  8.4e-188  615.1  81.0    7.5e-51  167.9   4.2    8.5  8  NZ_LR134090.1_frame=2   Staphylococcus aureus strain NCTC9555
+  6.1e-181  592.7  69.7    1.2e-47  157.5   6.7    6.3  6  NC_017338.2_frame=2     Staphylococcus aureus subsp. aureus J
+  2.1e-143  470.2  37.8    9.2e-67  219.9   7.3    3.7  3  NZ_CP113052.1_frame=3   Staphylococcus aureus strain Fizz chr
+  2.7e-143  469.8  37.8    9.2e-67  219.9   7.3    3.5  3  NZ_CP136528.1_frame=2   Staphylococcus aureus strain BAA-1556
+  3.1e-143  469.6  37.8    9.8e-67  219.8   7.3    3.4  3  NZ_CP029678.1_frame=2   Staphylococcus aureus strain AR_0216 
+  1.7e-113  372.5  29.6    3.4e-45  149.5   2.4    3.6  3  NC_017763.1_frame=1     Staphylococcus aureus subsp. aureus H
+  3.3e-111  365.0  46.3    1.3e-37  124.8   3.8    5.5  5  NC_002953.3_frame=2     Staphylococcus aureus subsp. aureus M
+  3.3e-108  355.2  44.5    9.1e-38  125.2   3.6    5.4  5  NC_007795.1_frame=3     Staphylococcus aureus subsp. aureus N
+  1.5e-107  353.0  36.5    6.1e-41  135.6   5.2    4.6  4  NC_002953.3_frame=1     Staphylococcus aureus subsp. aureus M
+  2.7e-107  352.2  37.1    7.2e-38  125.6   4.5    4.5  4  NC_002952.2_frame=3     Staphylococcus aureus subsp. aureus M
+  9.3e-103  337.4  44.3    1.7e-34  114.6   4.6    5.5  5  NZ_CP136528.1_frame=3   Staphylococcus aureus strain BAA-1556
+  1.2e-102  337.1  44.3    1.7e-34  114.6   4.6    5.3  5  NZ_CP113052.1_frame=1   Staphylococcus aureus strain Fizz chr
+  1.3e-102  337.0  44.3    1.8e-34  114.5   4.6    5.4  5  NZ_CP029678.1_frame=3   Staphylococcus aureus strain AR_0216 
+   1.6e-85  281.1  28.8    1.4e-47  157.2   4.0    4.4  4  NZ_LR134090.1_frame=3   Staphylococcus aureus strain NCTC9555
+   1.2e-79  262.0   7.4    2.9e-79  260.7   7.4    1.7  1  NC_002952.2_frame=2     Staphylococcus aureus subsp. aureus M
+   6.1e-78  256.4  22.5    4.3e-40  132.8   8.2    2.5  2  NC_007795.1_frame=2     Staphylococcus aureus subsp. aureus N
+   1.8e-77  254.9  36.9    5.5e-39  129.2   6.9    4.5  4  NC_017338.2_frame=1     Staphylococcus aureus subsp. aureus J
+   7.1e-76  249.7  30.2      5e-39  129.3   5.0    4.6  4  NZ_CP011877.1_frame=-1  Staphylococcus aureus strain 12S01032
+     2e-34  114.3   3.2    3.4e-34  113.6   3.2    1.4  1  NC_017763.1_frame=2     Staphylococcus aureus subsp. aureus H
+   9.6e-34  112.1   2.8    1.9e-33  111.1   2.8    1.5  1  NZ_CP011877.1_frame=-3  Staphylococcus aureus strain 12S01032
+   5.2e-07   24.8   8.7    0.00064   14.7   0.1    2.3  2  NZ_LR134090.1_frame=-3  Staphylococcus aureus strain NCTC9555
+   5.8e-07   24.7  14.2    2.4e-06   22.6   4.2    3.3  3  NZ_CP132371.1_frame=-2  Staphylococcus aureus strain UNC_SA38
+    0.0007   14.6   0.3     0.0013   13.7   0.3    1.3  1  NZ_CP035450.1_frame=2   Streptococcus pyogenes strain emm93.4


Domain annotation for each sequence:
>> NC_007795.1_frame=1  Staphylococcus aureus subsp. aureus NCTC 8325 chromosome, complete genome
   #    score  bias  c-Evalue  i-Evalue hmmfrom  hmm to    alifrom  ali to    envfrom  env to     acc
 ---   ------ ----- --------- --------- ------- -------    ------- -------    ------- -------    ----
   1 !  147.7   5.9   8.7e-46   1.2e-44       1     223 [.  129432  129654 ..  129432  129656 .. 0.94
   2 !  114.0   4.9   1.9e-35   2.5e-34       1     224 [.  129754  129980 ..  129754  129981 .. 0.88
   3 !   12.3   2.2   0.00026    0.0035       1      35 [.  130561  130595 ..  130561  130607 .. 0.87
   4 !  118.9   6.2   5.7e-37   7.7e-36      34     225 .]  130675  130867 ..  130654  130867 .. 0.85
   5 !  162.0   3.7   3.7e-50     5e-49       1     225 []  130991  131223 ..  130991  131223 .. 0.89
   6 !  112.0   5.1   7.9e-35   1.1e-33       1     225 []  132452  132682 ..  132452  132682 .. 0.90
   7 !  462.8  10.2  2.7e-142  3.7e-141       1     225 []  134170  134394 ..  134170  134394 .. 1.00

>> NZ_CP011877.1_frame=-2  Staphylococcus aureus strain 12S01032 chromosome, complete genome
   #    score  bias  c-Evalue  i-Evalue hmmfrom  hmm to    alifrom  ali to    envfrom  env to     acc
 ---   ------ ----- --------- --------- ------- -------    ------- -------    ------- -------    ----
   1 !  151.9   6.7   4.5e-47   6.1e-46       1     223 [.  757121  757343 ..  757121  757345 .. 0.94
   2 ?    5.0   0.7     0.047      0.63       1      33 [.  758231  758263 ..  758231  758293 .. 0.79
   3 !  116.3   3.0   3.6e-36   4.8e-35      25     225 .]  758339  758544 ..  758331  758544 .. 0.83
   4 !  171.3   3.9   5.1e-53   6.9e-52       1     225 []  758669  758901 ..  758669  758901 .. 0.88
   5 !  104.9   5.4   1.2e-32   1.6e-31       1     225 []  759398  759628 ..  759398  759628 .. 0.91
   6 !  119.5   3.3   3.8e-37   5.1e-36       1     225 []  759753  759978 ..  759753  759978 .. 0.88
   7 !  296.6   7.8   2.2e-91     3e-90       1     225 []  761111  761336 ..  761111  761336 .. 0.99

>> NZ_CP029678.1_frame=1  Staphylococcus aureus strain AR_0216 chromosome, complete genome
   #    score  bias  c-Evalue  i-Evalue hmmfrom  hmm to    alifrom  ali to    envfrom  env to     acc
 ---   ------ ----- --------- --------- ------- -------    ------- -------    ------- -------    ----
   1 !  147.7   5.9   8.9e-46   1.2e-44       1     223 [.  148323  148545 ..  148323  148547 .. 0.94
   2 !  113.9   4.9   1.9e-35   2.6e-34       1     224 [.  148645  148871 ..  148645  148872 .. 0.88
   3 !   10.4   1.8   0.00098     0.013       1      33 [.  149448  149480 ..  149448  149494 .. 0.86
   4 !  118.9   6.2   5.8e-37   7.9e-36      34     225 .]  149562  149754 ..  149541  149754 .. 0.85
   5 !  162.0   3.7   3.8e-50   5.1e-49       1     225 []  149878  150110 ..  149878  150110 .. 0.89
   6 !  111.9   5.1   8.1e-35   1.1e-33       1     225 []  151339  151569 ..  151339  151569 .. 0.90
   7 !  208.7   0.9   1.8e-64   2.5e-63       1     108 [.  153057  153164 ..  153057  153166 .. 0.99

>> NZ_CP136528.1_frame=1  Staphylococcus aureus strain BAA-1556_Catania chromosome, complete genome
   #    score  bias  c-Evalue  i-Evalue hmmfrom  hmm to    alifrom  ali to    envfrom  env to     acc
 ---   ------ ----- --------- --------- ------- -------    ------- -------    ------- -------    ----
   1 !  147.8   5.9   8.4e-46   1.1e-44       1     223 [.  148906  149128 ..  148906  149130 .. 0.94
   2 !  114.0   4.9   1.8e-35   2.5e-34       1     224 [.  149228  149454 ..  149228  149455 .. 0.88
   3 !   10.5   1.8   0.00092     0.012       1      33 [.  150031  150063 ..  150031  150077 .. 0.86
   4 !  119.0   6.2   5.5e-37   7.4e-36      34     225 .]  150145  150337 ..  150124  150337 .. 0.85
   5 !  162.1   3.7   3.6e-50   4.8e-49       1     225 []  150461  150693 ..  150461  150693 .. 0.89
   6 !  112.0   5.1   7.6e-35     1e-33       1     225 []  151922  152152 ..  151922  152152 .. 0.90
   7 !  208.8   0.9   1.7e-64   2.3e-63       1     108 [.  153640  153747 ..  153640  153749 .. 0.99

>> NZ_CP113052.1_frame=2  Staphylococcus aureus strain Fizz chromosome, complete genome
   #    score  bias  c-Evalue  i-Evalue hmmfrom  hmm to    alifrom  ali to    envfrom  env to     acc
 ---   ------ ----- --------- --------- ------- -------    ------- -------    ------- -------    ----
   1 !  147.8   5.9   8.4e-46   1.1e-44       1     223 [.  460383  460605 ..  460383  460607 .. 0.94
   2 !  114.0   4.9   1.8e-35   2.5e-34       1     224 [.  460705  460931 ..  460705  460932 .. 0.88
   3 !   10.5   1.8   0.00092     0.012       1      33 [.  461508  461540 ..  461508  461554 .. 0.86
   4 !  119.0   6.2   5.5e-37   7.4e-36      34     225 .]  461639  461831 ..  461618  461831 .. 0.85
   5 !  162.1   3.7   3.6e-50   4.8e-49       1     225 []  461955  462187 ..  461955  462187 .. 0.89
   6 !  112.0   5.1   7.6e-35     1e-33       1     225 []  463416  463646 ..  463416  463646 .. 0.90
   7 !  208.8   0.9   1.7e-64   2.3e-63       1     108 [.  465134  465241 ..  465134  465243 .. 0.99

>> NZ_CP132371.1_frame=1  Staphylococcus aureus strain UNC_SA38 chromosome, complete genome
   #    score  bias  c-Evalue  i-Evalue hmmfrom  hmm to    alifrom  ali to    envfrom  env to     acc
 ---   ------ ----- --------- --------- ------- -------    ------- -------    ------- -------    ----
   1 !   14.1   0.8   7.2e-05   0.00097     148     221 ..  881105  881178 ..  881038  881182 .. 0.82
   2 !  159.2   4.5   2.7e-49   3.7e-48       1     224 [.  889130  889353 ..  889130  889354 .. 0.94
   3 !  112.7   4.3   4.6e-35   6.1e-34       1     224 [.  889452  889678 ..  889452  889679 .. 0.89
   4 !  120.4   7.7   2.1e-37   2.8e-36       1     224 [.  891056  891282 ..  891056  891283 .. 0.87
   5 !  114.0   4.5   1.8e-35   2.5e-34       1     225 []  891759  891989 ..  891759  891989 .. 0.91
   6 !  320.1  10.0   1.4e-98   1.9e-97       1     225 []  893477  893703 ..  893477  893703 .. 0.98

>> NC_002953.3_frame=3  Staphylococcus aureus subsp. aureus MSSA476, complete sequence
   #    score  bias  c-Evalue  i-Evalue hmmfrom  hmm to    alifrom  ali to    envfrom  env to     acc
 ---   ------ ----- --------- --------- ------- -------    ------- -------    ------- -------    ----
   1 ?    7.1   0.4      0.01      0.14     149     200 ..   20225   20278 ..   20167   20295 .. 0.83
   2 !  159.4   3.6   2.3e-49   3.1e-48       1     224 [.  142630  142853 ..  142630  142854 .. 0.94
   3 !  109.4   4.4   4.9e-34   6.7e-33       1     224 [.  142952  143178 ..  142952  143179 .. 0.89
   4 ?   10.2   1.9    0.0012     0.016       1      33 [.  143759  143791 ..  143759  143808 .. 0.87
   5 !  120.1   5.4   2.5e-37   3.3e-36      27     225 .]  143869  144072 ..  143853  144072 .. 0.85
   6 !  162.4   2.9   2.7e-50   3.6e-49       1     225 []  144196  144428 ..  144196  144428 .. 0.88
   7 !  258.6   8.7   9.4e-80   1.3e-78       1     225 []  147395  147624 ..  147395  147624 .. 0.97
   8 !   14.2   2.5   6.8e-05   0.00092      70     178 ..  688776  688877 ..  688752  688906 .. 0.80

>> NC_002745.2_frame=3  Staphylococcus aureus subsp. aureus N315, complete sequence
   #    score  bias  c-Evalue  i-Evalue hmmfrom  hmm to    alifrom  ali to    envfrom  env to     acc
 ---   ------ ----- --------- --------- ------- -------    ------- -------    ------- -------    ----
   1 !  159.1   4.5   2.9e-49   3.9e-48       1     224 [.  147034  147257 ..  147034  147258 .. 0.94
   2 !  112.7   4.3   4.8e-35   6.5e-34       1     224 [.  147356  147582 ..  147356  147583 .. 0.89
   3 !  120.3   7.7   2.2e-37     3e-36       1     224 [.  148960  149186 ..  148960  149187 .. 0.87
   4 !  114.0   4.5   1.9e-35   2.6e-34       1     225 []  149663  149893 ..  149663  149893 .. 0.91
   5 !  320.0  10.0   1.5e-98     2e-97       1     225 []  151381  151607 ..  151381  151607 .. 0.98
   6 ?   -2.3   0.2       7.8     1e+02       1      51 [.  317993  318042 ..  317993  318047 .. 0.88

>> NC_017763.1_frame=3  Staphylococcus aureus subsp. aureus HO 5096 0412, complete sequence
   #    score  bias  c-Evalue  i-Evalue hmmfrom  hmm to    alifrom  ali to    envfrom  env to     acc
 ---   ------ ----- --------- --------- ------- -------    ------- -------    ------- -------    ----
   1 !   14.2   1.0   6.9e-05   0.00093     147     221 ..  129692  129766 ..  129621  129770 .. 0.78
   2 ?    3.5   0.9      0.13       1.8       1      32 [.  139207  139238 ..  139207  139259 .. 0.81
   3 !  115.4   4.0   6.9e-36   9.3e-35      24     225 .]  139340  139546 ..  139330  139546 .. 0.84
   4 !  159.9   3.7   1.6e-49   2.1e-48       1     225 []  139671  139903 ..  139671  139903 .. 0.86
   5 !  128.5   4.6   6.6e-40   8.8e-39       1     223 [.  140055  140280 ..  140055  140282 .. 0.89
   6 !  304.9  11.9   6.4e-94   8.6e-93       1     225 []  142143  142369 ..  142143  142369 .. 0.98

>> NZ_LR134090.1_frame=1  Staphylococcus aureus strain NCTC9555 chromosome 1, complete sequence
   #    score  bias  c-Evalue  i-Evalue hmmfrom  hmm to    alifrom  ali to    envfrom  env to     acc
 ---   ------ ----- --------- --------- ------- -------    ------- -------    ------- -------    ----
   1 !   12.1   0.8   0.00031    0.0042       1      34 [.  150420  150453 ..  150420  150461 .. 0.91
   2 !  124.1   3.0   1.5e-38   2.1e-37      33     225 .]  150580  150774 ..  150562  150774 .. 0.83
   3 !  128.8   6.1   5.3e-40   7.2e-39       1     225 []  151712  151939 ..  151712  151939 .. 0.87
   4 !  110.4   5.3   2.3e-34   3.1e-33       1     225 []  152430  152660 ..  152430  152660 .. 0.92
   5 !  314.0  11.9     1e-96   1.4e-95       1     225 []  154501  154727 ..  154501  154727 .. 0.98
   6 !   22.4   1.5   2.2e-07   2.9e-06      10     208 ..  594907  595112 ..  594898  595129 .. 0.71
   7 !   20.7   4.0     7e-07   9.5e-06      26     213 ..  595200  595391 ..  595172  595403 .. 0.68

>> NC_017338.2_frame=3  Staphylococcus aureus subsp. aureus JKD6159, complete sequence
   #    score  bias  c-Evalue  i-Evalue hmmfrom  hmm to    alifrom  ali to    envfrom  env to     acc
 ---   ------ ----- --------- --------- ------- -------    ------- -------    ------- -------    ----
   1 !   10.8   0.6   0.00074      0.01     104     178 ..   25767   25836 ..   25695   25861 .. 0.83
   2 !  160.1   4.6   1.4e-49   1.9e-48       1     224 [.  143456  143687 ..  143456  143688 .. 0.86
   3 !  129.1   6.8   4.5e-40     6e-39       1     224 [.  144208  144434 ..  144208  144435 .. 0.87
   4 !  114.0   5.5   1.9e-35   2.5e-34       1     225 []  144550  144780 ..  144550  144780 .. 0.93
   5 ?    8.3   0.2    0.0044     0.059       1      32 [.  144908  144939 ..  144908  144963 .. 0.83
   6 !  247.2  10.1     3e-76     4e-75       1     225 []  146658  146887 ..  146658  146887 .. 0.97

>> NC_002952.2_frame=1  Staphylococcus aureus subsp. aureus MRSA252, complete sequence
   #    score  bias  c-Evalue  i-Evalue hmmfrom  hmm to    alifrom  ali to    envfrom  env to     acc
 ---   ------ ----- --------- --------- ------- -------    ------- -------    ------- -------    ----
   1 !  158.2   3.2   5.3e-49   7.2e-48       1     224 [.  150854  151077 ..  150854  151078 .. 0.94
   2 !  110.3   3.1   2.5e-34   3.4e-33       1     224 [.  151175  151403 ..  151175  151404 .. 0.86
   3 ?   -0.5   0.6       2.1        29       1      32 [.  151964  151995 ..  151964  152024 .. 0.79
   4 !  116.5   4.8   3.3e-36   4.4e-35      25     225 .]  152061  152266 ..  152054  152266 .. 0.83
   5 !  172.5   4.3   2.3e-53     3e-52       1     225 []  152391  152623 ..  152391  152623 .. 0.89
   6 !  107.7   5.2   1.5e-33   2.1e-32       1     225 []  153120  153350 ..  153120  153350 .. 0.91

>> NC_002745.2_frame=2  Staphylococcus aureus subsp. aureus N315, complete sequence
   #    score  bias  c-Evalue  i-Evalue hmmfrom  hmm to    alifrom  ali to    envfrom  env to     acc
 ---   ------ ----- --------- --------- ------- -------    ------- -------    ------- -------    ----
   1 !   11.6   0.8   0.00042    0.0056       1      34 [.  147685  147718 ..  147685  147726 .. 0.91
   2 !  125.0   3.2   8.1e-39   1.1e-37      37     225 .]  147849  148039 ..  147825  148039 .. 0.82
   3 !   10.8   1.5   0.00077      0.01       1      33 [.  148163  148195 ..  148163  148209 .. 0.86
   4 !  118.0   5.9   1.1e-36   1.5e-35      27     225 .]  148249  148453 ..  148236  148453 .. 0.82
   5 !  164.1   3.2   8.2e-51   1.1e-49       1     225 []  148577  148809 ..  148577  148809 .. 0.89
   6 !  111.8   5.5   8.6e-35   1.2e-33       1     225 []  149305  149535 ..  149305  149535 .. 0.92
   7 !  114.5   4.6   1.3e-35   1.7e-34       1     225 []  150018  150243 ..  150018  150243 .. 0.91
   8 !   12.5   4.7   0.00023    0.0031      52     178 ..  685759  685885 ..  685739  685906 .. 0.71

>> NZ_CP132371.1_frame=3  Staphylococcus aureus strain UNC_SA38 chromosome, complete genome
   #    score  bias  c-Evalue  i-Evalue hmmfrom  hmm to    alifrom  ali to    envfrom  env to     acc
 ---   ------ ----- --------- --------- ------- -------    ------- -------    ------- -------    ----
   1 !   11.7   0.8    0.0004    0.0053       1      34 [.  889780  889813 ..  889780  889821 .. 0.91
   2 !  125.1   3.2   7.7e-39     1e-37      37     225 .]  889944  890134 ..  889920  890134 .. 0.82
   3 !   10.9   1.5   0.00073    0.0098       1      33 [.  890258  890290 ..  890258  890304 .. 0.86
   4 !  118.1   5.9   1.1e-36   1.4e-35      27     225 .]  890344  890548 ..  890331  890548 .. 0.82
   5 !  164.2   3.2   7.7e-51     1e-49       1     225 []  890672  890904 ..  890672  890904 .. 0.89
   6 !  111.9   5.5   8.1e-35   1.1e-33       1     225 []  891400  891630 ..  891400  891630 .. 0.92
   7 !  114.6   4.6   1.2e-35   1.6e-34       1     225 []  892113  892338 ..  892113  892338 .. 0.91

>> NZ_LR134090.1_frame=2  Staphylococcus aureus strain NCTC9555 chromosome 1, complete sequence
   #    score  bias  c-Evalue  i-Evalue hmmfrom  hmm to    alifrom  ali to    envfrom  env to     acc
 ---   ------ ----- --------- --------- ------- -------    ------- -------    ------- -------    ----
   1 ?   10.0   0.4    0.0013     0.017     149     209 ..  136396  136456 ..  136330  136470 .. 0.85
   2 !  112.7   4.3   4.7e-35   6.4e-34       1     224 [.  150091  150317 ..  150091  150318 .. 0.89
   3 ?   10.4   2.2     0.001     0.014       1      34 [.  150898  150931 ..  150898  150947 .. 0.84
   4 !  116.3   5.9   3.7e-36   4.9e-35      27     225 .]  151006  151209 ..  150992  151209 .. 0.82
   5 !  167.9   4.2   5.6e-52   7.5e-51       1     224 [.  151333  151564 ..  151333  151565 .. 0.88
   6 !  115.5   6.0   6.5e-36   8.7e-35       1     224 [.  152084  152310 ..  152084  152311 .. 0.87
   7 !  120.0   4.8   2.7e-37   3.6e-36       1     225 []  153143  153366 ..  153143  153366 .. 0.92
   8 ?    2.1   0.8      0.36       4.9     105     178 ..  434063  434133 ..  433955  434142 .. 0.75

>> NC_017338.2_frame=2  Staphylococcus aureus subsp. aureus JKD6159, complete sequence
   #    score  bias  c-Evalue  i-Evalue hmmfrom  hmm to    alifrom  ali to    envfrom  env to     acc
 ---   ------ ----- --------- --------- ------- -------    ------- -------    ------- -------    ----
   1 !  157.5   6.7   8.9e-49   1.2e-47       1     224 [.  141984  142207 ..  141984  142208 .. 0.93
   2 !  119.8   4.9   3.2e-37   4.3e-36       1     224 [.  142295  142521 ..  142295  142522 .. 0.87
   3 ?    9.6   2.4    0.0018     0.024       1      33 [.  143024  143056 ..  143024  143072 .. 0.89
   4 !  123.3   4.7   2.7e-38   3.6e-37      39     225 .]  143143  143332 ..  143118  143332 .. 0.84
   5 !   87.5   6.8   2.5e-27   3.4e-26      39     225 .]  144945  145134 ..  144937  145134 .. 0.94
   6 !  125.8   4.6   4.5e-39     6e-38       1     225 []  145256  145481 ..  145256  145481 .. 0.87

>> NZ_CP113052.1_frame=3  Staphylococcus aureus strain Fizz chromosome, complete genome
   #    score  bias  c-Evalue  i-Evalue hmmfrom  hmm to    alifrom  ali to    envfrom  env to     acc
 ---   ------ ----- --------- --------- ------- -------    ------- -------    ------- -------    ----
   1 !  129.1   6.3   4.6e-40   6.1e-39       1     225 []  462338  462565 ..  462338  462565 .. 0.87
   2 !  132.9   8.2   3.1e-41   4.1e-40       1     225 []  462710  462937 ..  462710  462937 .. 0.88
   3 !  219.9   7.3   6.8e-68   9.2e-67     110     225 .]  465241  465356 ..  465238  465356 .. 0.99

>> NZ_CP136528.1_frame=2  Staphylococcus aureus strain BAA-1556_Catania chromosome, complete genome
   #    score  bias  c-Evalue  i-Evalue hmmfrom  hmm to    alifrom  ali to    envfrom  env to     acc
 ---   ------ ----- --------- --------- ------- -------    ------- -------    ------- -------    ----
   1 !  129.1   6.3   4.6e-40   6.1e-39       1     225 []  150844  151071 ..  150844  151071 .. 0.87
   2 !  132.9   8.2   3.1e-41   4.1e-40       1     225 []  151216  151443 ..  151216  151443 .. 0.88
   3 !  219.9   7.3   6.9e-68   9.2e-67     110     225 .]  153747  153862 ..  153744  153862 .. 0.99

>> NZ_CP029678.1_frame=2  Staphylococcus aureus strain AR_0216 chromosome, complete genome
   #    score  bias  c-Evalue  i-Evalue hmmfrom  hmm to    alifrom  ali to    envfrom  env to     acc
 ---   ------ ----- --------- --------- ------- -------    ------- -------    ------- -------    ----
   1 !  129.0   6.3   4.8e-40   6.5e-39       1     225 []  150261  150488 ..  150261  150488 .. 0.87
   2 !  132.8   8.2   3.3e-41   4.4e-40       1     225 []  150633  150860 ..  150633  150860 .. 0.88
   3 !  219.8   7.3   7.3e-68   9.8e-67     110     225 .]  153164  153279 ..  153161  153279 .. 0.99

>> NC_017763.1_frame=1  Staphylococcus aureus subsp. aureus HO 5096 0412, complete sequence
   #    score  bias  c-Evalue  i-Evalue hmmfrom  hmm to    alifrom  ali to    envfrom  env to     acc
 ---   ------ ----- --------- --------- ------- -------    ------- -------    ------- -------    ----
   1 !  149.5   2.4   2.5e-46   3.4e-45       1     224 [.  138556  138779 ..  138556  138780 .. 0.94
   2 !  113.4   2.6   2.8e-35   3.8e-34       1     225 []  140401  140631 ..  140401  140631 .. 0.90
   3 !  126.0   4.2   3.8e-39   5.2e-38       1     225 []  140756  140981 ..  140756  140981 .. 0.86

>> NC_002953.3_frame=2  Staphylococcus aureus subsp. aureus MSSA476, complete sequence
   #    score  bias  c-Evalue  i-Evalue hmmfrom  hmm to    alifrom  ali to    envfrom  env to     acc
 ---   ------ ----- --------- --------- ------- -------    ------- -------    ------- -------    ----
   1 !   14.4   1.0     6e-05   0.00081     147     221 ..  131296  131370 ..  131227  131374 .. 0.77
   2 ?   10.3   0.9     0.001     0.014       1      34 [.  143281  143314 ..  143281  143322 .. 0.92
   3 !  124.8   3.8   9.3e-39   1.3e-37      37     225 .]  143445  143635 ..  143420  143635 .. 0.84
   4 !  120.6   6.5   1.8e-37   2.5e-36       1     224 [.  144953  145179 ..  144953  145180 .. 0.87
   5 !  117.2   4.4   1.9e-36   2.6e-35       1     225 []  146009  146234 ..  146009  146234 .. 0.91

>> NC_007795.1_frame=3  Staphylococcus aureus subsp. aureus NCTC 8325 chromosome, complete genome
   #    score  bias  c-Evalue  i-Evalue hmmfrom  hmm to    alifrom  ali to    envfrom  env to     acc
 ---   ------ ----- --------- --------- ------- -------    ------- -------    ------- -------    ----
   1 !   14.0   0.7   7.7e-05     0.001     148     221 ..  121413  121486 ..  121346  121490 .. 0.83
   2 !   12.2   0.8   0.00028    0.0037       1      34 [.  130082  130115 ..  130082  130123 .. 0.92
   3 !  125.2   3.6   6.7e-39   9.1e-38      37     225 .]  130246  130436 ..  130222  130436 .. 0.84
   4 !  110.8   5.7   1.8e-34   2.4e-33       1     225 []  132092  132322 ..  132092  132322 .. 0.92
   5 !  114.5   4.6   1.3e-35   1.7e-34       1     225 []  132806  133031 ..  132806  133031 .. 0.91

>> NC_002953.3_frame=1  Staphylococcus aureus subsp. aureus MSSA476, complete sequence
   #    score  bias  c-Evalue  i-Evalue hmmfrom  hmm to    alifrom  ali to    envfrom  env to     acc
 ---   ------ ----- --------- --------- ------- -------    ------- -------    ------- -------    ----
   1 !  135.6   5.2   4.5e-42   6.1e-41       1     225 []  144580  144808 ..  144580  144808 .. 0.89
   2 !  110.5   5.0   2.2e-34   2.9e-33       1     225 []  145298  145528 ..  145298  145528 .. 0.92
   3 !  114.3   3.5   1.5e-35     2e-34       1     225 []  145657  145887 ..  145657  145887 .. 0.91
   4 ?    8.9   0.6    0.0029     0.039      94     179 ..  688549  688629 ..  688533  688660 .. 0.73

>> NC_002952.2_frame=3  Staphylococcus aureus subsp. aureus MRSA252, complete sequence
   #    score  bias  c-Evalue  i-Evalue hmmfrom  hmm to    alifrom  ali to    envfrom  env to     acc
 ---   ------ ----- --------- --------- ------- -------    ------- -------    ------- -------    ----
   1 ?    2.6   0.7      0.24       3.2       1      32 [.  151504  151535 ..  151504  151551 .. 0.81
   2 !  117.6   4.5   1.5e-36     2e-35      24     225 .]  151637  151843 ..  151626  151843 .. 0.85
   3 !  123.2   5.0   2.8e-38   3.8e-37       1     224 [.  152774  153000 ..  152774  153001 .. 0.87
   4 !  125.6   4.5   5.4e-39   7.2e-38       1     225 []  153473  153698 ..  153473  153698 .. 0.88

>> NZ_CP136528.1_frame=3  Staphylococcus aureus strain BAA-1556_Catania chromosome, complete genome
   #    score  bias  c-Evalue  i-Evalue hmmfrom  hmm to    alifrom  ali to    envfrom  env to     acc
 ---   ------ ----- --------- --------- ------- -------    ------- -------    ------- -------    ----
   1 !   14.1   0.7   7.5e-05     0.001     148     221 ..  140887  140960 ..  140820  140964 .. 0.83
   2 !   12.3   0.8   0.00027    0.0036       1      34 [.  149556  149589 ..  149556  149597 .. 0.92
   3 !  107.4   3.5     2e-33   2.7e-32      37     225 .]  149720  149906 ..  149696  149906 .. 0.83
   4 !  110.9   5.7   1.7e-34   2.3e-33       1     225 []  151562  151792 ..  151562  151792 .. 0.92
   5 !  114.6   4.6   1.2e-35   1.7e-34       1     225 []  152276  152501 ..  152276  152501 .. 0.91

>> NZ_CP113052.1_frame=1  Staphylococcus aureus strain Fizz chromosome, complete genome
   #    score  bias  c-Evalue  i-Evalue hmmfrom  hmm to    alifrom  ali to    envfrom  env to     acc
 ---   ------ ----- --------- --------- ------- -------    ------- -------    ------- -------    ----
   1 !   14.1   0.7   7.5e-05     0.001     148     221 ..  452365  452438 ..  452298  452442 .. 0.83
   2 !   12.3   0.8   0.00027    0.0036       1      34 [.  461034  461067 ..  461034  461075 .. 0.92
   3 !  107.4   3.5     2e-33   2.7e-32      37     225 .]  461198  461384 ..  461174  461384 .. 0.83
   4 !  110.9   5.7   1.7e-34   2.3e-33       1     225 []  463057  463287 ..  463057  463287 .. 0.92
   5 !  114.6   4.6   1.2e-35   1.7e-34       1     225 []  463771  463996 ..  463771  463996 .. 0.91

>> NZ_CP029678.1_frame=3  Staphylococcus aureus strain AR_0216 chromosome, complete genome
   #    score  bias  c-Evalue  i-Evalue hmmfrom  hmm to    alifrom  ali to    envfrom  env to     acc
 ---   ------ ----- --------- --------- ------- -------    ------- -------    ------- -------    ----
   1 !   14.0   0.7   7.9e-05    0.0011     148     221 ..  140304  140377 ..  140237  140381 .. 0.83
   2 !   12.2   0.8   0.00028    0.0038       1      34 [.  148973  149006 ..  148973  149014 .. 0.92
   3 !  107.3   3.5   2.1e-33   2.8e-32      37     225 .]  149137  149323 ..  149113  149323 .. 0.83
   4 !  110.8   5.7   1.8e-34   2.4e-33       1     225 []  150979  151209 ..  150979  151209 .. 0.92
   5 !  114.5   4.6   1.3e-35   1.8e-34       1     225 []  151693  151918 ..  151693  151918 .. 0.91

>> NZ_LR134090.1_frame=3  Staphylococcus aureus strain NCTC9555 chromosome 1, complete sequence
   #    score  bias  c-Evalue  i-Evalue hmmfrom  hmm to    alifrom  ali to    envfrom  env to     acc
 ---   ------ ----- --------- --------- ------- -------    ------- -------    ------- -------    ----
   1 !   10.7   0.2   0.00081     0.011     106     180 ..  146926  146997 ..  146909  147023 .. 0.74
   2 !  157.2   4.0   1.1e-48   1.4e-47       1     223 [.  149768  149990 ..  149768  149992 .. 0.94
   3 !  109.3   4.3     5e-34   6.7e-33       1     225 []  152788  153018 ..  152788  153018 .. 0.90
   4 !   17.5   0.9   6.7e-06     9e-05      40     209 ..  595491  595664 ..  595451  595678 .. 0.73

>> NC_002952.2_frame=2  Staphylococcus aureus subsp. aureus MRSA252, complete sequence
   #    score  bias  c-Evalue  i-Evalue hmmfrom  hmm to    alifrom  ali to    envfrom  env to     acc
 ---   ------ ----- --------- --------- ------- -------    ------- -------    ------- -------    ----
   1 !  260.7   7.4   2.1e-80   2.9e-79       1     225 []  154843  155073 ..  154843  155073 .. 0.96

>> NC_007795.1_frame=2  Staphylococcus aureus subsp. aureus NCTC 8325 chromosome, complete genome
   #    score  bias  c-Evalue  i-Evalue hmmfrom  hmm to    alifrom  ali to    envfrom  env to     acc
 ---   ------ ----- --------- --------- ------- -------    ------- -------    ------- -------    ----
   1 !  129.0   6.3   4.7e-40   6.4e-39       1     225 []  131374  131601 ..  131374  131601 .. 0.87
   2 !  132.8   8.2   3.2e-41   4.3e-40       1     225 []  131746  131973 ..  131746  131973 .. 0.88

>> NC_017338.2_frame=1  Staphylococcus aureus subsp. aureus JKD6159, complete sequence
   #    score  bias  c-Evalue  i-Evalue hmmfrom  hmm to    alifrom  ali to    envfrom  env to     acc
 ---   ------ ----- --------- --------- ------- -------    ------- -------    ------- -------    ----
   1 !   13.8   0.6   9.2e-05    0.0012     148     219 ..  132375  132446 ..  132314  132452 .. 0.85
   2 ?    5.5   2.0     0.032      0.43       1      40 [.  142623  142662 ..  142623  142697 .. 0.82
   3 !  122.1   5.9   6.4e-38   8.6e-37      33     225 .]  142709  142902 ..  142677  142902 .. 0.83
   4 !  129.2   6.9   4.1e-40   5.5e-39       1     225 []  143840  144067 ..  143840  144067 .. 0.87

>> NZ_CP011877.1_frame=-1  Staphylococcus aureus strain 12S01032 chromosome, complete genome
   #    score  bias  c-Evalue  i-Evalue hmmfrom  hmm to    alifrom  ali to    envfrom  env to     acc
 ---   ------ ----- --------- --------- ------- -------    ------- -------    ------- -------    ----
   1 !   11.7   0.4    0.0004    0.0053     149     221 ..  748644  748716 ..  748634  748720 .. 0.81
   2 ?    2.5   0.6      0.27       3.6       1      32 [.  757772  757803 ..  757772  757834 .. 0.83
   3 !  120.4   3.9     2e-37   2.7e-36      26     225 .]  757907  758111 ..  757899  758111 .. 0.84
   4 !  129.3   5.0   3.7e-40     5e-39       1     223 [.  759053  759278 ..  759053  759280 .. 0.89

>> NC_017763.1_frame=2  Staphylococcus aureus subsp. aureus HO 5096 0412, complete sequence
   #    score  bias  c-Evalue  i-Evalue hmmfrom  hmm to    alifrom  ali to    envfrom  env to     acc
 ---   ------ ----- --------- --------- ------- -------    ------- -------    ------- -------    ----
   1 !  113.6   3.2   2.6e-35   3.4e-34       1     223 [.  138877  139104 ..  138877  139106 .. 0.86

>> NZ_CP011877.1_frame=-3  Staphylococcus aureus strain 12S01032 chromosome, complete genome
   #    score  bias  c-Evalue  i-Evalue hmmfrom  hmm to    alifrom  ali to    envfrom  env to     acc
 ---   ------ ----- --------- --------- ------- -------    ------- -------    ------- -------    ----
   1 !  111.1   2.8   1.4e-34   1.9e-33       1     224 [.  757442  757670 ..  757442  757671 .. 0.86

>> NZ_LR134090.1_frame=-3  Staphylococcus aureus strain NCTC9555 chromosome 1, complete sequence
   #    score  bias  c-Evalue  i-Evalue hmmfrom  hmm to    alifrom  ali to    envfrom  env to     acc
 ---   ------ ----- --------- --------- ------- -------    ------- -------    ------- -------    ----
   1 !   11.5   4.7   0.00047    0.0063      52     178 ..  800614  800740 ..  800594  800761 .. 0.71
   2 !   14.7   0.1   4.8e-05   0.00064     152     218 ..  802034  802101 ..  802025  802108 .. 0.83

>> NZ_CP132371.1_frame=-2  Staphylococcus aureus strain UNC_SA38 chromosome, complete genome
   #    score  bias  c-Evalue  i-Evalue hmmfrom  hmm to    alifrom  ali to    envfrom  env to     acc
 ---   ------ ----- --------- --------- ------- -------    ------- -------    ------- -------    ----
   1 ?    1.1   0.2      0.71       9.5     111     179 ..  482536  482600 ..  482501  482629 .. 0.70
   2 ?    6.0   0.1     0.023       0.3     106     203 ..  483473  483567 ..  483437  483572 .. 0.77
   3 !   22.6   4.2   1.8e-07   2.4e-06      27     213 ..  728634  728824 ..  728607  728836 .. 0.72

>> NZ_CP035450.1_frame=2  Streptococcus pyogenes strain emm93.4 chromosome, complete genome
   #    score  bias  c-Evalue  i-Evalue hmmfrom  hmm to    alifrom  ali to    envfrom  env to     acc
 ---   ------ ----- --------- --------- ------- -------    ------- -------    ------- -------    ----
   1 !   13.7   0.3   9.7e-05    0.0013     128     201 ..   60869   60944 ..   60834   60954 .. 0.74



Internal pipeline statistics summary:
-------------------------------------
Query model(s):                              1  (225 nodes)
Target sequences:                          498  (262993844 residues searched)
Passed MSV filter:                        79  (0.158635); expected 10.0 (0.02)
Passed bias filter:                       42  (0.0843373); expected 10.0 (0.02)
Passed Vit filter:                        38  (0.0763052); expected 0.5 (0.001)
Passed Fwd filter:                        37  (0.0742972); expected 0.0 (1e-05)
Initial search space (Z):                498  [actual number of targets]
Domain search space  (domZ):              37  [number of targets reported over threshold]
# CPU time: 33.01u 0.23s 00:00:33.23 Elapsed: 00:00:12.69
# Mc/sec: 4663.01

@@ New targets included:   37
@@ New alignment includes: 160 subseqs (was 1), including original query
@@ Continuing to next round.

@@
@@ Round:                  2
@@ Included in MSA:        160 subsequences (query + 159 subseqs from 37 targets)
@@ Model size:             225 positions
@@

Scores for complete sequences (score includes all domains):
   --- full sequence ---   --- best 1 domain ---    -#dom-
    E-value  score  bias    E-value  score  bias    exp  N  Sequence               Description
    ------- ------ -----    ------- ------ -----   ---- --  --------               -----------
          0 1526.7 131.3    2.4e-92  303.7  12.5    8.4  8  NC_007795.1_frame=1     Staphylococcus aureus subsp. aureus N
          0 1493.0 125.5    1.5e-88  291.2   9.1    8.6  8  NZ_CP011877.1_frame=-2  Staphylococcus aureus strain 12S01032
          0 1353.6 107.6    4.8e-81  266.7  11.4    7.9  7  NZ_CP113052.1_frame=2   Staphylococcus aureus strain Fizz chr
          0 1337.2 124.4    5.1e-81  266.6  11.4    8.2  7  NZ_CP029678.1_frame=1   Staphylococcus aureus strain AR_0216 
          0 1311.1 138.5      1e-85  282.0  14.5    9.8 10  NZ_CP132371.1_frame=1   Staphylococcus aureus strain UNC_SA38
          0 1307.4 166.9    2.8e-85  280.6  13.1    9.9  9  NC_002953.3_frame=3     Staphylococcus aureus subsp. aureus M
          0 1245.0 138.5    1.1e-85  281.9  14.5   10.4 11  NC_002745.2_frame=3     Staphylococcus aureus subsp. aureus N
          0 1240.8 179.3    4.7e-82  270.0  12.3   11.1  9  NC_002745.2_frame=2     Staphylococcus aureus subsp. aureus N
          0 1225.3  97.1    3.7e-79  260.5  12.0    6.7  6  NC_002952.2_frame=1     Staphylococcus aureus subsp. aureus M
          0 1204.3 136.2    4.5e-82  270.1  12.3    9.0  7  NZ_CP132371.1_frame=3   Staphylococcus aureus strain UNC_SA38
          0 1137.1 137.0    2.5e-76  251.3  11.4    7.8  6  NC_017338.2_frame=2     Staphylococcus aureus subsp. aureus J
    1.6e-21   72.1   2.3    6.6e-21   70.0   2.3    2.0  1  NZ_CP035450.1_frame=2   Streptococcus pyogenes strain emm93.4


Domain annotation for each sequence:
>> NC_007795.1_frame=1  Staphylococcus aureus subsp. aureus NCTC 8325 chromosome, complete genome
   #    score  bias  c-Evalue  i-Evalue hmmfrom  hmm to    alifrom  ali to    envfrom  env to     acc
 ---   ------ ----- --------- --------- ------- -------    ------- -------    ------- -------    ----
   1 !  239.1  13.2   3.2e-74   1.3e-72       1     224 [.  129432  129655 ..  129432  129656 .. 0.94
   2 !  253.1  12.5   1.6e-78   6.8e-77       1     224 [.  129754  129980 ..  129754  129981 .. 0.93
   3 !   23.7   4.6   2.3e-08   9.5e-07       1      37 [.  130561  130597 ..  130561  130603 .. 0.91
   4 !  226.1  10.9     3e-70   1.2e-68      26     225 .]  130663  130867 ..  130652  130867 .. 0.88
   5 !  257.7  10.8   6.6e-80   2.8e-78       1     225 []  130991  131223 ..  130991  131223 .. 0.93
   6 !  266.7  11.4   1.2e-82   4.9e-81       1     225 []  132452  132682 ..  132452  132682 .. 0.95
   7 !  303.7  12.5   5.8e-94   2.4e-92       1     225 []  134170  134394 ..  134170  134394 .. 1.00
   8 ?   -2.1   0.8       1.7        71     117     187 ..  391162  391235 ..  391161  391250 .. 0.72

>> NZ_CP011877.1_frame=-2  Staphylococcus aureus strain 12S01032 chromosome, complete genome
   #    score  bias  c-Evalue  i-Evalue hmmfrom  hmm to    alifrom  ali to    envfrom  env to     acc
 ---   ------ ----- --------- --------- ------- -------    ------- -------    ------- -------    ----
   1 ?   -2.0   0.7       1.7        69     117     187 ..   83491   83564 ..   83490   83574 .. 0.71
   2 !  244.6  14.7   6.6e-76   2.7e-74       1     225 []  757121  757345 ..  757121  757345 .. 0.95
   3 !   18.1   2.3   1.2e-06     5e-05       1      39 [.  758231  758270 ..  758231  758321 .. 0.76
   4 !  222.9   9.0   2.8e-69   1.2e-67      24     225 .]  758338  758544 ..  758332  758544 .. 0.89
   5 !  256.2  12.8   1.9e-79   7.7e-78       1     225 []  758669  758901 ..  758669  758901 .. 0.93
   6 !  257.9  12.6   5.5e-80   2.3e-78       1     225 []  759398  759628 ..  759398  759628 .. 0.95
   7 !  244.8  10.2   5.6e-76   2.3e-74       1     225 []  759753  759978 ..  759753  759978 .. 0.94
   8 !  291.2   9.1   3.6e-90   1.5e-88       1     225 []  761111  761336 ..  761111  761336 .. 0.99

>> NZ_CP113052.1_frame=2  Staphylococcus aureus strain Fizz chromosome, complete genome
   #    score  bias  c-Evalue  i-Evalue hmmfrom  hmm to    alifrom  ali to    envfrom  env to     acc
 ---   ------ ----- --------- --------- ------- -------    ------- -------    ------- -------    ----
   1 !  239.2  13.2     3e-74   1.3e-72       1     224 [.  460383  460606 ..  460383  460607 .. 0.94
   2 !  253.2  12.5   1.6e-78   6.5e-77       1     224 [.  460705  460931 ..  460705  460932 .. 0.93
   3 !   24.4   3.5   1.4e-08   5.7e-07       1      36 [.  461508  461543 ..  461508  461550 .. 0.90
   4 !  226.2  10.9   2.9e-70   1.2e-68      26     225 .]  461627  461831 ..  461616  461831 .. 0.88
   5 !  257.7  10.8   6.4e-80   2.7e-78       1     225 []  461955  462187 ..  461955  462187 .. 0.93
   6 !  266.7  11.4   1.1e-82   4.8e-81       1     225 []  463416  463646 ..  463416  463646 .. 0.95
   7 !  120.8   0.2   4.8e-38     2e-36       1     108 [.  465134  465241 ..  465134  465244 .. 0.98

>> NZ_CP029678.1_frame=1  Staphylococcus aureus strain AR_0216 chromosome, complete genome
   #    score  bias  c-Evalue  i-Evalue hmmfrom  hmm to    alifrom  ali to    envfrom  env to     acc
 ---   ------ ----- --------- --------- ------- -------    ------- -------    ------- -------    ----
   1 !  239.1  13.2   3.2e-74   1.3e-72       1     224 [.  148323  148546 ..  148323  148547 .. 0.94
   2 !  253.1  12.5   1.7e-78   6.9e-77       1     224 [.  148645  148871 ..  148645  148872 .. 0.93
   3 !   24.3   3.5   1.5e-08   6.1e-07       1      36 [.  149448  149483 ..  149448  149490 .. 0.90
   4 !  226.1  10.9   3.1e-70   1.3e-68      26     225 .]  149550  149754 ..  149539  149754 .. 0.88
   5 !  257.6  10.8   6.8e-80   2.8e-78       1     225 []  149878  150110 ..  149878  150110 .. 0.93
   6 !  266.6  11.4   1.2e-82   5.1e-81       1     225 []  151339  151569 ..  151339  151569 .. 0.95
   7 !  120.7   0.2   5.1e-38   2.1e-36       1     108 [.  153057  153164 ..  153057  153167 .. 0.98

>> NZ_CP132371.1_frame=1  Staphylococcus aureus strain UNC_SA38 chromosome, complete genome
   #    score  bias  c-Evalue  i-Evalue hmmfrom  hmm to    alifrom  ali to    envfrom  env to     acc
 ---   ------ ----- --------- --------- ------- -------    ------- -------    ------- -------    ----
   1 ?    0.2   1.7      0.35        14     132     197 ..  135046  135110 ..  135025  135118 .. 0.82
   2 ?   -0.9   0.4      0.76        31     133     211 ..  486186  486260 ..  486153  486266 .. 0.75
   3 ?   -1.8   0.0       1.5        60       1      33 [.  568978  569010 ..  568978  569019 .. 0.84
   4 ?   -1.5   2.9       1.2        49     147     223 ..  569039  569115 ..  569010  569117 .. 0.79
   5 !   66.4   4.9   2.1e-21   8.6e-20     130     224 ..  881088  881181 ..  880989  881182 .. 0.82
   6 !  249.5  12.4   2.1e-77   8.8e-76       1     224 [.  889130  889353 ..  889130  889354 .. 0.95
   7 !  251.3  11.6   5.8e-78   2.4e-76       1     224 [.  889452  889678 ..  889452  889679 .. 0.93
   8 !  247.0  14.6   1.3e-76   5.2e-75       1     225 []  891056  891283 ..  891056  891283 .. 0.93
   9 !  265.6  11.6   2.5e-82     1e-80       1     225 []  891759  891989 ..  891759  891989 .. 0.95
  10 !  282.0  14.5   2.5e-87     1e-85       1     225 []  893477  893703 ..  893477  893703 .. 0.99

>> NC_002953.3_frame=3  Staphylococcus aureus subsp. aureus MSSA476, complete sequence
   #    score  bias  c-Evalue  i-Evalue hmmfrom  hmm to    alifrom  ali to    envfrom  env to     acc
 ---   ------ ----- --------- --------- ------- -------    ------- -------    ------- -------    ----
   1 !   33.5  11.2   2.3e-11   9.6e-10       4     225 .]   20076   20311 ..   20074   20311 .. 0.61
   2 !  250.7   8.5   8.8e-78   3.7e-76       1     224 [.  142630  142853 ..  142630  142854 .. 0.94
   3 !  249.2  11.7   2.6e-77   1.1e-75       1     224 [.  142952  143178 ..  142952  143179 .. 0.93
   4 !   24.2   3.6   1.6e-08   6.5e-07       1      36 [.  143759  143794 ..  143759  143812 .. 0.88
   5 !  227.3   9.7   1.3e-70   5.3e-69      22     225 .]  143866  144072 ..  143860  144072 .. 0.89
   6 !  257.3  10.2   8.8e-80   3.6e-78       1     225 []  144196  144428 ..  144196  144428 .. 0.93
   7 !  280.6  13.1   6.7e-87   2.8e-85       1     225 []  147395  147624 ..  147395  147624 .. 0.97
   8 ?   -2.0   0.7       1.7        69     117     187 ..  422163  422236 ..  422162  422246 .. 0.71
   9 !   60.9   7.8   9.8e-20   4.1e-18      39     184 ..  688741  688884 ..  688729  688888 .. 0.81

>> NC_002745.2_frame=3  Staphylococcus aureus subsp. aureus N315, complete sequence
   #    score  bias  c-Evalue  i-Evalue hmmfrom  hmm to    alifrom  ali to    envfrom  env to     acc
 ---   ------ ----- --------- --------- ------- -------    ------- -------    ------- -------    ----
   1 !  249.4  12.4   2.2e-77   9.3e-76       1     224 [.  147034  147257 ..  147034  147258 .. 0.95
   2 !  251.2  11.6   6.1e-78   2.5e-76       1     224 [.  147356  147582 ..  147356  147583 .. 0.93
   3 !  246.9  14.6   1.3e-76   5.5e-75       1     225 []  148960  149187 ..  148960  149187 .. 0.93
   4 !  265.5  11.6   2.6e-82   1.1e-80       1     225 []  149663  149893 ..  149663  149893 .. 0.95
   5 !  281.9  14.5   2.6e-87   1.1e-85       1     225 []  151381  151607 ..  151381  151607 .. 0.99
   6 ?    4.9   1.2     0.013      0.53       1      42 [.  317993  318036 ..  317993  318044 .. 0.84
   7 ?   -3.0   0.4       3.4   1.4e+02     181     224 ..  318092  318132 ..  318085  318133 .. 0.85
   8 ?   -2.1   0.7       1.7        71     117     187 ..  412619  412692 ..  412618  412702 .. 0.71
   9 ?   -1.0   0.4       0.8        33     133     211 ..  669227  669301 ..  669194  669307 .. 0.75
  10 ?   -1.9   0.0       1.5        64       1      33 [.  759419  759451 ..  759419  759460 .. 0.84
  11 ?   -1.6   2.9       1.2        51     147     223 ..  759480  759556 ..  759451  759558 .. 0.79

>> NC_002745.2_frame=2  Staphylococcus aureus subsp. aureus N315, complete sequence
   #    score  bias  c-Evalue  i-Evalue hmmfrom  hmm to    alifrom  ali to    envfrom  env to     acc
 ---   ------ ----- --------- --------- ------- -------    ------- -------    ------- -------    ----
   1 !   26.2   3.3   4.1e-09   1.7e-07       1      44 [.  147685  147729 ..  147685  147786 .. 0.87
   2 !  223.4   9.9     2e-69   8.2e-68      31     225 .]  147842  148039 ..  147823  148039 .. 0.88
   3 !   25.3   3.1   7.4e-09   3.1e-07       1      36 [.  148163  148198 ..  148163  148205 .. 0.90
   4 !  223.8  11.2   1.5e-69   6.1e-68      21     225 .]  148243  148453 ..  148237  148453 .. 0.87
   5 !  257.5   9.9   7.7e-80   3.2e-78       1     225 []  148577  148809 ..  148577  148809 .. 0.93
   6 !  270.0  12.3   1.1e-83   4.7e-82       1     225 []  149305  149535 ..  149305  149535 .. 0.95
   7 !  237.9  13.4   7.4e-74   3.1e-72       1     225 []  150018  150243 ..  150018  150243 .. 0.93
   8 ?    0.1   1.7      0.37        15     132     197 ..  320898  320962 ..  320877  320970 .. 0.82
   9 !   66.2   6.8   2.4e-21   9.9e-20      42     185 ..  685751  685891 ..  685722  685921 .. 0.82

>> NC_002952.2_frame=1  Staphylococcus aureus subsp. aureus MRSA252, complete sequence
   #    score  bias  c-Evalue  i-Evalue hmmfrom  hmm to    alifrom  ali to    envfrom  env to     acc
 ---   ------ ----- --------- --------- ------- -------    ------- -------    ------- -------    ----
   1 !  247.9   8.4   6.3e-77   2.6e-75       1     224 [.  150854  151077 ..  150854  151078 .. 0.94
   2 !  252.8  10.4     2e-78   8.4e-77       1     224 [.  151175  151403 ..  151175  151404 .. 0.92
   3 !   16.3   2.1   4.1e-06   0.00017       1      38 [.  151964  152001 ..  151964  152024 .. 0.81
   4 !  221.8  12.0     6e-69   2.5e-67      24     225 .]  152060  152266 ..  152052  152266 .. 0.90
   5 !  256.6  12.6   1.4e-79     6e-78       1     225 []  152391  152623 ..  152391  152623 .. 0.93
   6 !  260.5  12.0     9e-81   3.7e-79       1     225 []  153120  153350 ..  153120  153350 .. 0.95

>> NZ_CP132371.1_frame=3  Staphylococcus aureus strain UNC_SA38 chromosome, complete genome
   #    score  bias  c-Evalue  i-Evalue hmmfrom  hmm to    alifrom  ali to    envfrom  env to     acc
 ---   ------ ----- --------- --------- ------- -------    ------- -------    ------- -------    ----
   1 !   25.8   3.7   5.3e-09   2.2e-07       1      44 [.  889780  889824 ..  889780  889874 .. 0.86
   2 !  223.8   9.5   1.5e-69   6.1e-68      31     225 .]  889937  890134 ..  889919  890134 .. 0.88
   3 !   25.4   3.1     7e-09   2.9e-07       1      36 [.  890258  890293 ..  890258  890300 .. 0.90
   4 !  223.9  11.2   1.4e-69   5.8e-68      21     225 .]  890338  890548 ..  890332  890548 .. 0.87
   5 !  257.5   9.9   7.3e-80     3e-78       1     225 []  890672  890904 ..  890672  890904 .. 0.93
   6 !  270.1  12.3   1.1e-83   4.5e-82       1     225 []  891400  891630 ..  891400  891630 .. 0.95
   7 !  238.0  13.4     7e-74   2.9e-72       1     225 []  892113  892338 ..  892113  892338 .. 0.93

>> NC_017338.2_frame=2  Staphylococcus aureus subsp. aureus JKD6159, complete sequence
   #    score  bias  c-Evalue  i-Evalue hmmfrom  hmm to    alifrom  ali to    envfrom  env to     acc
 ---   ------ ----- --------- --------- ------- -------    ------- -------    ------- -------    ----
   1 !  248.6  14.6   3.9e-77   1.6e-75       1     225 []  141984  142208 ..  141984  142208 .. 0.94
   2 !  251.3  11.4     6e-78   2.5e-76       1     224 [.  142295  142521 ..  142295  142522 .. 0.92
   3 !   27.6   2.2   1.5e-09   6.3e-08       1      37 [.  143024  143060 ..  143024  143096 .. 0.91
   4 !  218.8  10.7   5.1e-68   2.1e-66      26     225 .]  143129  143332 ..  143117  143332 .. 0.87
   5 !  206.1  12.3     4e-64   1.7e-62      39     225 .]  144945  145134 ..  144930  145134 .. 0.94
   6 !  247.3  12.1     1e-76   4.2e-75       1     225 []  145256  145481 ..  145256  145481 .. 0.94

>> NZ_CP035450.1_frame=2  Streptococcus pyogenes strain emm93.4 chromosome, complete genome
   #    score  bias  c-Evalue  i-Evalue hmmfrom  hmm to    alifrom  ali to    envfrom  env to     acc
 ---   ------ ----- --------- --------- ------- -------    ------- -------    ------- -------    ----
   1 !   70.0   2.3   1.6e-22   6.6e-21      35     203 ..   60774   60946 ..   60753   60956 .. 0.82



Internal pipeline statistics summary:
-------------------------------------
Query model(s):                              1  (225 nodes)
Target sequences:                          498  (262993844 residues searched)
Passed MSV filter:                        94  (0.188755); expected 10.0 (0.02)
Passed bias filter:                       63  (0.126506); expected 10.0 (0.02)
Passed Vit filter:                        63  (0.126506); expected 0.5 (0.001)
Passed Fwd filter:                        12  (0.0240964); expected 0.0 (1e-05)
Initial search space (Z):                498  [actual number of targets]
Domain search space  (domZ):              12  [number of targets reported over threshold]
# CPU time: 30.47u 0.14s 00:00:30.61 Elapsed: 00:00:10.58
# Mc/sec: 5592.97

@@ New targets included:   0
@@ New alignment includes: 76 subseqs (was 160), including original query
@@
@@ CONVERGED (in 2 rounds). 
@@

# Alignment of 76 hits satisfying inclusion thresholds saved to: data/ssl/jackhmmer_results/SSL11.jackhmmer.sto
//
[ok]
