# jackhmmer :: iteratively search a protein sequence against a protein database
# HMMER 3.1b2 (February 2015); http://hmmer.org/
# Copyright (C) 2015 Howard Hughes Medical Institute.
# Freely distributed under the GNU General Public License (GPLv3).
# - - - - - - - - - - - - - - - - - - - - - - - - - - - - - - - - - - - -
# query sequence file:             data/ssl/SSL11.fasta
# target sequence database:        data/ssl/genomes_6frame_proteins.fasta
# maximum iterations set to:       10
# output directed to file:         data/jackhmmer_results/SSL11.jackhmmer.out
# MSA of hits saved to file:       data/jackhmmer_results/SSL11.jackhmmer.sto
# per-seq hits tabular output:     data/jackhmmer_results/SSL11.jackhmmer.tblout
# per-dom hits tabular output:     data/jackhmmer_results/SSL11.jackhmmer.domtblout
# MSA checkpoint files output:     data/jackhmmer_results/SSL11-<i>.sto
# show alignments in output:       no
# sequence inclusion threshold:    score >= 300
# domain inclusion threshold:      score >= 100
# number of worker threads:        4
# - - - - - - - - - - - - - - - - - - - - - - - - - - - - - - - - - - - -

Query:       Q2G0X4|SSL11  [L=225]

Scores for complete sequences (score includes all domains):
   --- full sequence ---   --- best 1 domain ---    -#dom-
    E-value  score  bias    E-value  score  bias    exp  N  Sequence               Description
    ------- ------ -----    ------- ------ -----   ---- --  --------               -----------
+         0 1092.6  85.7   4.1e-141  462.8  10.2    7.4  7  NC_007795.1_frame=1     Staphylococcus aureus subsp. aureus N
+  5.7e-284  929.2  76.9    3.4e-90  296.6   7.8    7.4  7  NZ_CP011877.1_frame=-2  Staphylococcus aureus strain 12S01032
+    5e-256  838.0  74.6    2.8e-63  208.7   0.9    7.6  7  NZ_CP029678.1_frame=1   Staphylococcus aureus strain AR_0216 
+  5.5e-256  837.9  74.6    2.7e-63  208.8   0.9    7.3  7  NZ_CP136528.1_frame=1   Staphylococcus aureus strain BAA-1556
+  5.6e-256  837.8  74.6    2.6e-63  208.8   0.9    7.3  7  NZ_CP113052.1_frame=2   Staphylococcus aureus strain Fizz chr
+  1.6e-247  810.2  70.4    2.1e-97  320.1  10.0    6.4  6  NZ_CP132371.1_frame=1   Staphylococcus aureus strain UNC_SA38
+  1.4e-244  800.6  82.5    1.4e-78  258.6   8.7    8.2  8  NC_002953.3_frame=3     Staphylococcus aureus subsp. aureus M
+    2e-243  796.9  67.8    2.3e-97  320.0  10.0    5.8  6  NC_002745.2_frame=3     Staphylococcus aureus subsp. aureus N
+  6.1e-213  697.3  63.7    9.7e-93  304.9  11.9    6.3  6  NC_017763.1_frame=3     Staphylococcus aureus subsp. aureus H
+  8.3e-213  696.9  78.1    1.5e-95  314.0  11.9    7.4  7  NZ_LR134090.1_frame=1   Staphylococcus aureus strain NCTC9555
+  2.1e-196  643.3  63.1    4.5e-75  247.2  10.1    6.5  6  NC_017338.2_frame=3     Staphylococcus aureus subsp. aureus J
+    5e-194  635.6  59.2    3.4e-52  172.5   4.3    6.1  6  NC_002952.2_frame=1     Staphylococcus aureus subsp. aureus M
+  2.2e-191  627.0  83.0    1.2e-49  164.1   3.2    8.3  8  NC_002745.2_frame=2     Staphylococcus aureus subsp. aureus N
+  1.6e-189  620.9  70.4    1.2e-49  164.2   3.2    7.4  7  NZ_CP132371.1_frame=3   Staphylococcus aureus strain UNC_SA38
+  9.5e-188  615.1  81.0    8.5e-51  167.9   4.2    8.5  8  NZ_LR134090.1_frame=2   Staphylococcus aureus strain NCTC9555
+  6.9e-181  592.7  69.7    1.3e-47  157.5   6.7    6.3  6  NC_017338.2_frame=2     Staphylococcus aureus subsp. aureus J
+  2.3e-143  470.2  37.8      1e-66  219.9   7.3    3.7  3  NZ_CP113052.1_frame=3   Staphylococcus aureus strain Fizz chr
+  3.1e-143  469.8  37.8      1e-66  219.9   7.3    3.5  3  NZ_CP136528.1_frame=2   Staphylococcus aureus strain BAA-1556
+  3.5e-143  469.6  37.8    1.1e-66  219.8   7.3    3.4  3  NZ_CP029678.1_frame=2   Staphylococcus aureus strain AR_0216 
+  1.9e-113  372.5  29.6    3.9e-45  149.5   2.4    3.6  3  NC_017763.1_frame=1     Staphylococcus aureus subsp. aureus H
+  3.7e-111  365.0  46.3    1.4e-37  124.8   3.8    5.5  5  NC_002953.3_frame=2     Staphylococcus aureus subsp. aureus M
+  3.8e-108  355.2  44.5      1e-37  125.2   3.6    5.4  5  NC_007795.1_frame=3     Staphylococcus aureus subsp. aureus N
+  1.8e-107  353.0  36.5    6.9e-41  135.6   5.2    4.6  4  NC_002953.3_frame=1     Staphylococcus aureus subsp. aureus M
+  3.1e-107  352.2  37.1    8.2e-38  125.6   4.5    4.5  4  NC_002952.2_frame=3     Staphylococcus aureus subsp. aureus M
+  1.1e-102  337.4  44.3    1.9e-34  114.6   4.6    5.5  5  NZ_CP136528.1_frame=3   Staphylococcus aureus strain BAA-1556
+  1.3e-102  337.1  44.3    1.9e-34  114.6   4.6    5.3  5  NZ_CP113052.1_frame=1   Staphylococcus aureus strain Fizz chr
+  1.5e-102  337.0  44.3      2e-34  114.5   4.6    5.4  5  NZ_CP029678.1_frame=3   Staphylococcus aureus strain AR_0216 
  ------ inclusion threshold ------
    1.8e-85  281.1  28.8    1.6e-47  157.2   4.0    4.4  4  NZ_LR134090.1_frame=3   Staphylococcus aureus strain NCTC9555
    1.3e-79  262.0   7.4    3.2e-79  260.7   7.4    1.7  1  NC_002952.2_frame=2     Staphylococcus aureus subsp. aureus M
    6.9e-78  256.4  22.5    4.8e-40  132.8   8.2    2.5  2  NC_007795.1_frame=2     Staphylococcus aureus subsp. aureus N
      2e-77  254.9  36.9    6.2e-39  129.2   6.9    4.5  4  NC_017338.2_frame=1     Staphylococcus aureus subsp. aureus J
      8e-76  249.7  30.2    5.7e-39  129.3   5.0    4.6  4  NZ_CP011877.1_frame=-1  Staphylococcus aureus strain 12S01032
    2.2e-34  114.3   3.2    3.9e-34  113.6   3.2    1.4  1  NC_017763.1_frame=2     Staphylococcus aureus subsp. aureus H
    1.1e-33  112.1   2.8    2.2e-33  111.1   2.8    1.5  1  NZ_CP011877.1_frame=-3  Staphylococcus aureus strain 12S01032
    2.2e-08   29.5   8.7    0.00042   15.5   0.2    4.0  4  NZ_LR134284.1_frame=2   Streptococcus pyogenes strain NCTC823
    5.9e-07   24.8   8.7    0.00073   14.7   0.1    2.3  2  NZ_LR134090.1_frame=-3  Staphylococcus aureus strain NCTC9555
    6.6e-07   24.7  14.2    2.7e-06   22.6   4.2    3.3  3  NZ_CP132371.1_frame=-2  Staphylococcus aureus strain UNC_SA38
    0.00017   16.8   0.2    0.00033   15.8   0.2    1.3  1  NZ_CP070994.1_frame=3   Streptococcus pyogenes strain M11318 
    0.00019   16.6   0.2    0.00034   15.8   0.2    1.3  1  NZ_CP167001.1_frame=3   Streptococcus pyogenes strain Isolate
    0.00073   14.7  11.7      0.054    8.6   2.0    3.2  3  NZ_LS483357.1_frame=1   Streptococcus pyogenes strain NCTC832
    0.00079   14.6   0.3     0.0015   13.7   0.3    1.3  1  NZ_CP035450.1_frame=2   Streptococcus pyogenes strain emm93.4
    0.00096   14.3   0.3     0.0017   13.5   0.3    1.3  1  NZ_AP023389.1_frame=2   Streptococcus pyogenes strain KUN-001
     0.0011   14.1   2.2     0.0016   13.6   0.3    2.0  2  NZ_CP118481.1_frame=3   Streptococcus pyogenes strain 2018532
     0.0016   13.6   3.0     0.0015   13.7   0.3    2.0  2  NZ_CP167001.1_frame=1   Streptococcus pyogenes strain Isolate
     0.0082   11.3   6.6     0.0015   13.7   0.3    2.6  3  NZ_CP070994.1_frame=2   Streptococcus pyogenes strain M11318 


Domain annotation for each sequence:
>> NC_007795.1_frame=1  Staphylococcus aureus subsp. aureus NCTC 8325 chromosome, complete genome
   #    score  bias  c-Evalue  i-Evalue hmmfrom  hmm to    alifrom  ali to    envfrom  env to     acc
 ---   ------ ----- --------- --------- ------- -------    ------- -------    ------- -------    ----
   1 !  147.7   5.9   1.1e-45   1.3e-44       1     223 [.  129432  129654 ..  129432  129656 .. 0.94
   2 !  114.0   4.9   2.3e-35   2.9e-34       1     224 [.  129754  129980 ..  129754  129981 .. 0.88
   3 ?   12.3   2.2   0.00031    0.0039       1      35 [.  130561  130595 ..  130561  130607 .. 0.87
   4 !  118.9   6.2   6.9e-37   8.7e-36      34     225 .]  130675  130867 ..  130654  130867 .. 0.85
   5 !  162.0   3.7   4.5e-50   5.6e-49       1     225 []  130991  131223 ..  130991  131223 .. 0.89
   6 !  112.0   5.1   9.6e-35   1.2e-33       1     225 []  132452  132682 ..  132452  132682 .. 0.90
   7 !  462.8  10.2  3.3e-142  4.1e-141       1     225 []  134170  134394 ..  134170  134394 .. 1.00

>> NZ_CP011877.1_frame=-2  Staphylococcus aureus strain 12S01032 chromosome, complete genome
   #    score  bias  c-Evalue  i-Evalue hmmfrom  hmm to    alifrom  ali to    envfrom  env to     acc
 ---   ------ ----- --------- --------- ------- -------    ------- -------    ------- -------    ----
   1 !  151.9   6.7   5.5e-47   6.9e-46       1     223 [.  757121  757343 ..  757121  757345 .. 0.94
   2 ?    5.0   0.7     0.057      0.71       1      33 [.  758231  758263 ..  758231  758293 .. 0.79
   3 !  116.3   3.0   4.3e-36   5.4e-35      25     225 .]  758339  758544 ..  758331  758544 .. 0.83
   4 !  171.3   3.9   6.2e-53   7.8e-52       1     225 []  758669  758901 ..  758669  758901 .. 0.88
   5 !  104.9   5.4   1.4e-32   1.8e-31       1     225 []  759398  759628 ..  759398  759628 .. 0.91
   6 !  119.5   3.3   4.6e-37   5.8e-36       1     225 []  759753  759978 ..  759753  759978 .. 0.88
   7 !  296.6   7.8   2.7e-91   3.4e-90       1     225 []  761111  761336 ..  761111  761336 .. 0.99

>> NZ_CP029678.1_frame=1  Staphylococcus aureus strain AR_0216 chromosome, complete genome
   #    score  bias  c-Evalue  i-Evalue hmmfrom  hmm to    alifrom  ali to    envfrom  env to     acc
 ---   ------ ----- --------- --------- ------- -------    ------- -------    ------- -------    ----
   1 !  147.7   5.9   1.1e-45   1.4e-44       1     223 [.  148323  148545 ..  148323  148547 .. 0.94
   2 !  113.9   4.9   2.4e-35     3e-34       1     224 [.  148645  148871 ..  148645  148872 .. 0.88
   3 ?   10.4   1.8    0.0012     0.015       1      33 [.  149448  149480 ..  149448  149494 .. 0.86
   4 !  118.9   6.2   7.1e-37   8.9e-36      34     225 .]  149562  149754 ..  149541  149754 .. 0.85
   5 !  162.0   3.7   4.6e-50   5.8e-49       1     225 []  149878  150110 ..  149878  150110 .. 0.89
   6 !  111.9   5.1   9.9e-35   1.2e-33       1     225 []  151339  151569 ..  151339  151569 .. 0.90
   7 !  208.7   0.9   2.2e-64   2.8e-63       1     108 [.  153057  153164 ..  153057  153166 .. 0.99

>> NZ_CP136528.1_frame=1  Staphylococcus aureus strain BAA-1556_Catania chromosome, complete genome
   #    score  bias  c-Evalue  i-Evalue hmmfrom  hmm to    alifrom  ali to    envfrom  env to     acc
 ---   ------ ----- --------- --------- ------- -------    ------- -------    ------- -------    ----
   1 !  147.8   5.9     1e-45   1.3e-44       1     223 [.  148906  149128 ..  148906  149130 .. 0.94
   2 !  114.0   4.9   2.2e-35   2.8e-34       1     224 [.  149228  149454 ..  149228  149455 .. 0.88
   3 ?   10.5   1.8    0.0011     0.014       1      33 [.  150031  150063 ..  150031  150077 .. 0.86
   4 !  119.0   6.2   6.7e-37   8.4e-36      34     225 .]  150145  150337 ..  150124  150337 .. 0.85
   5 !  162.1   3.7   4.3e-50   5.4e-49       1     225 []  150461  150693 ..  150461  150693 .. 0.89
   6 !  112.0   5.1   9.3e-35   1.2e-33       1     225 []  151922  152152 ..  151922  152152 .. 0.90
   7 !  208.8   0.9   2.1e-64   2.7e-63       1     108 [.  153640  153747 ..  153640  153749 .. 0.99

>> NZ_CP113052.1_frame=2  Staphylococcus aureus strain Fizz chromosome, complete genome
   #    score  bias  c-Evalue  i-Evalue hmmfrom  hmm to    alifrom  ali to    envfrom  env to     acc
 ---   ------ ----- --------- --------- ------- -------    ------- -------    ------- -------    ----
   1 !  147.8   5.9     1e-45   1.3e-44       1     223 [.  460383  460605 ..  460383  460607 .. 0.94
   2 !  114.0   4.9   2.2e-35   2.8e-34       1     224 [.  460705  460931 ..  460705  460932 .. 0.88
   3 ?   10.5   1.8    0.0011     0.014       1      33 [.  461508  461540 ..  461508  461554 .. 0.86
   4 !  119.0   6.2   6.7e-37   8.4e-36      34     225 .]  461639  461831 ..  461618  461831 .. 0.85
   5 !  162.1   3.7   4.3e-50   5.4e-49       1     225 []  461955  462187 ..  461955  462187 .. 0.89
   6 !  112.0   5.1   9.3e-35   1.2e-33       1     225 []  463416  463646 ..  463416  463646 .. 0.90
   7 !  208.8   0.9   2.1e-64   2.6e-63       1     108 [.  465134  465241 ..  465134  465243 .. 0.99

>> NZ_CP132371.1_frame=1  Staphylococcus aureus strain UNC_SA38 chromosome, complete genome
   #    score  bias  c-Evalue  i-Evalue hmmfrom  hmm to    alifrom  ali to    envfrom  env to     acc
 ---   ------ ----- --------- --------- ------- -------    ------- -------    ------- -------    ----
   1 ?   14.1   0.8   8.7e-05    0.0011     148     221 ..  881105  881178 ..  881038  881182 .. 0.82
   2 !  159.2   4.5   3.3e-49   4.2e-48       1     224 [.  889130  889353 ..  889130  889354 .. 0.94
   3 !  112.7   4.3   5.5e-35   6.9e-34       1     224 [.  889452  889678 ..  889452  889679 .. 0.89
   4 !  120.4   7.7   2.5e-37   3.2e-36       1     224 [.  891056  891282 ..  891056  891283 .. 0.87
   5 !  114.0   4.5   2.2e-35   2.8e-34       1     225 []  891759  891989 ..  891759  891989 .. 0.91
   6 !  320.1  10.0   1.7e-98   2.1e-97       1     225 []  893477  893703 ..  893477  893703 .. 0.98

>> NC_002953.3_frame=3  Staphylococcus aureus subsp. aureus MSSA476, complete sequence
   #    score  bias  c-Evalue  i-Evalue hmmfrom  hmm to    alifrom  ali to    envfrom  env to     acc
 ---   ------ ----- --------- --------- ------- -------    ------- -------    ------- -------    ----
   1 ?    7.1   0.4     0.012      0.15     149     200 ..   20225   20278 ..   20167   20295 .. 0.83
   2 !  159.4   3.6   2.8e-49   3.5e-48       1     224 [.  142630  142853 ..  142630  142854 .. 0.94
   3 !  109.4   4.4     6e-34   7.5e-33       1     224 [.  142952  143178 ..  142952  143179 .. 0.89
   4 ?   10.2   1.9    0.0014     0.018       1      33 [.  143759  143791 ..  143759  143808 .. 0.87
   5 !  120.1   5.4     3e-37   3.7e-36      27     225 .]  143869  144072 ..  143853  144072 .. 0.85
   6 !  162.4   2.9   3.3e-50   4.1e-49       1     225 []  144196  144428 ..  144196  144428 .. 0.88
   7 !  258.6   8.7   1.1e-79   1.4e-78       1     225 []  147395  147624 ..  147395  147624 .. 0.97
   8 ?   14.2   2.5   8.3e-05     0.001      70     178 ..  688776  688877 ..  688752  688906 .. 0.80

>> NC_002745.2_frame=3  Staphylococcus aureus subsp. aureus N315, complete sequence
   #    score  bias  c-Evalue  i-Evalue hmmfrom  hmm to    alifrom  ali to    envfrom  env to     acc
 ---   ------ ----- --------- --------- ------- -------    ------- -------    ------- -------    ----
   1 !  159.1   4.5   3.5e-49   4.4e-48       1     224 [.  147034  147257 ..  147034  147258 .. 0.94
   2 !  112.7   4.3   5.8e-35   7.3e-34       1     224 [.  147356  147582 ..  147356  147583 .. 0.89
   3 !  120.3   7.7   2.7e-37   3.4e-36       1     224 [.  148960  149186 ..  148960  149187 .. 0.87
   4 !  114.0   4.5   2.3e-35   2.9e-34       1     225 []  149663  149893 ..  149663  149893 .. 0.91
   5 !  320.0  10.0   1.8e-98   2.3e-97       1     225 []  151381  151607 ..  151381  151607 .. 0.98
   6 ?   -2.3   0.2       9.5   1.2e+02       1      51 [.  317993  318042 ..  317993  318047 .. 0.88

>> NC_017763.1_frame=3  Staphylococcus aureus subsp. aureus HO 5096 0412, complete sequence
   #    score  bias  c-Evalue  i-Evalue hmmfrom  hmm to    alifrom  ali to    envfrom  env to     acc
 ---   ------ ----- --------- --------- ------- -------    ------- -------    ------- -------    ----
   1 ?   14.2   1.0   8.4e-05    0.0011     147     221 ..  129692  129766 ..  129621  129770 .. 0.78
   2 ?    3.5   0.9      0.16         2       1      32 [.  139207  139238 ..  139207  139259 .. 0.81
   3 !  115.4   4.0   8.4e-36   1.1e-34      24     225 .]  139340  139546 ..  139330  139546 .. 0.84
   4 !  159.9   3.7   1.9e-49   2.4e-48       1     225 []  139671  139903 ..  139671  139903 .. 0.86
   5 !  128.5   4.6     8e-40     1e-38       1     223 [.  140055  140280 ..  140055  140282 .. 0.89
   6 !  304.9  11.9   7.8e-94   9.7e-93       1     225 []  142143  142369 ..  142143  142369 .. 0.98

>> NZ_LR134090.1_frame=1  Staphylococcus aureus strain NCTC9555 chromosome 1, complete sequence
   #    score  bias  c-Evalue  i-Evalue hmmfrom  hmm to    alifrom  ali to    envfrom  env to     acc
 ---   ------ ----- --------- --------- ------- -------    ------- -------    ------- -------    ----
   1 ?   12.1   0.8   0.00038    0.0048       1      34 [.  150420  150453 ..  150420  150461 .. 0.91
   2 !  124.1   3.0   1.9e-38   2.4e-37      33     225 .]  150580  150774 ..  150562  150774 .. 0.83
   3 !  128.8   6.1   6.5e-40   8.1e-39       1     225 []  151712  151939 ..  151712  151939 .. 0.87
   4 !  110.4   5.3   2.8e-34   3.5e-33       1     225 []  152430  152660 ..  152430  152660 .. 0.92
   5 !  314.0  11.9   1.2e-96   1.5e-95       1     225 []  154501  154727 ..  154501  154727 .. 0.98
   6 ?   22.4   1.5   2.6e-07   3.3e-06      10     208 ..  594907  595112 ..  594898  595129 .. 0.71
   7 ?   20.7   4.0   8.5e-07   1.1e-05      26     213 ..  595200  595391 ..  595172  595403 .. 0.68

>> NC_017338.2_frame=3  Staphylococcus aureus subsp. aureus JKD6159, complete sequence
   #    score  bias  c-Evalue  i-Evalue hmmfrom  hmm to    alifrom  ali to    envfrom  env to     acc
 ---   ------ ----- --------- --------- ------- -------    ------- -------    ------- -------    ----
   1 ?   10.8   0.6    0.0009     0.011     104     178 ..   25767   25836 ..   25695   25861 .. 0.83
   2 !  160.1   4.6   1.7e-49   2.1e-48       1     224 [.  143456  143687 ..  143456  143688 .. 0.86
   3 !  129.1   6.8   5.4e-40   6.8e-39       1     224 [.  144208  144434 ..  144208  144435 .. 0.87
   4 !  114.0   5.5   2.3e-35   2.8e-34       1     225 []  144550  144780 ..  144550  144780 .. 0.93
   5 ?    8.3   0.2    0.0053     0.067       1      32 [.  144908  144939 ..  144908  144963 .. 0.83
   6 !  247.2  10.1   3.6e-76   4.5e-75       1     225 []  146658  146887 ..  146658  146887 .. 0.97

>> NC_002952.2_frame=1  Staphylococcus aureus subsp. aureus MRSA252, complete sequence
   #    score  bias  c-Evalue  i-Evalue hmmfrom  hmm to    alifrom  ali to    envfrom  env to     acc
 ---   ------ ----- --------- --------- ------- -------    ------- -------    ------- -------    ----
   1 !  158.2   3.2   6.5e-49   8.1e-48       1     224 [.  150854  151077 ..  150854  151078 .. 0.94
   2 !  110.3   3.1     3e-34   3.8e-33       1     224 [.  151175  151403 ..  151175  151404 .. 0.86
   3 ?   -0.5   0.6       2.6        32       1      32 [.  151964  151995 ..  151964  152024 .. 0.79
   4 !  116.5   4.8     4e-36     5e-35      25     225 .]  152061  152266 ..  152054  152266 .. 0.83
   5 !  172.5   4.3   2.7e-53   3.4e-52       1     225 []  152391  152623 ..  152391  152623 .. 0.89
   6 !  107.7   5.2   1.9e-33   2.3e-32       1     225 []  153120  153350 ..  153120  153350 .. 0.91

>> NC_002745.2_frame=2  Staphylococcus aureus subsp. aureus N315, complete sequence
   #    score  bias  c-Evalue  i-Evalue hmmfrom  hmm to    alifrom  ali to    envfrom  env to     acc
 ---   ------ ----- --------- --------- ------- -------    ------- -------    ------- -------    ----
   1 ?   11.6   0.8   0.00051    0.0064       1      34 [.  147685  147718 ..  147685  147726 .. 0.91
   2 !  125.0   3.2   9.8e-39   1.2e-37      37     225 .]  147849  148039 ..  147825  148039 .. 0.82
   3 ?   10.8   1.5   0.00094     0.012       1      33 [.  148163  148195 ..  148163  148209 .. 0.86
   4 !  118.0   5.9   1.4e-36   1.7e-35      27     225 .]  148249  148453 ..  148236  148453 .. 0.82
   5 !  164.1   3.2   9.9e-51   1.2e-49       1     225 []  148577  148809 ..  148577  148809 .. 0.89
   6 !  111.8   5.5     1e-34   1.3e-33       1     225 []  149305  149535 ..  149305  149535 .. 0.92
   7 !  114.5   4.6   1.5e-35   1.9e-34       1     225 []  150018  150243 ..  150018  150243 .. 0.91
   8 ?   12.5   4.7   0.00028    0.0035      52     178 ..  685759  685885 ..  685739  685906 .. 0.71

>> NZ_CP132371.1_frame=3  Staphylococcus aureus strain UNC_SA38 chromosome, complete genome
   #    score  bias  c-Evalue  i-Evalue hmmfrom  hmm to    alifrom  ali to    envfrom  env to     acc
 ---   ------ ----- --------- --------- ------- -------    ------- -------    ------- -------    ----
   1 ?   11.7   0.8   0.00048     0.006       1      34 [.  889780  889813 ..  889780  889821 .. 0.91
   2 !  125.1   3.2   9.3e-39   1.2e-37      37     225 .]  889944  890134 ..  889920  890134 .. 0.82
   3 ?   10.9   1.5   0.00089     0.011       1      33 [.  890258  890290 ..  890258  890304 .. 0.86
   4 !  118.1   5.9   1.3e-36   1.6e-35      27     225 .]  890344  890548 ..  890331  890548 .. 0.82
   5 !  164.2   3.2   9.4e-51   1.2e-49       1     225 []  890672  890904 ..  890672  890904 .. 0.89
   6 !  111.9   5.5   9.9e-35   1.2e-33       1     225 []  891400  891630 ..  891400  891630 .. 0.92
   7 !  114.6   4.6   1.5e-35   1.8e-34       1     225 []  892113  892338 ..  892113  892338 .. 0.91

>> NZ_LR134090.1_frame=2  Staphylococcus aureus strain NCTC9555 chromosome 1, complete sequence
   #    score  bias  c-Evalue  i-Evalue hmmfrom  hmm to    alifrom  ali to    envfrom  env to     acc
 ---   ------ ----- --------- --------- ------- -------    ------- -------    ------- -------    ----
   1 ?   10.0   0.4    0.0016      0.02     149     209 ..  136396  136456 ..  136330  136470 .. 0.85
   2 !  112.7   4.3   5.8e-35   7.2e-34       1     224 [.  150091  150317 ..  150091  150318 .. 0.89
   3 ?   10.4   2.2    0.0013     0.016       1      34 [.  150898  150931 ..  150898  150947 .. 0.84
   4 !  116.3   5.9   4.5e-36   5.6e-35      27     225 .]  151006  151209 ..  150992  151209 .. 0.82
   5 !  167.9   4.2   6.8e-52   8.5e-51       1     224 [.  151333  151564 ..  151333  151565 .. 0.88
   6 !  115.5   6.0   7.9e-36   9.8e-35       1     224 [.  152084  152310 ..  152084  152311 .. 0.87
   7 !  120.0   4.8   3.3e-37   4.1e-36       1     225 []  153143  153366 ..  153143  153366 .. 0.92
   8 ?    2.1   0.8      0.44       5.5     105     178 ..  434063  434133 ..  433955  434142 .. 0.75

>> NC_017338.2_frame=2  Staphylococcus aureus subsp. aureus JKD6159, complete sequence
   #    score  bias  c-Evalue  i-Evalue hmmfrom  hmm to    alifrom  ali to    envfrom  env to     acc
 ---   ------ ----- --------- --------- ------- -------    ------- -------    ------- -------    ----
   1 !  157.5   6.7   1.1e-48   1.3e-47       1     224 [.  141984  142207 ..  141984  142208 .. 0.93
   2 !  119.8   4.9   3.9e-37   4.8e-36       1     224 [.  142295  142521 ..  142295  142522 .. 0.87
   3 ?    9.6   2.4    0.0021     0.027       1      33 [.  143024  143056 ..  143024  143072 .. 0.89
   4 !  123.3   4.7   3.2e-38   4.1e-37      39     225 .]  143143  143332 ..  143118  143332 .. 0.84
   5 ?   87.5   6.8     3e-27   3.8e-26      39     225 .]  144945  145134 ..  144937  145134 .. 0.94
   6 !  125.8   4.6   5.5e-39   6.8e-38       1     225 []  145256  145481 ..  145256  145481 .. 0.87

>> NZ_CP113052.1_frame=3  Staphylococcus aureus strain Fizz chromosome, complete genome
   #    score  bias  c-Evalue  i-Evalue hmmfrom  hmm to    alifrom  ali to    envfrom  env to     acc
 ---   ------ ----- --------- --------- ------- -------    ------- -------    ------- -------    ----
   1 !  129.1   6.3   5.5e-40   6.9e-39       1     225 []  462338  462565 ..  462338  462565 .. 0.87
   2 !  132.9   8.2   3.7e-41   4.7e-40       1     225 []  462710  462937 ..  462710  462937 .. 0.88
   3 !  219.9   7.3   8.3e-68     1e-66     110     225 .]  465241  465356 ..  465238  465356 .. 0.99

>> NZ_CP136528.1_frame=2  Staphylococcus aureus strain BAA-1556_Catania chromosome, complete genome
   #    score  bias  c-Evalue  i-Evalue hmmfrom  hmm to    alifrom  ali to    envfrom  env to     acc
 ---   ------ ----- --------- --------- ------- -------    ------- -------    ------- -------    ----
   1 !  129.1   6.3   5.6e-40     7e-39       1     225 []  150844  151071 ..  150844  151071 .. 0.87
   2 !  132.9   8.2   3.7e-41   4.7e-40       1     225 []  151216  151443 ..  151216  151443 .. 0.88
   3 !  219.9   7.3   8.3e-68     1e-66     110     225 .]  153747  153862 ..  153744  153862 .. 0.99

>> NZ_CP029678.1_frame=2  Staphylococcus aureus strain AR_0216 chromosome, complete genome
   #    score  bias  c-Evalue  i-Evalue hmmfrom  hmm to    alifrom  ali to    envfrom  env to     acc
 ---   ------ ----- --------- --------- ------- -------    ------- -------    ------- -------    ----
   1 !  129.0   6.3   5.9e-40   7.4e-39       1     225 []  150261  150488 ..  150261  150488 .. 0.87
   2 !  132.8   8.2     4e-41     5e-40       1     225 []  150633  150860 ..  150633  150860 .. 0.88
   3 !  219.8   7.3   8.8e-68   1.1e-66     110     225 .]  153164  153279 ..  153161  153279 .. 0.99

>> NC_017763.1_frame=1  Staphylococcus aureus subsp. aureus HO 5096 0412, complete sequence
   #    score  bias  c-Evalue  i-Evalue hmmfrom  hmm to    alifrom  ali to    envfrom  env to     acc
 ---   ------ ----- --------- --------- ------- -------    ------- -------    ------- -------    ----
   1 !  149.5   2.4   3.1e-46   3.9e-45       1     224 [.  138556  138779 ..  138556  138780 .. 0.94
   2 !  113.4   2.6   3.4e-35   4.3e-34       1     225 []  140401  140631 ..  140401  140631 .. 0.90
   3 !  126.0   4.2   4.7e-39   5.9e-38       1     225 []  140756  140981 ..  140756  140981 .. 0.86

>> NC_002953.3_frame=2  Staphylococcus aureus subsp. aureus MSSA476, complete sequence
   #    score  bias  c-Evalue  i-Evalue hmmfrom  hmm to    alifrom  ali to    envfrom  env to     acc
 ---   ------ ----- --------- --------- ------- -------    ------- -------    ------- -------    ----
   1 ?   14.4   1.0   7.3e-05   0.00092     147     221 ..  131296  131370 ..  131227  131374 .. 0.77
   2 ?   10.3   0.9    0.0013     0.016       1      34 [.  143281  143314 ..  143281  143322 .. 0.92
   3 !  124.8   3.8   1.1e-38   1.4e-37      37     225 .]  143445  143635 ..  143420  143635 .. 0.84
   4 !  120.6   6.5   2.2e-37   2.8e-36       1     224 [.  144953  145179 ..  144953  145180 .. 0.87
   5 !  117.2   4.4   2.3e-36   2.9e-35       1     225 []  146009  146234 ..  146009  146234 .. 0.91

>> NC_007795.1_frame=3  Staphylococcus aureus subsp. aureus NCTC 8325 chromosome, complete genome
   #    score  bias  c-Evalue  i-Evalue hmmfrom  hmm to    alifrom  ali to    envfrom  env to     acc
 ---   ------ ----- --------- --------- ------- -------    ------- -------    ------- -------    ----
   1 ?   14.0   0.7   9.4e-05    0.0012     148     221 ..  121413  121486 ..  121346  121490 .. 0.83
   2 ?   12.2   0.8   0.00034    0.0042       1      34 [.  130082  130115 ..  130082  130123 .. 0.92
   3 !  125.2   3.6   8.2e-39     1e-37      37     225 .]  130246  130436 ..  130222  130436 .. 0.84
   4 !  110.8   5.7   2.1e-34   2.7e-33       1     225 []  132092  132322 ..  132092  132322 .. 0.92
   5 !  114.5   4.6   1.6e-35   1.9e-34       1     225 []  132806  133031 ..  132806  133031 .. 0.91

>> NC_002953.3_frame=1  Staphylococcus aureus subsp. aureus MSSA476, complete sequence
   #    score  bias  c-Evalue  i-Evalue hmmfrom  hmm to    alifrom  ali to    envfrom  env to     acc
 ---   ------ ----- --------- --------- ------- -------    ------- -------    ------- -------    ----
   1 !  135.6   5.2   5.5e-42   6.9e-41       1     225 []  144580  144808 ..  144580  144808 .. 0.89
   2 !  110.5   5.0   2.6e-34   3.3e-33       1     225 []  145298  145528 ..  145298  145528 .. 0.92
   3 !  114.3   3.5   1.8e-35   2.3e-34       1     225 []  145657  145887 ..  145657  145887 .. 0.91
   4 ?    8.9   0.6    0.0035     0.044      94     179 ..  688549  688629 ..  688533  688660 .. 0.73

>> NC_002952.2_frame=3  Staphylococcus aureus subsp. aureus MRSA252, complete sequence
   #    score  bias  c-Evalue  i-Evalue hmmfrom  hmm to    alifrom  ali to    envfrom  env to     acc
 ---   ------ ----- --------- --------- ------- -------    ------- -------    ------- -------    ----
   1 ?    2.6   0.7      0.29       3.7       1      32 [.  151504  151535 ..  151504  151551 .. 0.81
   2 !  117.6   4.5   1.9e-36   2.3e-35      24     225 .]  151637  151843 ..  151626  151843 .. 0.85
   3 !  123.2   5.0   3.4e-38   4.3e-37       1     224 [.  152774  153000 ..  152774  153001 .. 0.87
   4 !  125.6   4.5   6.5e-39   8.2e-38       1     225 []  153473  153698 ..  153473  153698 .. 0.88

>> NZ_CP136528.1_frame=3  Staphylococcus aureus strain BAA-1556_Catania chromosome, complete genome
   #    score  bias  c-Evalue  i-Evalue hmmfrom  hmm to    alifrom  ali to    envfrom  env to     acc
 ---   ------ ----- --------- --------- ------- -------    ------- -------    ------- -------    ----
   1 ?   14.1   0.7   9.1e-05    0.0011     148     221 ..  140887  140960 ..  140820  140964 .. 0.83
   2 ?   12.3   0.8   0.00032    0.0041       1      34 [.  149556  149589 ..  149556  149597 .. 0.92
   3 !  107.4   3.5   2.4e-33     3e-32      37     225 .]  149720  149906 ..  149696  149906 .. 0.83
   4 !  110.9   5.7   2.1e-34   2.6e-33       1     225 []  151562  151792 ..  151562  151792 .. 0.92
   5 !  114.6   4.6   1.5e-35   1.9e-34       1     225 []  152276  152501 ..  152276  152501 .. 0.91

>> NZ_CP113052.1_frame=1  Staphylococcus aureus strain Fizz chromosome, complete genome
   #    score  bias  c-Evalue  i-Evalue hmmfrom  hmm to    alifrom  ali to    envfrom  env to     acc
 ---   ------ ----- --------- --------- ------- -------    ------- -------    ------- -------    ----
   1 ?   14.1   0.7   9.1e-05    0.0011     148     221 ..  452365  452438 ..  452298  452442 .. 0.83
   2 ?   12.3   0.8   0.00032    0.0041       1      34 [.  461034  461067 ..  461034  461075 .. 0.92
   3 !  107.4   3.5   2.4e-33     3e-32      37     225 .]  461198  461384 ..  461174  461384 .. 0.83
   4 !  110.9   5.7   2.1e-34   2.6e-33       1     225 []  463057  463287 ..  463057  463287 .. 0.92
   5 !  114.6   4.6   1.5e-35   1.9e-34       1     225 []  463771  463996 ..  463771  463996 .. 0.91

>> NZ_CP029678.1_frame=3  Staphylococcus aureus strain AR_0216 chromosome, complete genome
   #    score  bias  c-Evalue  i-Evalue hmmfrom  hmm to    alifrom  ali to    envfrom  env to     acc
 ---   ------ ----- --------- --------- ------- -------    ------- -------    ------- -------    ----
   1 ?   14.0   0.7   9.7e-05    0.0012     148     221 ..  140304  140377 ..  140237  140381 .. 0.83
   2 ?   12.2   0.8   0.00034    0.0043       1      34 [.  148973  149006 ..  148973  149014 .. 0.92
   3 !  107.3   3.5   2.6e-33   3.2e-32      37     225 .]  149137  149323 ..  149113  149323 .. 0.83
   4 !  110.8   5.7   2.2e-34   2.8e-33       1     225 []  150979  151209 ..  150979  151209 .. 0.92
   5 !  114.5   4.6   1.6e-35     2e-34       1     225 []  151693  151918 ..  151693  151918 .. 0.91

>> NZ_LR134090.1_frame=3  Staphylococcus aureus strain NCTC9555 chromosome 1, complete sequence
   #    score  bias  c-Evalue  i-Evalue hmmfrom  hmm to    alifrom  ali to    envfrom  env to     acc
 ---   ------ ----- --------- --------- ------- -------    ------- -------    ------- -------    ----
   1 ?   10.7   0.2   0.00099     0.012     106     180 ..  146926  146997 ..  146909  147023 .. 0.74
   2 ?  157.2   4.0   1.3e-48   1.6e-47       1     223 [.  149768  149990 ..  149768  149992 .. 0.94
   3 ?  109.3   4.3     6e-34   7.6e-33       1     225 []  152788  153018 ..  152788  153018 .. 0.90
   4 ?   17.5   0.9   8.1e-06    0.0001      40     209 ..  595491  595664 ..  595451  595678 .. 0.73

>> NC_002952.2_frame=2  Staphylococcus aureus subsp. aureus MRSA252, complete sequence
   #    score  bias  c-Evalue  i-Evalue hmmfrom  hmm to    alifrom  ali to    envfrom  env to     acc
 ---   ------ ----- --------- --------- ------- -------    ------- -------    ------- -------    ----
   1 ?  260.7   7.4   2.6e-80   3.2e-79       1     225 []  154843  155073 ..  154843  155073 .. 0.96

>> NC_007795.1_frame=2  Staphylococcus aureus subsp. aureus NCTC 8325 chromosome, complete genome
   #    score  bias  c-Evalue  i-Evalue hmmfrom  hmm to    alifrom  ali to    envfrom  env to     acc
 ---   ------ ----- --------- --------- ------- -------    ------- -------    ------- -------    ----
   1 ?  129.0   6.3   5.7e-40   7.2e-39       1     225 []  131374  131601 ..  131374  131601 .. 0.87
   2 ?  132.8   8.2   3.9e-41   4.8e-40       1     225 []  131746  131973 ..  131746  131973 .. 0.88

>> NC_017338.2_frame=1  Staphylococcus aureus subsp. aureus JKD6159, complete sequence
   #    score  bias  c-Evalue  i-Evalue hmmfrom  hmm to    alifrom  ali to    envfrom  env to     acc
 ---   ------ ----- --------- --------- ------- -------    ------- -------    ------- -------    ----
   1 ?   13.8   0.6   0.00011    0.0014     148     219 ..  132375  132446 ..  132314  132452 .. 0.85
   2 ?    5.5   2.0     0.039      0.48       1      40 [.  142623  142662 ..  142623  142697 .. 0.82
   3 ?  122.1   5.9   7.7e-38   9.7e-37      33     225 .]  142709  142902 ..  142677  142902 .. 0.83
   4 ?  129.2   6.9   4.9e-40   6.2e-39       1     225 []  143840  144067 ..  143840  144067 .. 0.87

>> NZ_CP011877.1_frame=-1  Staphylococcus aureus strain 12S01032 chromosome, complete genome
   #    score  bias  c-Evalue  i-Evalue hmmfrom  hmm to    alifrom  ali to    envfrom  env to     acc
 ---   ------ ----- --------- --------- ------- -------    ------- -------    ------- -------    ----
   1 ?   11.7   0.4   0.00048     0.006     149     221 ..  748644  748716 ..  748634  748720 .. 0.81
   2 ?    2.5   0.6      0.32         4       1      32 [.  757772  757803 ..  757772  757834 .. 0.83
   3 ?  120.4   3.9   2.5e-37   3.1e-36      26     225 .]  757907  758111 ..  757899  758111 .. 0.84
   4 ?  129.3   5.0   4.5e-40   5.7e-39       1     223 [.  759053  759278 ..  759053  759280 .. 0.89

>> NC_017763.1_frame=2  Staphylococcus aureus subsp. aureus HO 5096 0412, complete sequence
   #    score  bias  c-Evalue  i-Evalue hmmfrom  hmm to    alifrom  ali to    envfrom  env to     acc
 ---   ------ ----- --------- --------- ------- -------    ------- -------    ------- -------    ----
   1 ?  113.6   3.2   3.1e-35   3.9e-34       1     223 [.  138877  139104 ..  138877  139106 .. 0.86

>> NZ_CP011877.1_frame=-3  Staphylococcus aureus strain 12S01032 chromosome, complete genome
   #    score  bias  c-Evalue  i-Evalue hmmfrom  hmm to    alifrom  ali to    envfrom  env to     acc
 ---   ------ ----- --------- --------- ------- -------    ------- -------    ------- -------    ----
   1 ?  111.1   2.8   1.7e-34   2.2e-33       1     224 [.  757442  757670 ..  757442  757671 .. 0.86

>> NZ_LR134284.1_frame=2  Streptococcus pyogenes strain NCTC8232 chromosome 1, complete sequence
   #    score  bias  c-Evalue  i-Evalue hmmfrom  hmm to    alifrom  ali to    envfrom  env to     acc
 ---   ------ ----- --------- --------- ------- -------    ------- -------    ------- -------    ----
   1 ?   15.5   0.2   3.3e-05   0.00042      70     182 ..  339785  339897 ..  339781  339919 .. 0.74
   2 ?   14.0   0.2   9.6e-05    0.0012     110     183 ..  371291  371359 ..  371247  371389 .. 0.76
   3 ?   -0.0   0.0       1.9        24     148     180 ..  391658  391690 ..  391640  391703 .. 0.84
   4 ?    1.6   0.0      0.59       7.4     148     180 ..  576798  576830 ..  576763  576853 .. 0.72

>> NZ_LR134090.1_frame=-3  Staphylococcus aureus strain NCTC9555 chromosome 1, complete sequence
   #    score  bias  c-Evalue  i-Evalue hmmfrom  hmm to    alifrom  ali to    envfrom  env to     acc
 ---   ------ ----- --------- --------- ------- -------    ------- -------    ------- -------    ----
   1 ?   11.5   4.7   0.00057    0.0071      52     178 ..  800614  800740 ..  800594  800761 .. 0.71
   2 ?   14.7   0.1   5.8e-05   0.00073     152     218 ..  802034  802101 ..  802025  802108 .. 0.83

>> NZ_CP132371.1_frame=-2  Staphylococcus aureus strain UNC_SA38 chromosome, complete genome
   #    score  bias  c-Evalue  i-Evalue hmmfrom  hmm to    alifrom  ali to    envfrom  env to     acc
 ---   ------ ----- --------- --------- ------- -------    ------- -------    ------- -------    ----
   1 ?    1.1   0.2      0.86        11     111     179 ..  482536  482600 ..  482501  482629 .. 0.70
   2 ?    6.0   0.1     0.028      0.34     106     203 ..  483473  483567 ..  483437  483572 .. 0.77
   3 ?   22.6   4.2   2.2e-07   2.7e-06      27     213 ..  728634  728824 ..  728607  728836 .. 0.72

>> NZ_CP070994.1_frame=3  Streptococcus pyogenes strain M11318 chromosome, complete genome
   #    score  bias  c-Evalue  i-Evalue hmmfrom  hmm to    alifrom  ali to    envfrom  env to     acc
 ---   ------ ----- --------- --------- ------- -------    ------- -------    ------- -------    ----
   1 ?   15.8   0.2   2.6e-05   0.00033      70     182 ..  333933  334045 ..  333929  334067 .. 0.74

>> NZ_CP167001.1_frame=3  Streptococcus pyogenes strain Isolate 31 chromosome, complete genome
   #    score  bias  c-Evalue  i-Evalue hmmfrom  hmm to    alifrom  ali to    envfrom  env to     acc
 ---   ------ ----- --------- --------- ------- -------    ------- -------    ------- -------    ----
   1 ?   15.8   0.2   2.7e-05   0.00034      70     182 ..  336386  336498 ..  336382  336520 .. 0.74

>> NZ_LS483357.1_frame=1  Streptococcus pyogenes strain NCTC8326 chromosome 1, complete sequence
   #    score  bias  c-Evalue  i-Evalue hmmfrom  hmm to    alifrom  ali to    envfrom  env to     acc
 ---   ------ ----- --------- --------- ------- -------    ------- -------    ------- -------    ----
   1 ?    7.4   0.3      0.01      0.13     106     179 ..  219494  219563 ..  219469  219587 .. 0.77
   2 ?    8.6   2.0    0.0043     0.054      82     199 ..  430383  430496 ..  430299  430511 .. 0.66
   3 ?    3.6   0.1      0.15       1.8     124     180 ..  567900  567952 ..  567881  567975 .. 0.71

>> NZ_CP035450.1_frame=2  Streptococcus pyogenes strain emm93.4 chromosome, complete genome
   #    score  bias  c-Evalue  i-Evalue hmmfrom  hmm to    alifrom  ali to    envfrom  env to     acc
 ---   ------ ----- --------- --------- ------- -------    ------- -------    ------- -------    ----
   1 ?   13.7   0.3   0.00012    0.0015     128     201 ..   60869   60944 ..   60834   60954 .. 0.74

>> NZ_AP023389.1_frame=2  Streptococcus pyogenes strain KUN-0012590 chromosome, complete genome
   #    score  bias  c-Evalue  i-Evalue hmmfrom  hmm to    alifrom  ali to    envfrom  env to     acc
 ---   ------ ----- --------- --------- ------- -------    ------- -------    ------- -------    ----
   1 ?   13.5   0.3   0.00014    0.0017     128     201 ..   65436   65511 ..   65401   65521 .. 0.74

>> NZ_CP118481.1_frame=3  Streptococcus pyogenes strain 20185322 chromosome, complete genome
   #    score  bias  c-Evalue  i-Evalue hmmfrom  hmm to    alifrom  ali to    envfrom  env to     acc
 ---   ------ ----- --------- --------- ------- -------    ------- -------    ------- -------    ----
   1 ?   13.6   0.3   0.00013    0.0016     128     201 ..   66029   66104 ..   65994   66114 .. 0.74
   2 ?   -1.1   0.1       3.9        49      97     203 ..   93005   93109 ..   92988   93119 .. 0.81

>> NZ_CP167001.1_frame=1  Streptococcus pyogenes strain Isolate 31 chromosome, complete genome
   #    score  bias  c-Evalue  i-Evalue hmmfrom  hmm to    alifrom  ali to    envfrom  env to     acc
 ---   ------ ----- --------- --------- ------- -------    ------- -------    ------- -------    ----
   1 ?   13.7   0.3   0.00012    0.0015     128     201 ..   63768   63843 ..   63733   63853 .. 0.74
   2 ?   -0.7   0.2         3        38     142     214 ..  109908  109976 ..  109902  109987 .. 0.83

>> NZ_CP070994.1_frame=2  Streptococcus pyogenes strain M11318 chromosome, complete genome
   #    score  bias  c-Evalue  i-Evalue hmmfrom  hmm to    alifrom  ali to    envfrom  env to     acc
 ---   ------ ----- --------- --------- ------- -------    ------- -------    ------- -------    ----
   1 ?   13.7   0.3   0.00012    0.0015     128     201 ..   61766   61841 ..   61731   61851 .. 0.74
   2 ?   -1.3   0.1       4.8        60      98     203 ..   97420   97523 ..   97403   97533 .. 0.81
   3 ?   -0.7   0.2         3        37     142     214 ..  107910  107978 ..  107904  107989 .. 0.83



Internal pipeline statistics summary:
-------------------------------------
Query model(s):                              1  (225 nodes)
Target sequences:                          564  (304447416 residues searched)
Passed MSV filter:                       124  (0.219858); expected 11.3 (0.02)
Passed bias filter:                       75  (0.132979); expected 11.3 (0.02)
Passed Vit filter:                        47  (0.0833333); expected 0.6 (0.001)
Passed Fwd filter:                        45  (0.0797872); expected 0.0 (1e-05)
Initial search space (Z):                564  [actual number of targets]
Domain search space  (domZ):              45  [number of targets reported over threshold]
# CPU time: 37.42u 0.20s 00:00:37.62 Elapsed: 00:01:54.27
# Mc/sec: 599.46

@@ New targets included:   27
@@ New alignment includes: 115 subseqs (was 1), including original query
@@ Continuing to next round.

@@
@@ Round:                  2
@@ Included in MSA:        115 subsequences (query + 114 subseqs from 27 targets)
@@ Model size:             225 positions
@@

Scores for complete sequences (score includes all domains):
   --- full sequence ---   --- best 1 domain ---    -#dom-
    E-value  score  bias    E-value  score  bias    exp  N  Sequence               Description
    ------- ------ -----    ------- ------ -----   ---- --  --------               -----------
          0 1597.4 125.8    3.8e-94  309.9  10.5    7.9  8  NC_007795.1_frame=1     Staphylococcus aureus subsp. aureus N
          0 1576.2 120.0    4.1e-91  299.9   7.9    7.9  8  NZ_CP011877.1_frame=-2  Staphylococcus aureus strain 12S01032
          0 1417.4 106.1    2.1e-85  281.2  12.0    7.8  7  NZ_CP113052.1_frame=2   Staphylococcus aureus strain Fizz chr
          0 1402.5 121.9    2.3e-85  281.1  12.0    8.4  8  NZ_CP029678.1_frame=1   Staphylococcus aureus strain AR_0216 
          0 1360.3 110.7      2e-88  291.1  12.5    7.9  7  NZ_CP132371.1_frame=1   Staphylococcus aureus strain UNC_SA38
          0 1346.5 128.6    8.5e-88  289.1  11.6    9.1  9  NC_002953.3_frame=3     Staphylococcus aureus subsp. aureus M
          0 1318.0 120.9    2.2e-88  291.0  12.5    8.3  9  NC_002745.2_frame=3     Staphylococcus aureus subsp. aureus N
          0 1255.0 173.1    2.9e-86  284.0  12.8   10.4 11  NC_002745.2_frame=2     Staphylococcus aureus subsp. aureus N
          0 1220.8 113.5    6.3e-81  266.6  11.4    7.4  7  NC_017338.2_frame=2     Staphylococcus aureus subsp. aureus J


Domain annotation for each sequence:
>> NC_007795.1_frame=1  Staphylococcus aureus subsp. aureus NCTC 8325 chromosome, complete genome
   #    score  bias  c-Evalue  i-Evalue hmmfrom  hmm to    alifrom  ali to    envfrom  env to     acc
 ---   ------ ----- --------- --------- ------- -------    ------- -------    ------- -------    ----
   1 !  254.5  12.5     5e-79   3.1e-77       1     224 [.  129432  129655 ..  129432  129656 .. 0.95
   2 !  265.1  11.9     3e-82   1.9e-80       1     224 [.  129754  129980 ..  129754  129981 .. 0.94
   3 ?   20.9   4.4   1.3e-07   8.3e-06       1      36 [.  130561  130596 ..  130561  130604 .. 0.89
   4 !  233.2  10.9   1.7e-72     1e-70      27     225 .]  130664  130867 ..  130654  130867 .. 0.88
   5 !  275.6   9.8   1.8e-85   1.1e-83       1     225 []  130991  131223 ..  130991  131223 .. 0.94
   6 !  281.2  12.0   3.5e-87   2.2e-85       1     225 []  132452  132682 ..  132452  132682 .. 0.95
   7 !  309.9  10.5     6e-96   3.8e-94       1     225 []  134170  134394 ..  134170  134394 .. 1.00
   8 ?   -4.1   0.3       5.6   3.5e+02     117     186 ..  391162  391234 ..  391161  391242 .. 0.67

>> NZ_CP011877.1_frame=-2  Staphylococcus aureus strain 12S01032 chromosome, complete genome
   #    score  bias  c-Evalue  i-Evalue hmmfrom  hmm to    alifrom  ali to    envfrom  env to     acc
 ---   ------ ----- --------- --------- ------- -------    ------- -------    ------- -------    ----
   1 ?   -4.2   0.3       6.1   3.8e+02     117     186 ..   83491   83563 ..   83490   83567 .. 0.66
   2 !  259.5  13.9   1.5e-80   9.1e-79       1     225 []  757121  757345 ..  757121  757345 .. 0.95
   3 ?   15.5   2.3   5.7e-06   0.00036       1      43 [.  758231  758271 ..  758231  758312 .. 0.74
   4 !  233.8   7.9   1.1e-72   6.7e-71      24     225 .]  758338  758544 ..  758332  758544 .. 0.88
   5 !  273.0  12.2   1.1e-84   7.1e-83       1     225 []  758669  758901 ..  758669  758901 .. 0.94
   6 !  273.8  12.9   6.2e-85   3.9e-83       1     225 []  759398  759628 ..  759398  759628 .. 0.95
   7 !  263.3   9.7   1.1e-81   6.6e-80       1     225 []  759753  759978 ..  759753  759978 .. 0.94
   8 !  299.9   7.9   6.5e-93   4.1e-91       1     225 []  761111  761336 ..  761111  761336 .. 0.99

>> NZ_CP113052.1_frame=2  Staphylococcus aureus strain Fizz chromosome, complete genome
   #    score  bias  c-Evalue  i-Evalue hmmfrom  hmm to    alifrom  ali to    envfrom  env to     acc
 ---   ------ ----- --------- --------- ------- -------    ------- -------    ------- -------    ----
   1 !  254.6  12.5   4.8e-79     3e-77       1     224 [.  460383  460606 ..  460383  460607 .. 0.95
   2 !  265.1  11.9   2.9e-82   1.8e-80       1     224 [.  460705  460931 ..  460705  460932 .. 0.94
   3 ?   21.6   3.4   8.1e-08   5.1e-06       1      35 [.  461508  461542 ..  461508  461551 .. 0.88
   4 !  233.2  10.9   1.6e-72     1e-70      27     225 .]  461628  461831 ..  461618  461831 .. 0.88
   5 !  275.6   9.8   1.8e-85   1.1e-83       1     225 []  461955  462187 ..  461955  462187 .. 0.94
   6 !  281.2  12.0   3.4e-87   2.1e-85       1     225 []  463416  463646 ..  463416  463646 .. 0.95
   7 !  121.0   0.3   3.2e-38     2e-36       1     108 [.  465134  465241 ..  465134  465243 .. 0.98

>> NZ_CP029678.1_frame=1  Staphylococcus aureus strain AR_0216 chromosome, complete genome
   #    score  bias  c-Evalue  i-Evalue hmmfrom  hmm to    alifrom  ali to    envfrom  env to     acc
 ---   ------ ----- --------- --------- ------- -------    ------- -------    ------- -------    ----
   1 !  254.5  12.5   5.1e-79   3.2e-77       1     224 [.  148323  148546 ..  148323  148547 .. 0.95
   2 !  265.0  11.9   3.1e-82   1.9e-80       1     224 [.  148645  148871 ..  148645  148872 .. 0.94
   3 ?   21.5   3.4   8.6e-08   5.4e-06       1      35 [.  149448  149482 ..  149448  149491 .. 0.88
   4 !  233.2  10.9   1.7e-72   1.1e-70      27     225 .]  149551  149754 ..  149541  149754 .. 0.88
   5 !  275.5   9.8   1.9e-85   1.2e-83       1     225 []  149878  150110 ..  149878  150110 .. 0.94
   6 !  281.1  12.0   3.6e-87   2.3e-85       1     225 []  151339  151569 ..  151339  151569 .. 0.95
   7 !  120.9   0.3   3.4e-38   2.2e-36       1     108 [.  153057  153164 ..  153057  153166 .. 0.98
   8 ?  -10.3   7.8         9   5.6e+02      39     137 ..  205527  205626 ..  205509  205641 .. 0.69

>> NZ_CP132371.1_frame=1  Staphylococcus aureus strain UNC_SA38 chromosome, complete genome
   #    score  bias  c-Evalue  i-Evalue hmmfrom  hmm to    alifrom  ali to    envfrom  env to     acc
 ---   ------ ----- --------- --------- ------- -------    ------- -------    ------- -------    ----
   1 ?   -1.4   0.4      0.88        55     137     194 ..  135051  135107 ..  135034  135121 .. 0.76
   2 ?   35.1   2.6   6.1e-12   3.8e-10     146     224 ..  881103  881181 ..  881031  881182 .. 0.85
   3 !  263.8  11.8   7.3e-82   4.6e-80       1     224 [.  889130  889353 ..  889130  889354 .. 0.95
   4 !  263.4  11.1   9.4e-82   5.9e-80       1     224 [.  889452  889678 ..  889452  889679 .. 0.94
   5 !  261.2  14.4   4.6e-81   2.9e-79       1     225 []  891056  891283 ..  891056  891283 .. 0.93
   6 !  280.7  12.4     5e-87   3.1e-85       1     225 []  891759  891989 ..  891759  891989 .. 0.95
   7 !  291.1  12.5   3.3e-90     2e-88       1     225 []  893477  893703 ..  893477  893703 .. 0.99

>> NC_002953.3_frame=3  Staphylococcus aureus subsp. aureus MSSA476, complete sequence
   #    score  bias  c-Evalue  i-Evalue hmmfrom  hmm to    alifrom  ali to    envfrom  env to     acc
 ---   ------ ----- --------- --------- ------- -------    ------- -------    ------- -------    ----
   1 ?   17.9  10.3   1.1e-06   7.1e-05       3     224 ..   20075   20310 ..   20074   20311 .. 0.62
   2 !  265.2   8.0   2.7e-82   1.7e-80       1     224 [.  142630  142853 ..  142630  142854 .. 0.95
   3 !  261.4  11.3   3.9e-81   2.4e-79       1     224 [.  142952  143178 ..  142952  143179 .. 0.94
   4 ?   23.1   2.0   2.9e-08   1.8e-06       1      36 [.  143759  143794 ..  143759  143821 .. 0.86
   5 !  235.5   8.8   3.4e-73   2.1e-71      22     225 .]  143866  144072 ..  143860  144072 .. 0.88
   6 !  275.0   9.3   2.7e-85   1.7e-83       1     225 []  144196  144428 ..  144196  144428 .. 0.94
   7 !  289.1  11.6   1.4e-89   8.5e-88       1     225 []  147395  147624 ..  147395  147624 .. 0.97
   8 ?   -4.2   0.3       6.1   3.8e+02     117     186 ..  422163  422235 ..  422162  422239 .. 0.66
   9 ?   27.7   6.1   1.1e-09     7e-08      40     181 ..  688742  688880 ..  688726  688887 .. 0.80

>> NC_002745.2_frame=3  Staphylococcus aureus subsp. aureus N315, complete sequence
   #    score  bias  c-Evalue  i-Evalue hmmfrom  hmm to    alifrom  ali to    envfrom  env to     acc
 ---   ------ ----- --------- --------- ------- -------    ------- -------    ------- -------    ----
   1 !  263.7  11.8   7.8e-82   4.9e-80       1     224 [.  147034  147257 ..  147034  147258 .. 0.95
   2 !  263.4  11.1   9.9e-82   6.2e-80       1     224 [.  147356  147582 ..  147356  147583 .. 0.94
   3 !  261.1  14.4   4.9e-81   3.1e-79       1     225 []  148960  149187 ..  148960  149187 .. 0.93
   4 !  280.6  12.4   5.3e-87   3.3e-85       1     225 []  149663  149893 ..  149663  149893 .. 0.95
   5 !  291.0  12.5   3.4e-90   2.2e-88       1     225 []  151381  151607 ..  151381  151607 .. 0.99
   6 ?   -3.2   1.4       3.1     2e+02      10     151 ..  154587  154732 ..  154574  154744 .. 0.65
   7 ?    4.6   0.5     0.012      0.78       1      43 [.  317993  318037 ..  317993  318052 .. 0.83
   8 ?   -3.6   0.2         4   2.5e+02     182     224 ..  318093  318132 ..  318089  318133 .. 0.85
   9 ?   -4.2   0.3       6.2   3.9e+02     117     186 ..  412619  412691 ..  412618  412695 .. 0.66

>> NC_002745.2_frame=2  Staphylococcus aureus subsp. aureus N315, complete sequence
   #    score  bias  c-Evalue  i-Evalue hmmfrom  hmm to    alifrom  ali to    envfrom  env to     acc
 ---   ------ ----- --------- --------- ------- -------    ------- -------    ------- -------    ----
   1 ?   21.2   2.9     1e-07   6.6e-06       1      44 [.  147685  147729 ..  147685  147759 .. 0.84
   2 !  234.5   9.5   6.7e-73   4.2e-71      27     225 .]  147838  148039 ..  147827  148039 .. 0.88
   3 ?   20.9   2.9   1.3e-07   8.4e-06       1      35 [.  148163  148197 ..  148163  148206 .. 0.88
   4 !  231.4   9.8     6e-72   3.8e-70      21     225 .]  148243  148453 ..  148238  148453 .. 0.86
   5 !  275.4   9.1   2.1e-85   1.3e-83       1     225 []  148577  148809 ..  148577  148809 .. 0.94
   6 !  284.0  12.8   4.7e-88   2.9e-86       1     225 []  149305  149535 ..  149305  149535 .. 0.95
   7 !  257.7  13.1   5.1e-80   3.2e-78       1     225 []  150018  150243 ..  150018  150243 .. 0.93
   8 ?   -1.5   0.4      0.93        58     137     194 ..  320903  320959 ..  320886  320973 .. 0.76
   9 ?  -19.7  17.6         9   5.6e+02      60     203 ..  448037  448177 ..  448004  448181 .. 0.70
  10 ?  -12.7  11.4         9   5.6e+02      15     120 ..  624725  624831 ..  624720  624855 .. 0.64
  11 ?   20.3   6.2     2e-07   1.3e-05      42     184 ..  685751  685890 ..  685721  685896 .. 0.70

>> NC_017338.2_frame=2  Staphylococcus aureus subsp. aureus JKD6159, complete sequence
   #    score  bias  c-Evalue  i-Evalue hmmfrom  hmm to    alifrom  ali to    envfrom  env to     acc
 ---   ------ ----- --------- --------- ------- -------    ------- -------    ------- -------    ----
   1 !  262.5  13.5   1.8e-81   1.2e-79       1     225 []  141984  142208 ..  141984  142208 .. 0.95
   2 !  262.5  10.6   1.9e-81   1.2e-79       1     224 [.  142295  142521 ..  142295  142522 .. 0.93
   3 ?   25.1   1.5   6.9e-09   4.3e-07       1      36 [.  143024  143059 ..  143024  143097 .. 0.88
   4 !  227.6  10.1   8.5e-71   5.3e-69      24     225 .]  143127  143332 ..  143118  143332 .. 0.87
   5 !  220.0  12.6   1.8e-68   1.1e-66      39     225 .]  144945  145134 ..  144929  145134 .. 0.95
   6 !  266.6  11.4     1e-82   6.3e-81       1     225 []  145256  145481 ..  145256  145481 .. 0.95
   7 ?   -9.1   6.5         9   5.6e+02      40     134 ..  148323  148411 ..  148318  148428 .. 0.68



Internal pipeline statistics summary:
-------------------------------------
Query model(s):                              1  (225 nodes)
Target sequences:                          564  (304447416 residues searched)
Passed MSV filter:                       141  (0.25); expected 11.3 (0.02)
Passed bias filter:                       59  (0.10461); expected 11.3 (0.02)
Passed Vit filter:                        58  (0.102837); expected 0.6 (0.001)
Passed Fwd filter:                         9  (0.0159574); expected 0.0 (1e-05)
Initial search space (Z):                564  [actual number of targets]
Domain search space  (domZ):               9  [number of targets reported over threshold]
# CPU time: 27.71u 0.11s 00:00:27.82 Elapsed: 00:01:23.56
# Mc/sec: 819.78

@@ New targets included:   0
@@ New alignment includes: 50 subseqs (was 115), including original query
@@
@@ CONVERGED (in 2 rounds). 
@@

# Alignment of 50 hits satisfying inclusion thresholds saved to: data/jackhmmer_results/SSL11.jackhmmer.sto
//
[ok]
