# jackhmmer :: iteratively search a protein sequence against a protein database
# HMMER 3.1b2 (February 2015); http://hmmer.org/
# Copyright (C) 2015 Howard Hughes Medical Institute.
# Freely distributed under the GNU General Public License (GPLv3).
# - - - - - - - - - - - - - - - - - - - - - - - - - - - - - - - - - - - -
# query sequence file:             data/ssl/SSL7.fasta
# target sequence database:        data/ssl/genomes_6frame_proteins.fasta
# maximum iterations set to:       10
# output directed to file:         data/jackhmmer_results/SSL7.jackhmmer.out
# MSA of hits saved to file:       data/jackhmmer_results/SSL7.jackhmmer.sto
# per-seq hits tabular output:     data/jackhmmer_results/SSL7.jackhmmer.tblout
# per-dom hits tabular output:     data/jackhmmer_results/SSL7.jackhmmer.domtblout
# MSA checkpoint files output:     data/jackhmmer_results/SSL7-<i>.sto
# show alignments in output:       no
# sequence inclusion threshold:    score >= 300
# domain inclusion threshold:      score >= 100
# number of worker threads:        4
# - - - - - - - - - - - - - - - - - - - - - - - - - - - - - - - - - - - -

Query:       Q2G2Y0|SSL7  [L=231]

Scores for complete sequences (score includes all domains):
   --- full sequence ---   --- best 1 domain ---    -#dom-
    E-value  score  bias    E-value  score  bias    exp  N  Sequence               Description
    ------- ------ -----    ------- ------ -----   ---- --  --------               -----------
+  2.5e-299  979.9  85.8   4.9e-129  423.5  13.5    7.0  7  NZ_CP132371.1_frame=1   Staphylococcus aureus strain UNC_SA38
+  5.3e-296  969.0  73.6   5.2e-129  423.4  13.5    5.5  5  NC_002745.2_frame=3     Staphylococcus aureus subsp. aureus N
+  2.2e-268  878.8  80.6   2.1e-125  411.6  12.0    7.1  7  NC_017338.2_frame=3     Staphylococcus aureus subsp. aureus J
+  1.9e-262  859.4  96.1   9.8e-129  422.5  11.8    8.3  8  NZ_LR134090.1_frame=2   Staphylococcus aureus strain NCTC9555
+  1.5e-243  797.6  87.6      6e-64  210.8   8.4    7.0  7  NZ_CP011877.1_frame=-2  Staphylococcus aureus strain 12S01032
+  1.5e-228  748.6  94.0      3e-64  211.8   8.8    7.3  7  NC_007795.1_frame=1     Staphylococcus aureus subsp. aureus N
+  1.1e-212  696.8  75.1   2.4e-117  385.3   9.9    6.7  6  NC_017763.1_frame=3     Staphylococcus aureus subsp. aureus H
+  7.4e-203  664.7  81.6    2.9e-64  211.8   8.8    7.5  7  NZ_CP136528.1_frame=1   Staphylococcus aureus strain BAA-1556
+  8.2e-203  664.5  81.6    2.9e-64  211.8   8.8    7.4  7  NZ_CP113052.1_frame=2   Staphylococcus aureus strain Fizz chr
+  9.4e-203  664.3  81.6    3.1e-64  211.7   8.8    7.4  7  NZ_CP029678.1_frame=1   Staphylococcus aureus strain AR_0216 
+  8.8e-199  651.3  63.1   1.6e-132  434.8  12.3    5.9  5  NC_002953.3_frame=2     Staphylococcus aureus subsp. aureus M
+  2.2e-194  637.0  64.9    3.6e-63  208.2   8.6    5.3  5  NC_002952.2_frame=1     Staphylococcus aureus subsp. aureus M
+  6.5e-193  632.2  97.5    5.5e-65  214.2   9.5    8.3  8  NC_002745.2_frame=2     Staphylococcus aureus subsp. aureus N
+  1.2e-192  631.3  83.7    5.2e-65  214.2   9.5    7.4  7  NZ_CP132371.1_frame=3   Staphylococcus aureus strain UNC_SA38
+  1.3e-192  631.2  51.2     1e-143  471.4  14.1    3.7  3  NZ_CP113052.1_frame=3   Staphylococcus aureus strain Fizz chr
+  1.4e-192  631.1  51.2     1e-143  471.4  14.1    3.6  3  NZ_CP136528.1_frame=2   Staphylococcus aureus strain BAA-1556
+  2.6e-191  626.9  55.7   1.1e-143  471.3  14.1    3.9  3  NZ_CP029678.1_frame=2   Staphylococcus aureus strain AR_0216 
+  3.2e-184  603.8  53.7     2e-121  398.6   9.8    4.8  5  NC_002952.2_frame=3     Staphylococcus aureus subsp. aureus M
+  2.3e-182  597.7  79.1    3.2e-49  162.7   9.3    6.3  6  NC_017338.2_frame=2     Staphylococcus aureus subsp. aureus J
+  9.5e-176  576.1  37.2   1.1e-143  471.4  14.1    2.5  2  NC_007795.1_frame=2     Staphylococcus aureus subsp. aureus N
+    6e-167  547.3  85.0      8e-64  210.4   9.2    7.9  8  NZ_LR134090.1_frame=1   Staphylococcus aureus strain NCTC9555
+  6.3e-167  547.3  95.9    1.4e-40  134.5   9.0    8.2  8  NC_002953.3_frame=3     Staphylococcus aureus subsp. aureus M
+  1.8e-155  509.8  51.8    3.3e-64  211.6   9.3    4.6  4  NC_002953.3_frame=1     Staphylococcus aureus subsp. aureus M
+  6.5e-145  475.3  40.7   1.5e-118  389.2  10.1    5.0  5  NZ_CP011877.1_frame=-1  Staphylococcus aureus strain 12S01032
+  3.3e-140  460.0  36.5      4e-61  201.6   6.0    3.5  3  NC_017763.1_frame=1     Staphylococcus aureus subsp. aureus H
+    2e-132  434.6  61.7    8.8e-65  213.5   9.7    5.6  5  NC_007795.1_frame=3     Staphylococcus aureus subsp. aureus N
+  2.6e-130  427.6  55.3      9e-65  213.5   9.7    5.3  5  NZ_CP029678.1_frame=3   Staphylococcus aureus strain AR_0216 
+    4e-129  423.7  59.9    8.4e-65  213.6   9.7    5.6  5  NZ_CP113052.1_frame=1   Staphylococcus aureus strain Fizz chr
+  4.2e-129  423.7  59.9    8.5e-65  213.6   9.7    5.5  5  NZ_CP136528.1_frame=3   Staphylococcus aureus strain BAA-1556
+  1.9e-100  330.1  40.5    4.4e-64  211.2   8.7    4.7  4  NZ_LR134090.1_frame=3   Staphylococcus aureus strain NCTC9555
  ------ inclusion threshold ------
    2.2e-62  205.7  37.1    2.8e-34  113.9  11.0    4.4  4  NC_017338.2_frame=1     Staphylococcus aureus subsp. aureus J
    8.8e-42  138.4   8.1    8.8e-42  138.4   8.1    1.8  1  NC_002952.2_frame=2     Staphylococcus aureus subsp. aureus M
    2.1e-33  111.0   4.5    3.2e-33  110.4   4.5    1.3  1  NC_017763.1_frame=2     Staphylococcus aureus subsp. aureus H
    2.3e-33  110.9   4.8      4e-33  110.1   4.8    1.4  1  NZ_CP011877.1_frame=-3  Staphylococcus aureus strain 12S01032
    4.3e-10   34.8  12.1    3.7e-08   28.5   2.1    3.3  3  NZ_LS483357.1_frame=1   Streptococcus pyogenes strain NCTC832
      2e-08   29.4   2.1    3.6e-08   28.5   2.1    1.3  1  NZ_AP023389.1_frame=-2  Streptococcus pyogenes strain KUN-001
      2e-08   29.3   2.1    3.7e-08   28.5   2.1    1.3  1  NZ_CP051138.1_frame=2   Streptococcus pyogenes strain 4063-05
    2.1e-07   26.0  23.4     0.0021   12.9   1.8    4.3  4  NZ_LR134284.1_frame=2   Streptococcus pyogenes strain NCTC823
    8.2e-06   20.8   2.7     0.0009   14.2   0.6    2.3  2  NZ_CP070994.1_frame=-3  Streptococcus pyogenes strain M11318 
    0.00011   17.2   1.0    0.00019   16.4   1.0    1.3  1  NZ_AP023389.1_frame=2   Streptococcus pyogenes strain KUN-001
    0.00026   15.9   1.3    0.00043   15.2   1.3    1.2  1  NZ_CP035450.1_frame=2   Streptococcus pyogenes strain emm93.4
    0.00052   14.9   0.6    0.00091   14.1   0.6    1.2  1  NZ_CP167001.1_frame=-1  Streptococcus pyogenes strain Isolate


Domain annotation for each sequence:
>> NZ_CP132371.1_frame=1  Staphylococcus aureus strain UNC_SA38 chromosome, complete genome
   #    score  bias  c-Evalue  i-Evalue hmmfrom  hmm to    alifrom  ali to    envfrom  env to     acc
 ---   ------ ----- --------- --------- ------- -------    ------- -------    ------- -------    ----
   1 ?   -1.3   0.1       3.5        48      76     157 ..  434432  434513 ..  434419  434557 .. 0.84
   2 ?   19.0   1.0   2.3e-06   3.1e-05     150     226 ..  881104  881180 ..  881023  881185 .. 0.80
   3 !  128.6   7.1   6.4e-40   8.6e-39       1     229 [.  889130  889355 ..  889130  889355 .. 0.94
   4 !  105.9   5.4   5.6e-33   7.5e-32       1     229 [.  889452  889680 ..  889452  889682 .. 0.91
   5 !  423.5  13.5  3.6e-130  4.9e-129       1     231 []  891056  891286 ..  891056  891286 .. 1.00
   6 !  210.2   8.5   6.6e-65   8.8e-64       1     228 [.  891759  891989 ..  891759  891990 .. 0.96
   7 !  126.1   7.3   3.7e-39   4.9e-38       1     228 [.  893477  893703 ..  893477  893703 .. 0.91

>> NC_002745.2_frame=3  Staphylococcus aureus subsp. aureus N315, complete sequence
   #    score  bias  c-Evalue  i-Evalue hmmfrom  hmm to    alifrom  ali to    envfrom  env to     acc
 ---   ------ ----- --------- --------- ------- -------    ------- -------    ------- -------    ----
   1 !  128.5   7.1   6.8e-40   9.1e-39       1     229 [.  147034  147259 ..  147034  147259 .. 0.94
   2 !  105.8   5.4   5.9e-33     8e-32       1     229 [.  147356  147584 ..  147356  147586 .. 0.91
   3 !  423.4  13.5  3.8e-130  5.2e-129       1     231 []  148960  149190 ..  148960  149190 .. 1.00
   4 !  210.2   8.5   6.9e-65   9.3e-64       1     228 [.  149663  149893 ..  149663  149894 .. 0.96
   5 !  126.0   7.3   3.9e-39   5.2e-38       1     228 [.  151381  151607 ..  151381  151607 .. 0.91

>> NC_017338.2_frame=3  Staphylococcus aureus subsp. aureus JKD6159, complete sequence
   #    score  bias  c-Evalue  i-Evalue hmmfrom  hmm to    alifrom  ali to    envfrom  env to     acc
 ---   ------ ----- --------- --------- ------- -------    ------- -------    ------- -------    ----
   1 ?    9.3   0.6     0.002     0.027     118     186 ..   25774   25842 ..   25767   25853 .. 0.75
   2 !  128.7   7.2   5.9e-40   7.9e-39       1     228 [.  143456  143688 ..  143456  143689 .. 0.92
   3 !  411.6  12.0  1.6e-126  2.1e-125       1     231 []  144208  144438 ..  144208  144438 .. 1.00
   4 !  222.7   9.4   9.8e-69   1.3e-67       1     229 [.  144550  144781 ..  144550  144781 .. 0.94
   5 ?   18.7   0.3   2.8e-06   3.7e-05       1      46 [.  144908  144953 ..  144908  144963 .. 0.91
   6 !  117.8  10.3   1.3e-36   1.7e-35       1     228 [.  146658  146887 ..  146658  146888 .. 0.89
   7 ?   -0.4   0.1       1.9        26      76     157 ..  628264  628345 ..  628248  628390 .. 0.83

>> NZ_LR134090.1_frame=2  Staphylococcus aureus strain NCTC9555 chromosome 1, complete sequence
   #    score  bias  c-Evalue  i-Evalue hmmfrom  hmm to    alifrom  ali to    envfrom  env to     acc
 ---   ------ ----- --------- --------- ------- -------    ------- -------    ------- -------    ----
   1 ?   14.4   0.9   5.6e-05   0.00076     151     225 ..  136395  136469 ..  136314  136475 .. 0.80
   2 !  105.8   5.4   5.8e-33   7.8e-32       1     229 [.  150091  150319 ..  150091  150321 .. 0.91
   3 ?    7.7   0.9    0.0063     0.084       1      31 [.  150898  150928 ..  150898  150938 .. 0.90
   4 ?   89.1   6.7   7.8e-28     1e-26      42     229 ..  151021  151210 ..  150995  151210 .. 0.88
   5 !  127.9   6.8     1e-39   1.4e-38       1     228 [.  151333  151565 ..  151333  151566 .. 0.93
   6 !  422.5  11.8  7.3e-130  9.8e-129       1     231 []  152084  152314 ..  152084  152314 .. 0.99
   7 !  133.3   8.9   2.2e-41     3e-40       1     229 [.  153143  153367 ..  153143  153367 .. 0.90
   8 ?   -0.4   1.6       1.9        25     117     183 ..  434068  434135 ..  434061  434179 .. 0.75

>> NZ_CP011877.1_frame=-2  Staphylococcus aureus strain 12S01032 chromosome, complete genome
   #    score  bias  c-Evalue  i-Evalue hmmfrom  hmm to    alifrom  ali to    envfrom  env to     acc
 ---   ------ ----- --------- --------- ------- -------    ------- -------    ------- -------    ----
   1 !  127.2   9.1   1.7e-39   2.2e-38       1     229 [.  757121  757346 ..  757121  757346 .. 0.93
   2 ?   -1.8   0.4       5.1        69       1      29 [.  758231  758259 ..  758231  758271 .. 0.75
   3 ?   84.6   3.1   1.8e-26   2.5e-25      20     228 ..  758336  758544 ..  758330  758547 .. 0.88
   4 !  133.6   6.3   1.9e-41   2.6e-40       1     228 [.  758669  758901 ..  758669  758902 .. 0.93
   5 !  210.8   8.4   4.5e-65     6e-64       1     228 [.  759398  759628 ..  759398  759629 .. 0.96
   6 !  138.1   7.0     8e-43   1.1e-41       1     229 [.  759753  759979 ..  759753  759979 .. 0.93
   7 !  139.7   7.9   2.6e-43   3.5e-42       1     228 [.  761111  761336 ..  761111  761336 .. 0.90

>> NC_007795.1_frame=1  Staphylococcus aureus subsp. aureus NCTC 8325 chromosome, complete genome
   #    score  bias  c-Evalue  i-Evalue hmmfrom  hmm to    alifrom  ali to    envfrom  env to     acc
 ---   ------ ----- --------- --------- ------- -------    ------- -------    ------- -------    ----
   1 !  120.3   8.3   2.2e-37     3e-36       1     229 [.  129432  129657 ..  129432  129657 .. 0.92
   2 !  104.2   6.2   1.8e-32   2.4e-31       1     227 [.  129754  129980 ..  129754  129984 .. 0.90
   3 ?    6.6   1.8     0.014      0.19       1      31 [.  130561  130591 ..  130561  130600 .. 0.91
   4 ?   83.0   8.6   5.7e-26   7.6e-25      42     229 ..  130679  130868 ..  130659  130868 .. 0.88
   5 !  125.0   6.2   8.1e-39   1.1e-37       1     228 [.  130991  131223 ..  130991  131224 .. 0.91
   6 !  211.8   8.8   2.3e-65     3e-64       1     228 [.  132452  132682 ..  132452  132683 .. 0.97
   7 !  134.9   6.7   7.3e-42   9.9e-41       1     228 [.  134170  134394 ..  134170  134394 .. 0.89

>> NC_017763.1_frame=3  Staphylococcus aureus subsp. aureus HO 5096 0412, complete sequence
   #    score  bias  c-Evalue  i-Evalue hmmfrom  hmm to    alifrom  ali to    envfrom  env to     acc
 ---   ------ ----- --------- --------- ------- -------    ------- -------    ------- -------    ----
   1 ?   18.6   1.7     3e-06   4.1e-05     143     226 ..  129685  129768 ..  129581  129773 .. 0.73
   2 ?    1.4   0.5      0.53       7.2       1      27 [.  139207  139233 ..  139207  139245 .. 0.79
   3 ?   81.5   4.9   1.7e-25   2.2e-24      19     230 ..  139337  139548 ..  139329  139549 .. 0.88
   4 !  123.8   6.1   1.9e-38   2.6e-37       1     228 [.  139671  139903 ..  139671  139904 .. 0.91
   5 !  385.3   9.9  1.8e-118  2.4e-117       1     231 []  140055  140285 ..  140055  140285 .. 1.00
   6 !  118.4  10.6   8.7e-37   1.2e-35       1     228 [.  142143  142369 ..  142143  142370 .. 0.91

>> NZ_CP136528.1_frame=1  Staphylococcus aureus strain BAA-1556_Catania chromosome, complete genome
   #    score  bias  c-Evalue  i-Evalue hmmfrom  hmm to    alifrom  ali to    envfrom  env to     acc
 ---   ------ ----- --------- --------- ------- -------    ------- -------    ------- -------    ----
   1 !  120.3   8.3   2.1e-37   2.9e-36       1     229 [.  148906  149131 ..  148906  149131 .. 0.92
   2 !  104.3   6.2   1.7e-32   2.3e-31       1     227 [.  149228  149454 ..  149228  149458 .. 0.90
   3 ?    7.3   1.2    0.0082      0.11       1      31 [.  150031  150061 ..  150031  150070 .. 0.90
   4 ?   83.1   8.6   5.5e-26   7.4e-25      42     229 ..  150149  150338 ..  150129  150338 .. 0.88
   5 !  125.0   6.2   7.8e-39     1e-37       1     228 [.  150461  150693 ..  150461  150694 .. 0.91
   6 !  211.8   8.8   2.2e-65   2.9e-64       1     228 [.  151922  152152 ..  151922  152153 .. 0.97
   7 ?   44.9   0.0   2.6e-14   3.5e-13       1     115 [.  153640  153747 ..  153640  153750 .. 0.92

>> NZ_CP113052.1_frame=2  Staphylococcus aureus strain Fizz chromosome, complete genome
   #    score  bias  c-Evalue  i-Evalue hmmfrom  hmm to    alifrom  ali to    envfrom  env to     acc
 ---   ------ ----- --------- --------- ------- -------    ------- -------    ------- -------    ----
   1 !  120.3   8.3   2.1e-37   2.9e-36       1     229 [.  460383  460608 ..  460383  460608 .. 0.92
   2 !  104.3   6.2   1.7e-32   2.3e-31       1     227 [.  460705  460931 ..  460705  460935 .. 0.90
   3 ?    7.3   1.2    0.0082      0.11       1      31 [.  461508  461538 ..  461508  461547 .. 0.90
   4 ?   83.1   8.6   5.5e-26   7.4e-25      42     229 ..  461643  461832 ..  461623  461832 .. 0.88
   5 !  125.0   6.2   7.8e-39     1e-37       1     228 [.  461955  462187 ..  461955  462188 .. 0.91
   6 !  211.8   8.8   2.2e-65   2.9e-64       1     228 [.  463416  463646 ..  463416  463647 .. 0.97
   7 ?   44.9   0.0   2.6e-14   3.5e-13       1     115 [.  465134  465241 ..  465134  465244 .. 0.92

>> NZ_CP029678.1_frame=1  Staphylococcus aureus strain AR_0216 chromosome, complete genome
   #    score  bias  c-Evalue  i-Evalue hmmfrom  hmm to    alifrom  ali to    envfrom  env to     acc
 ---   ------ ----- --------- --------- ------- -------    ------- -------    ------- -------    ----
   1 !  120.3   8.3   2.3e-37     3e-36       1     229 [.  148323  148548 ..  148323  148548 .. 0.92
   2 !  104.2   6.2   1.8e-32   2.5e-31       1     227 [.  148645  148871 ..  148645  148875 .. 0.90
   3 ?    7.3   1.2    0.0087      0.12       1      31 [.  149448  149478 ..  149448  149487 .. 0.90
   4 ?   83.0   8.6   5.8e-26   7.8e-25      42     229 ..  149566  149755 ..  149546  149755 .. 0.88
   5 !  125.0   6.2   8.3e-39   1.1e-37       1     228 [.  149878  150110 ..  149878  150111 .. 0.91
   6 !  211.7   8.8   2.3e-65   3.1e-64       1     228 [.  151339  151569 ..  151339  151570 .. 0.97
   7 ?   44.8   0.0   2.8e-14   3.7e-13       1     115 [.  153057  153164 ..  153057  153167 .. 0.92

>> NC_002953.3_frame=2  Staphylococcus aureus subsp. aureus MSSA476, complete sequence
   #    score  bias  c-Evalue  i-Evalue hmmfrom  hmm to    alifrom  ali to    envfrom  env to     acc
 ---   ------ ----- --------- --------- ------- -------    ------- -------    ------- -------    ----
   1 ?   18.7   0.7   2.8e-06   3.8e-05     152     226 ..  131298  131372 ..  131226  131377 .. 0.87
   2 ?    7.3   0.6    0.0082      0.11       1      34 [.  143281  143314 ..  143281  143328 .. 0.88
   3 ?   81.9   5.6   1.3e-25   1.7e-24      36     229 ..  143441  143636 ..  143425  143636 .. 0.85
   4 !  434.8  12.3  1.2e-133  1.6e-132       1     231 []  144953  145183 ..  144953  145183 .. 0.99
   5 !  135.4   9.0   5.2e-42     7e-41       1     229 [.  146009  146235 ..  146009  146235 .. 0.91

>> NC_002952.2_frame=1  Staphylococcus aureus subsp. aureus MRSA252, complete sequence
   #    score  bias  c-Evalue  i-Evalue hmmfrom  hmm to    alifrom  ali to    envfrom  env to     acc
 ---   ------ ----- --------- --------- ------- -------    ------- -------    ------- -------    ----
   1 !  127.2   6.9   1.7e-39   2.3e-38       1     229 [.  150854  151079 ..  150854  151079 .. 0.93
   2 !  113.2   5.1   3.2e-35   4.3e-34       1     230 [.  151175  151406 ..  151175  151407 .. 0.91
   3 ?   80.4   6.1   3.5e-25   4.7e-24      19     230 ..  152057  152268 ..  152053  152269 .. 0.88
   4 !  133.0   6.3     3e-41     4e-40       1     228 [.  152391  152623 ..  152391  152624 .. 0.93
   5 !  208.2   8.6   2.7e-64   3.6e-63       1     228 [.  153120  153350 ..  153120  153351 .. 0.96

>> NC_002745.2_frame=2  Staphylococcus aureus subsp. aureus N315, complete sequence
   #    score  bias  c-Evalue  i-Evalue hmmfrom  hmm to    alifrom  ali to    envfrom  env to     acc
 ---   ------ ----- --------- --------- ------- -------    ------- -------    ------- -------    ----
   1 ?    8.6   0.5    0.0033     0.044       1      34 [.  147685  147718 ..  147685  147732 .. 0.87
   2 ?   85.4   5.2   1.1e-26   1.5e-25      36     229 ..  147845  148040 ..  147829  148040 .. 0.85
   3 ?    5.6   1.0     0.028      0.38       1      30 [.  148163  148192 ..  148163  148202 .. 0.88
   4 ?   89.7   7.1   4.9e-28   6.6e-27      42     229 ..  148264  148454 ..  148239  148454 .. 0.87
   5 !  125.7   5.8   4.8e-39   6.5e-38       1     228 [.  148577  148809 ..  148577  148810 .. 0.91
   6 !  214.2   9.5   4.1e-66   5.5e-65       1     229 [.  149305  149536 ..  149305  149536 .. 0.94
   7 !  136.8   9.1   1.9e-42   2.6e-41       1     229 [.  150018  150244 ..  150018  150244 .. 0.91
   8 ?    7.0   6.0      0.01      0.14      49     181 ..  685755  685885 ..  685748  685898 .. 0.79

>> NZ_CP132371.1_frame=3  Staphylococcus aureus strain UNC_SA38 chromosome, complete genome
   #    score  bias  c-Evalue  i-Evalue hmmfrom  hmm to    alifrom  ali to    envfrom  env to     acc
 ---   ------ ----- --------- --------- ------- -------    ------- -------    ------- -------    ----
   1 ?    8.6   0.6    0.0033     0.045       1      34 [.  889780  889813 ..  889780  889826 .. 0.87
   2 ?   85.4   5.2     1e-26   1.4e-25      36     229 ..  889940  890135 ..  889924  890135 .. 0.85
   3 ?    5.7   1.0     0.026      0.36       1      30 [.  890258  890287 ..  890258  890297 .. 0.88
   4 ?   89.8   7.1   4.7e-28   6.3e-27      42     229 ..  890359  890549 ..  890334  890549 .. 0.87
   5 !  125.8   5.8   4.6e-39   6.2e-38       1     228 [.  890672  890904 ..  890672  890905 .. 0.91
   6 !  214.2   9.5   3.9e-66   5.2e-65       1     229 [.  891400  891631 ..  891400  891631 .. 0.94
   7 !  136.9   9.1   1.8e-42   2.4e-41       1     229 [.  892113  892339 ..  892113  892339 .. 0.91

>> NZ_CP113052.1_frame=3  Staphylococcus aureus strain Fizz chromosome, complete genome
   #    score  bias  c-Evalue  i-Evalue hmmfrom  hmm to    alifrom  ali to    envfrom  env to     acc
 ---   ------ ----- --------- --------- ------- -------    ------- -------    ------- -------    ----
   1 !  114.6  10.6   1.2e-35   1.6e-34       1     228 [.  462338  462565 ..  462338  462567 .. 0.91
   2 !  471.4  14.1  7.6e-145    1e-143       1     231 []  462710  462940 ..  462710  462940 .. 1.00
   3 ?   62.5   4.8   1.1e-19   1.4e-18     116     228 ..  465240  465356 ..  465234  465356 .. 0.83

>> NZ_CP136528.1_frame=2  Staphylococcus aureus strain BAA-1556_Catania chromosome, complete genome
   #    score  bias  c-Evalue  i-Evalue hmmfrom  hmm to    alifrom  ali to    envfrom  env to     acc
 ---   ------ ----- --------- --------- ------- -------    ------- -------    ------- -------    ----
   1 !  114.6  10.6   1.2e-35   1.6e-34       1     228 [.  150844  151071 ..  150844  151073 .. 0.91
   2 !  471.4  14.1  7.6e-145    1e-143       1     231 []  151216  151446 ..  151216  151446 .. 1.00
   3 ?   62.5   4.8   1.1e-19   1.4e-18     116     228 ..  153746  153862 ..  153740  153862 .. 0.83

>> NZ_CP029678.1_frame=2  Staphylococcus aureus strain AR_0216 chromosome, complete genome
   #    score  bias  c-Evalue  i-Evalue hmmfrom  hmm to    alifrom  ali to    envfrom  env to     acc
 ---   ------ ----- --------- --------- ------- -------    ------- -------    ------- -------    ----
   1 !  114.5  10.6   1.3e-35   1.7e-34       1     228 [.  150261  150488 ..  150261  150490 .. 0.91
   2 !  471.3  14.1  8.1e-145  1.1e-143       1     231 []  150633  150863 ..  150633  150863 .. 1.00
   3 ?   62.4   4.8   1.1e-19   1.5e-18     116     228 ..  153163  153279 ..  153157  153279 .. 0.83

>> NC_002952.2_frame=3  Staphylococcus aureus subsp. aureus MRSA252, complete sequence
   #    score  bias  c-Evalue  i-Evalue hmmfrom  hmm to    alifrom  ali to    envfrom  env to     acc
 ---   ------ ----- --------- --------- ------- -------    ------- -------    ------- -------    ----
   1 ?   -2.1   0.8       6.4        86      68     130 ..  111862  111925 ..  111825  111947 .. 0.71
   2 ?    0.5   0.4         1        14       1      27 [.  151504  151530 ..  151504  151541 .. 0.79
   3 ?   83.8   5.8   3.3e-26   4.4e-25      30     230 ..  151645  151845 ..  151629  151846 .. 0.87
   4 !  398.6   9.8  1.5e-122    2e-121       1     231 []  152774  153004 ..  152774  153004 .. 1.00
   5 !  143.3   8.2   2.1e-44   2.8e-43       1     229 [.  153473  153699 ..  153473  153699 .. 0.94

>> NC_017338.2_frame=2  Staphylococcus aureus subsp. aureus JKD6159, complete sequence
   #    score  bias  c-Evalue  i-Evalue hmmfrom  hmm to    alifrom  ali to    envfrom  env to     acc
 ---   ------ ----- --------- --------- ------- -------    ------- -------    ------- -------    ----
   1 !  130.7   8.7   1.4e-40   1.9e-39       1     229 [.  141984  142209 ..  141984  142209 .. 0.93
   2 !  106.2   5.4   4.5e-33     6e-32       1     228 [.  142295  142522 ..  142295  142525 .. 0.91
   3 ?    7.1   1.3    0.0099      0.13       1      31 [.  143024  143054 ..  143024  143062 .. 0.91
   4 ?   81.8   6.3   1.3e-25   1.8e-24      42     229 ..  143143  143333 ..  143120  143333 .. 0.86
   5 !  162.7   9.3   2.4e-50   3.2e-49      46     228 ..  144949  145134 ..  144945  145135 .. 0.96
   6 !  139.7   8.9   2.5e-43   3.3e-42       1     229 [.  145256  145482 ..  145256  145482 .. 0.92

>> NC_007795.1_frame=2  Staphylococcus aureus subsp. aureus NCTC 8325 chromosome, complete genome
   #    score  bias  c-Evalue  i-Evalue hmmfrom  hmm to    alifrom  ali to    envfrom  env to     acc
 ---   ------ ----- --------- --------- ------- -------    ------- -------    ------- -------    ----
   1 !  114.6  10.6   1.2e-35   1.7e-34       1     228 [.  131374  131601 ..  131374  131603 .. 0.91
   2 !  471.4  14.1  7.9e-145  1.1e-143       1     231 []  131746  131976 ..  131746  131976 .. 1.00

>> NZ_LR134090.1_frame=1  Staphylococcus aureus strain NCTC9555 chromosome 1, complete sequence
   #    score  bias  c-Evalue  i-Evalue hmmfrom  hmm to    alifrom  ali to    envfrom  env to     acc
 ---   ------ ----- --------- --------- ------- -------    ------- -------    ------- -------    ----
   1 ?    9.4   0.7    0.0019     0.026       1      35 [.  150420  150454 ..  150420  150466 .. 0.88
   2 ?   83.9   4.7     3e-26     4e-25      40     229 ..  150586  150775 ..  150565  150775 .. 0.85
   3 !  115.0  10.2   9.4e-36   1.3e-34       1     228 [.  151712  151939 ..  151712  151941 .. 0.91
   4 !  210.4   9.2     6e-65     8e-64       1     229 [.  152430  152661 ..  152430  152661 .. 0.94
   5 !  128.9  10.9   5.2e-40   6.9e-39       1     228 [.  154501  154727 ..  154501  154727 .. 0.91
   6 ?   -1.7   0.0       4.8        64      71     111 ..  411286  411326 ..  411279  411334 .. 0.90
   7 ?   17.9   0.9   4.8e-06   6.5e-05     148     228 ..  595050  595129 ..  594995  595132 .. 0.77
   8 ?   17.4   1.2   6.8e-06   9.2e-05      38     228 ..  595209  595403 ..  595173  595406 .. 0.72

>> NC_002953.3_frame=3  Staphylococcus aureus subsp. aureus MSSA476, complete sequence
   #    score  bias  c-Evalue  i-Evalue hmmfrom  hmm to    alifrom  ali to    envfrom  env to     acc
 ---   ------ ----- --------- --------- ------- -------    ------- -------    ------- -------    ----
   1 ?    1.6   2.6      0.47       6.3      97     204 ..   20172   20279 ..   20099   20311 .. 0.76
   2 !  121.6   6.6     9e-38   1.2e-36       1     229 [.  142630  142855 ..  142630  142855 .. 0.92
   3 !  103.7   5.3   2.7e-32   3.6e-31       1     229 [.  142952  143180 ..  142952  143182 .. 0.91
   4 ?    7.9   0.6    0.0055     0.074       1      31 [.  143759  143789 ..  143759  143802 .. 0.90
   5 ?   87.6   5.2   2.2e-27   2.9e-26      21     229 ..  143865  144073 ..  143848  144073 .. 0.86
   6 !  126.3   5.7   3.1e-39   4.2e-38       1     228 [.  144196  144428 ..  144196  144429 .. 0.91
   7 !  134.5   9.0     1e-41   1.4e-40       1     228 [.  147395  147624 ..  147395  147624 .. 0.90
   8 ?    6.2   6.9     0.018      0.24      43     186 ..  688742  688883 ..  688732  688891 .. 0.72

>> NC_002953.3_frame=1  Staphylococcus aureus subsp. aureus MSSA476, complete sequence
   #    score  bias  c-Evalue  i-Evalue hmmfrom  hmm to    alifrom  ali to    envfrom  env to     acc
 ---   ------ ----- --------- --------- ------- -------    ------- -------    ------- -------    ----
   1 !  109.6   8.0   4.2e-34   5.7e-33       1     228 [.  144580  144808 ..  144580  144810 .. 0.89
   2 !  211.6   9.3   2.5e-65   3.3e-64       1     229 [.  145298  145529 ..  145298  145529 .. 0.95
   3 !  204.0   7.1   5.3e-63   7.1e-62       1     228 [.  145657  145887 ..  145657  145888 .. 0.96
   4 ?    5.2   0.6     0.037      0.49     119     185 ..  688566  688633 ..  688547  688645 .. 0.77

>> NZ_CP011877.1_frame=-1  Staphylococcus aureus strain 12S01032 chromosome, complete genome
   #    score  bias  c-Evalue  i-Evalue hmmfrom  hmm to    alifrom  ali to    envfrom  env to     acc
 ---   ------ ----- --------- --------- ------- -------    ------- -------    ------- -------    ----
   1 ?    0.1   0.1       1.4        18      76     157 ..  287223  287304 ..  287206  287349 .. 0.83
   2 ?   16.4   0.3   1.3e-05   0.00018     153     226 ..  748645  748718 ..  748632  748723 .. 0.88
   3 ?   -1.3   0.3       3.5        48       1      27 [.  757772  757798 ..  757772  757807 .. 0.78
   4 ?   85.9   6.1   7.5e-27     1e-25      19     230 ..  757902  758113 ..  757897  758114 .. 0.89
   5 !  389.2  10.1  1.1e-119  1.5e-118       1     231 []  759053  759283 ..  759053  759283 .. 0.99

>> NC_017763.1_frame=1  Staphylococcus aureus subsp. aureus HO 5096 0412, complete sequence
   #    score  bias  c-Evalue  i-Evalue hmmfrom  hmm to    alifrom  ali to    envfrom  env to     acc
 ---   ------ ----- --------- --------- ------- -------    ------- -------    ------- -------    ----
   1 !  123.4   5.8   2.4e-38   3.2e-37       1     229 [.  138556  138781 ..  138556  138781 .. 0.92
   2 !  201.6   6.0     3e-62     4e-61       1     228 [.  140401  140631 ..  140401  140632 .. 0.95
   3 !  146.9   8.7   1.5e-45   2.1e-44       1     229 [.  140756  140982 ..  140756  140982 .. 0.91

>> NC_007795.1_frame=3  Staphylococcus aureus subsp. aureus NCTC 8325 chromosome, complete genome
   #    score  bias  c-Evalue  i-Evalue hmmfrom  hmm to    alifrom  ali to    envfrom  env to     acc
 ---   ------ ----- --------- --------- ------- -------    ------- -------    ------- -------    ----
   1 ?   20.5   1.4   7.8e-07     1e-05     130     226 ..  121392  121488 ..  121320  121493 .. 0.76
   2 ?    9.2   0.6    0.0023      0.03       1      34 [.  130082  130115 ..  130082  130129 .. 0.88
   3 ?   82.1   5.6   1.1e-25   1.5e-24      36     229 ..  130242  130437 ..  130226  130437 .. 0.85
   4 !  213.5   9.7   6.5e-66   8.8e-65       1     229 [.  132092  132323 ..  132092  132323 .. 0.94
   5 !  136.8   9.1   1.9e-42   2.6e-41       1     229 [.  132806  133032 ..  132806  133032 .. 0.91

>> NZ_CP029678.1_frame=3  Staphylococcus aureus strain AR_0216 chromosome, complete genome
   #    score  bias  c-Evalue  i-Evalue hmmfrom  hmm to    alifrom  ali to    envfrom  env to     acc
 ---   ------ ----- --------- --------- ------- -------    ------- -------    ------- -------    ----
   1 ?   20.4   1.4     8e-07   1.1e-05     130     226 ..  140283  140379 ..  140211  140384 .. 0.76
   2 ?    9.1   0.6    0.0023     0.031       1      34 [.  148973  149006 ..  148973  149020 .. 0.88
   3 ?   70.2   5.0   4.8e-22   6.4e-21      36     227 ..  149133  149322 ..  149117  149324 .. 0.82
   4 !  213.5   9.7   6.7e-66     9e-65       1     229 [.  150979  151210 ..  150979  151210 .. 0.94
   5 !  136.8   9.1     2e-42   2.7e-41       1     229 [.  151693  151919 ..  151693  151919 .. 0.91

>> NZ_CP113052.1_frame=1  Staphylococcus aureus strain Fizz chromosome, complete genome
   #    score  bias  c-Evalue  i-Evalue hmmfrom  hmm to    alifrom  ali to    envfrom  env to     acc
 ---   ------ ----- --------- --------- ------- -------    ------- -------    ------- -------    ----
   1 ?   20.5   1.4   7.5e-07     1e-05     130     226 ..  452344  452440 ..  452272  452445 .. 0.76
   2 ?    9.2   0.6    0.0022     0.029       1      34 [.  461034  461067 ..  461034  461081 .. 0.88
   3 ?   70.3   5.0   4.5e-22     6e-21      36     227 ..  461194  461383 ..  461178  461385 .. 0.82
   4 !  213.6   9.7   6.3e-66   8.4e-65       1     229 [.  463057  463288 ..  463057  463288 .. 0.94
   5 !  136.9   9.1   1.9e-42   2.5e-41       1     229 [.  463771  463997 ..  463771  463997 .. 0.91

>> NZ_CP136528.1_frame=3  Staphylococcus aureus strain BAA-1556_Catania chromosome, complete genome
   #    score  bias  c-Evalue  i-Evalue hmmfrom  hmm to    alifrom  ali to    envfrom  env to     acc
 ---   ------ ----- --------- --------- ------- -------    ------- -------    ------- -------    ----
   1 ?   20.5   1.4   7.5e-07     1e-05     130     226 ..  140866  140962 ..  140794  140967 .. 0.76
   2 ?    9.2   0.6    0.0022     0.029       1      34 [.  149556  149589 ..  149556  149603 .. 0.88
   3 ?   70.3   5.0   4.5e-22     6e-21      36     227 ..  149716  149905 ..  149700  149907 .. 0.82
   4 !  213.6   9.7   6.3e-66   8.5e-65       1     229 [.  151562  151793 ..  151562  151793 .. 0.94
   5 !  136.9   9.1   1.9e-42   2.5e-41       1     229 [.  152276  152502 ..  152276  152502 .. 0.91

>> NZ_LR134090.1_frame=3  Staphylococcus aureus strain NCTC9555 chromosome 1, complete sequence
   #    score  bias  c-Evalue  i-Evalue hmmfrom  hmm to    alifrom  ali to    envfrom  env to     acc
 ---   ------ ----- --------- --------- ------- -------    ------- -------    ------- -------    ----
   1 ?   -1.1   0.5       3.2        42     113     182 ..  146926  146996 ..  146914  147009 .. 0.82
   2 !  119.4   6.5   4.2e-37   5.6e-36       1     229 [.  149768  149993 ..  149768  149993 .. 0.92
   3 !  211.2   8.7   3.3e-65   4.4e-64       1     228 [.  152788  153018 ..  152788  153019 .. 0.97
   4 ?   17.3   0.7   7.3e-06   9.8e-05      41     225 ..  595489  595675 ..  595453  595680 .. 0.77

>> NC_017338.2_frame=1  Staphylococcus aureus subsp. aureus JKD6159, complete sequence
   #    score  bias  c-Evalue  i-Evalue hmmfrom  hmm to    alifrom  ali to    envfrom  env to     acc
 ---   ------ ----- --------- --------- ------- -------    ------- -------    ------- -------    ----
   1 ?   18.6   0.9     3e-06     4e-05     152     226 ..  132376  132450 ..  132294  132455 .. 0.83
   2 ?    2.7   0.5      0.21       2.8       1      25 [.  142623  142647 ..  142623  142660 .. 0.84
   3 ?   85.5   3.7     1e-26   1.4e-25      43     229 ..  142715  142903 ..  142683  142903 .. 0.87
   4 ?  113.9  11.0   2.1e-35   2.8e-34       1     228 [.  143840  144067 ..  143840  144069 .. 0.91

>> NC_002952.2_frame=2  Staphylococcus aureus subsp. aureus MRSA252, complete sequence
   #    score  bias  c-Evalue  i-Evalue hmmfrom  hmm to    alifrom  ali to    envfrom  env to     acc
 ---   ------ ----- --------- --------- ------- -------    ------- -------    ------- -------    ----
   1 ?  138.4   8.1   6.5e-43   8.8e-42       1     228 [.  154843  155073 ..  154843  155074 .. 0.90

>> NC_017763.1_frame=2  Staphylococcus aureus subsp. aureus HO 5096 0412, complete sequence
   #    score  bias  c-Evalue  i-Evalue hmmfrom  hmm to    alifrom  ali to    envfrom  env to     acc
 ---   ------ ----- --------- --------- ------- -------    ------- -------    ------- -------    ----
   1 ?  110.4   4.5   2.4e-34   3.2e-33       1     230 [.  138877  139108 ..  138877  139109 .. 0.91

>> NZ_CP011877.1_frame=-3  Staphylococcus aureus strain 12S01032 chromosome, complete genome
   #    score  bias  c-Evalue  i-Evalue hmmfrom  hmm to    alifrom  ali to    envfrom  env to     acc
 ---   ------ ----- --------- --------- ------- -------    ------- -------    ------- -------    ----
   1 ?  110.1   4.8     3e-34     4e-33       1     230 [.  757442  757673 ..  757442  757674 .. 0.91

>> NZ_LS483357.1_frame=1  Streptococcus pyogenes strain NCTC8326 chromosome 1, complete sequence
   #    score  bias  c-Evalue  i-Evalue hmmfrom  hmm to    alifrom  ali to    envfrom  env to     acc
 ---   ------ ----- --------- --------- ------- -------    ------- -------    ------- -------    ----
   1 ?    3.5   0.2      0.12       1.6     118     182 ..  219499  219563 ..  219491  219579 .. 0.86
   2 ?   28.5   2.1   2.8e-09   3.7e-08     100     216 ..  430393  430510 ..  430355  430523 .. 0.79
   3 ?    8.0   0.2    0.0051     0.069     118     203 ..  567888  567975 ..  567815  567984 .. 0.84

>> NZ_AP023389.1_frame=-2  Streptococcus pyogenes strain KUN-0012590 chromosome, complete genome
   #    score  bias  c-Evalue  i-Evalue hmmfrom  hmm to    alifrom  ali to    envfrom  env to     acc
 ---   ------ ----- --------- --------- ------- -------    ------- -------    ------- -------    ----
   1 ?   28.5   2.1   2.7e-09   3.6e-08     100     216 ..  378053  378170 ..  378015  378183 .. 0.79

>> NZ_CP051138.1_frame=2  Streptococcus pyogenes strain 4063-05 chromosome, complete genome
   #    score  bias  c-Evalue  i-Evalue hmmfrom  hmm to    alifrom  ali to    envfrom  env to     acc
 ---   ------ ----- --------- --------- ------- -------    ------- -------    ------- -------    ----
   1 ?   28.5   2.1   2.8e-09   3.7e-08     100     216 ..  430320  430437 ..  430282  430450 .. 0.79

>> NZ_LR134284.1_frame=2  Streptococcus pyogenes strain NCTC8232 chromosome 1, complete sequence
   #    score  bias  c-Evalue  i-Evalue hmmfrom  hmm to    alifrom  ali to    envfrom  env to     acc
 ---   ------ ----- --------- --------- ------- -------    ------- -------    ------- -------    ----
   1 ?   12.9   1.8   0.00016    0.0021      64     188 ..  339779  339901 ..  339746  339945 .. 0.80
   2 ?   12.7   2.3   0.00018    0.0025      64     224 ..  371240  371400 ..  371204  371407 .. 0.79
   3 ?    5.6   0.7     0.028      0.38     146     222 ..  391653  391731 ..  391634  391738 .. 0.81
   4 ?    7.2   0.1    0.0089      0.12     118     203 ..  576766  576853 ..  576692  576863 .. 0.83

>> NZ_CP070994.1_frame=-3  Streptococcus pyogenes strain M11318 chromosome, complete genome
   #    score  bias  c-Evalue  i-Evalue hmmfrom  hmm to    alifrom  ali to    envfrom  env to     acc
 ---   ------ ----- --------- --------- ------- -------    ------- -------    ------- -------    ----
   1 ?   14.2   0.6   6.7e-05    0.0009     119     220 ..  483441  483544 ..  483430  483553 .. 0.79
   2 ?    6.1   0.1      0.02      0.27     118     203 ..  543396  543483 ..  543369  543492 .. 0.78

>> NZ_AP023389.1_frame=2  Streptococcus pyogenes strain KUN-0012590 chromosome, complete genome
   #    score  bias  c-Evalue  i-Evalue hmmfrom  hmm to    alifrom  ali to    envfrom  env to     acc
 ---   ------ ----- --------- --------- ------- -------    ------- -------    ------- -------    ----
   1 ?   16.4   1.0   1.4e-05   0.00019     103     206 ..   65408   65513 ..   65391   65547 .. 0.78

>> NZ_CP035450.1_frame=2  Streptococcus pyogenes strain emm93.4 chromosome, complete genome
   #    score  bias  c-Evalue  i-Evalue hmmfrom  hmm to    alifrom  ali to    envfrom  env to     acc
 ---   ------ ----- --------- --------- ------- -------    ------- -------    ------- -------    ----
   1 ?   15.2   1.3   3.2e-05   0.00043     109     206 ..   60847   60946 ..   60825   60980 .. 0.77

>> NZ_CP167001.1_frame=-1  Streptococcus pyogenes strain Isolate 31 chromosome, complete genome
   #    score  bias  c-Evalue  i-Evalue hmmfrom  hmm to    alifrom  ali to    envfrom  env to     acc
 ---   ------ ----- --------- --------- ------- -------    ------- -------    ------- -------    ----
   1 ?   14.1   0.6   6.8e-05   0.00091     119     220 ..  483450  483553 ..  483439  483562 .. 0.79



Internal pipeline statistics summary:
-------------------------------------
Query model(s):                              1  (231 nodes)
Target sequences:                          564  (304447416 residues searched)
Passed MSV filter:                       119  (0.210993); expected 11.3 (0.02)
Passed bias filter:                       49  (0.0868794); expected 11.3 (0.02)
Passed Vit filter:                        46  (0.0815603); expected 0.6 (0.001)
Passed Fwd filter:                        42  (0.0744681); expected 0.0 (1e-05)
Initial search space (Z):                564  [actual number of targets]
Domain search space  (domZ):              42  [number of targets reported over threshold]
# CPU time: 35.37u 0.37s 00:00:35.73 Elapsed: 00:01:49.98
# Mc/sec: 639.46

@@ New targets included:   30
@@ New alignment includes: 94 subseqs (was 1), including original query
@@ Continuing to next round.

@@
@@ Round:                  2
@@ Included in MSA:        94 subsequences (query + 93 subseqs from 30 targets)
@@ Model size:             231 positions
@@

Scores for complete sequences (score includes all domains):
   --- full sequence ---   --- best 1 domain ---    -#dom-
    E-value  score  bias    E-value  score  bias    exp  N  Sequence               Description
    ------- ------ -----    ------- ------ -----   ---- --  --------               -----------
          0 1607.7 122.2    3.1e-92  303.5  11.8    8.1  7  NC_007795.1_frame=1     Staphylococcus aureus subsp. aureus N
          0 1595.1 125.8    9.8e-90  295.3  12.8    8.7  8  NZ_CP011877.1_frame=-2  Staphylococcus aureus strain 12S01032
          0 1436.5 107.4      3e-92  303.5  11.8    7.9  7  NZ_CP113052.1_frame=2   Staphylococcus aureus strain Fizz chr
          0 1423.3 122.9    3.2e-92  303.5  11.8    8.7  7  NZ_CP029678.1_frame=1   Staphylococcus aureus strain AR_0216 
          0 1414.8 141.0    1.8e-93  307.6  15.2    8.5  8  NZ_CP132371.1_frame=1   Staphylococcus aureus strain UNC_SA38
          0 1405.8 119.1    1.9e-93  307.5  15.2    8.5  9  NC_002745.2_frame=3     Staphylococcus aureus subsp. aureus N
          0 1325.5 147.6    8.5e-90  295.5   8.9    9.6  8  NC_002953.3_frame=3     Staphylococcus aureus subsp. aureus M
          0 1292.3 117.6    1.4e-90  298.1  12.4    6.9  6  NC_002952.2_frame=1     Staphylococcus aureus subsp. aureus M
          0 1233.1 177.5    1.3e-90  298.2  12.9   10.0  9  NC_002745.2_frame=2     Staphylococcus aureus subsp. aureus N
          0 1214.8 137.4    1.2e-85  282.0  11.7    8.4  7  NC_017338.2_frame=2     Staphylococcus aureus subsp. aureus J
          0 1210.5 117.8    6.7e-94  309.0  13.3    8.8  7  NC_017338.2_frame=3     Staphylococcus aureus subsp. aureus J
  ------ inclusion threshold ------
    6.4e-22   73.4  25.9    3.1e-12   41.7   8.5    3.4  3  NZ_LS483357.1_frame=1   Streptococcus pyogenes strain NCTC832


Domain annotation for each sequence:
>> NC_007795.1_frame=1  Staphylococcus aureus subsp. aureus NCTC 8325 chromosome, complete genome
   #    score  bias  c-Evalue  i-Evalue hmmfrom  hmm to    alifrom  ali to    envfrom  env to     acc
 ---   ------ ----- --------- --------- ------- -------    ------- -------    ------- -------    ----
   1 !  270.6  13.4   7.5e-84   3.5e-82       1     229 [.  129432  129657 ..  129432  129657 .. 0.98
   2 !  272.3  12.1   2.2e-84     1e-82       1     228 [.  129754  129981 ..  129754  129983 .. 0.96
   3 ?   22.2   5.1   6.1e-08   2.9e-06       1      35 [.  130561  130595 ..  130561  130604 .. 0.89
   4 !  193.7  12.1   2.3e-60   1.1e-58      33     229 ..  130670  130868 ..  130656  130868 .. 0.90
   5 !  296.6   9.4   8.6e-92     4e-90       1     229 [.  130991  131224 ..  130991  131224 .. 0.93
   6 !  303.5  11.8   6.7e-94   3.1e-92       1     228 [.  132452  132682 ..  132452  132683 .. 0.98
   7 !  285.2  10.4   2.5e-88   1.2e-86       1     228 [.  134170  134394 ..  134170  134394 .. 0.93

>> NZ_CP011877.1_frame=-2  Staphylococcus aureus strain 12S01032 chromosome, complete genome
   #    score  bias  c-Evalue  i-Evalue hmmfrom  hmm to    alifrom  ali to    envfrom  env to     acc
 ---   ------ ----- --------- --------- ------- -------    ------- -------    ------- -------    ----
   1 ?   -4.1   2.8         7   3.3e+02     117     161 ..   69919   69963 ..   69917   69964 .. 0.95
   2 !  273.8  14.8   7.8e-85   3.7e-83       1     229 [.  757121  757346 ..  757121  757346 .. 0.98
   3 ?   16.8   2.0   2.7e-06   0.00013       1      35 [.  758231  758265 ..  758231  758305 .. 0.89
   4 !  192.9   8.3   4.3e-60     2e-58      22     228 ..  758338  758544 ..  758333  758546 .. 0.91
   5 !  294.8  11.8     3e-91   1.4e-89       1     229 [.  758669  758902 ..  758669  758902 .. 0.95
   6 !  295.3  12.8   2.1e-91   9.8e-90       1     228 [.  759398  759628 ..  759398  759629 .. 0.98
   7 !  278.0  10.1     4e-86   1.9e-84       1     229 [.  759753  759979 ..  759753  759979 .. 0.97
   8 !  289.1   7.9   1.6e-89   7.8e-88       1     228 [.  761111  761336 ..  761111  761336 .. 0.94

>> NZ_CP113052.1_frame=2  Staphylococcus aureus strain Fizz chromosome, complete genome
   #    score  bias  c-Evalue  i-Evalue hmmfrom  hmm to    alifrom  ali to    envfrom  env to     acc
 ---   ------ ----- --------- --------- ------- -------    ------- -------    ------- -------    ----
   1 !  270.7  13.4   7.2e-84   3.4e-82       1     229 [.  460383  460608 ..  460383  460608 .. 0.98
   2 !  272.4  12.1   2.1e-84     1e-82       1     228 [.  460705  460932 ..  460705  460934 .. 0.96
   3 ?   23.2   3.9   3.2e-08   1.5e-06       1      35 [.  461508  461542 ..  461508  461551 .. 0.89
   4 !  193.8  12.1   2.2e-60     1e-58      33     229 ..  461634  461832 ..  461620  461832 .. 0.90
   5 !  296.6   9.4   8.3e-92   3.9e-90       1     229 [.  461955  462188 ..  461955  462188 .. 0.93
   6 !  303.5  11.8   6.4e-94     3e-92       1     228 [.  463416  463646 ..  463416  463647 .. 0.98
   7 !  110.2   0.1   8.1e-35   3.8e-33       1     115 [.  465134  465241 ..  465134  465244 .. 0.95

>> NZ_CP029678.1_frame=1  Staphylococcus aureus strain AR_0216 chromosome, complete genome
   #    score  bias  c-Evalue  i-Evalue hmmfrom  hmm to    alifrom  ali to    envfrom  env to     acc
 ---   ------ ----- --------- --------- ------- -------    ------- -------    ------- -------    ----
   1 !  270.6  13.4   7.7e-84   3.6e-82       1     229 [.  148323  148548 ..  148323  148548 .. 0.98
   2 !  272.3  12.1   2.3e-84   1.1e-82       1     228 [.  148645  148872 ..  148645  148874 .. 0.96
   3 ?   23.1   3.9   3.4e-08   1.6e-06       1      35 [.  149448  149482 ..  149448  149491 .. 0.89
   4 !  193.7  12.1   2.4e-60   1.1e-58      33     229 ..  149557  149755 ..  149543  149755 .. 0.90
   5 !  296.5   9.4   8.8e-92   4.2e-90       1     229 [.  149878  150111 ..  149878  150111 .. 0.93
   6 !  303.5  11.8   6.8e-94   3.2e-92       1     228 [.  151339  151569 ..  151339  151570 .. 0.98
   7 !  110.1   0.1   8.6e-35   4.1e-33       1     115 [.  153057  153164 ..  153057  153167 .. 0.95

>> NZ_CP132371.1_frame=1  Staphylococcus aureus strain UNC_SA38 chromosome, complete genome
   #    score  bias  c-Evalue  i-Evalue hmmfrom  hmm to    alifrom  ali to    envfrom  env to     acc
 ---   ------ ----- --------- --------- ------- -------    ------- -------    ------- -------    ----
   1 ?   -0.7   0.6      0.61        29     136     189 ..  135046  135100 ..  135031  135129 .. 0.75
   2 ?   -3.0   0.1       3.1   1.4e+02       1      20 [.  568978  568997 ..  568978  569016 .. 0.79
   3 ?   32.3   5.1   5.2e-11   2.4e-09     148     228 ..  881102  881182 ..  880989  881184 .. 0.72
   4 !  278.0  12.6   4.2e-86     2e-84       1     229 [.  889130  889355 ..  889130  889355 .. 0.98
   5 !  271.0  10.9   5.5e-84   2.6e-82       1     229 [.  889452  889680 ..  889452  889682 .. 0.96
   6 !  307.6  15.2   3.8e-95   1.8e-93       1     230 [.  891056  891285 ..  891056  891286 .. 0.99
   7 !  301.3  12.3   3.1e-93   1.5e-91       1     228 [.  891759  891989 ..  891759  891990 .. 0.98
   8 !  284.4  12.4   4.4e-88   2.1e-86       1     228 [.  893477  893703 ..  893477  893703 .. 0.93

>> NC_002745.2_frame=3  Staphylococcus aureus subsp. aureus N315, complete sequence
   #    score  bias  c-Evalue  i-Evalue hmmfrom  hmm to    alifrom  ali to    envfrom  env to     acc
 ---   ------ ----- --------- --------- ------- -------    ------- -------    ------- -------    ----
   1 !  277.9  12.6   4.4e-86   2.1e-84       1     229 [.  147034  147259 ..  147034  147259 .. 0.98
   2 !  271.0  10.9   5.8e-84   2.7e-82       1     229 [.  147356  147584 ..  147356  147586 .. 0.96
   3 !  307.5  15.2     4e-95   1.9e-93       1     230 [.  148960  149189 ..  148960  149190 .. 0.99
   4 !  301.2  12.3   3.3e-93   1.5e-91       1     228 [.  149663  149893 ..  149663  149894 .. 0.98
   5 !  284.4  12.4   4.6e-88   2.2e-86       1     228 [.  151381  151607 ..  151381  151607 .. 0.93
   6 ?    6.4   0.8    0.0041      0.19       1      45 [.  317993  318036 ..  317993  318048 .. 0.84
   7 ?   -1.3   0.3      0.93        44     185     229 ..  318093  318134 ..  318061  318135 .. 0.81
   8 ?   -4.1   0.6       6.7   3.1e+02       1      44 [.  617833  617877 ..  617833  617901 .. 0.82
   9 ?   -3.1   0.1       3.2   1.5e+02       1      20 [.  759419  759438 ..  759419  759457 .. 0.79

>> NC_002953.3_frame=3  Staphylococcus aureus subsp. aureus MSSA476, complete sequence
   #    score  bias  c-Evalue  i-Evalue hmmfrom  hmm to    alifrom  ali to    envfrom  env to     acc
 ---   ------ ----- --------- --------- ------- -------    ------- -------    ------- -------    ----
   1 ?   17.8  10.8   1.4e-06   6.4e-05       3     228 ..   20075   20311 ..   20074   20313 .. 0.64
   2 !  277.0   8.6   8.2e-86   3.9e-84       1     229 [.  142630  142855 ..  142630  142855 .. 0.98
   3 !  268.4  11.1   3.5e-83   1.6e-81       1     229 [.  142952  143180 ..  142952  143182 .. 0.96
   4 ?   23.7   3.3   2.1e-08     1e-06       1      35 [.  143759  143793 ..  143759  143812 .. 0.88
   5 !  196.0  10.2   4.8e-61   2.2e-59      25     229 ..  143869  144073 ..  143861  144073 .. 0.90
   6 !  295.5   8.9   1.8e-91   8.5e-90       1     229 [.  144196  144429 ..  144196  144429 .. 0.93
   7 !  289.3  11.6   1.5e-89     7e-88       1     228 [.  147395  147624 ..  147395  147624 .. 0.94
   8 ?   19.9   7.2   3.2e-07   1.5e-05      42     183 ..  688741  688879 ..  688730  688887 .. 0.76

>> NC_002952.2_frame=1  Staphylococcus aureus subsp. aureus MRSA252, complete sequence
   #    score  bias  c-Evalue  i-Evalue hmmfrom  hmm to    alifrom  ali to    envfrom  env to     acc
 ---   ------ ----- --------- --------- ------- -------    ------- -------    ------- -------    ----
   1 !  275.5   8.5   2.4e-85   1.2e-83       1     229 [.  150854  151079 ..  150854  151079 .. 0.98
   2 !  267.2  10.9   8.4e-83     4e-81       1     230 [.  151175  151406 ..  151175  151407 .. 0.95
   3 ?   15.6   2.0   6.5e-06    0.0003       1      43 [.  151964  152006 ..  151964  152024 .. 0.81
   4 !  192.7  11.6   4.9e-60   2.3e-58      21     229 ..  152059  152267 ..  152055  152269 .. 0.90
   5 !  294.5  11.6   3.8e-91   1.8e-89       1     229 [.  152391  152624 ..  152391  152624 .. 0.95
   6 !  298.1  12.4   2.9e-92   1.4e-90       1     228 [.  153120  153350 ..  153120  153351 .. 0.98

>> NC_002745.2_frame=2  Staphylococcus aureus subsp. aureus N315, complete sequence
   #    score  bias  c-Evalue  i-Evalue hmmfrom  hmm to    alifrom  ali to    envfrom  env to     acc
 ---   ------ ----- --------- --------- ------- -------    ------- -------    ------- -------    ----
   1 ?   23.6   3.0   2.3e-08   1.1e-06       1      36 [.  147685  147720 ..  147685  147758 .. 0.85
   2 !  195.9  10.8   5.1e-61   2.4e-59      33     229 ..  147842  148040 ..  147828  148040 .. 0.90
   3 ?   22.6   3.3   4.7e-08   2.2e-06       1      35 [.  148163  148197 ..  148163  148206 .. 0.89
   4 !  195.7  10.1   5.6e-61   2.7e-59      28     229 ..  148250  148454 ..  148238  148454 .. 0.88
   5 !  296.0   8.7   1.3e-91   6.1e-90       1     229 [.  148577  148810 ..  148577  148810 .. 0.93
   6 !  298.2  12.9   2.7e-92   1.3e-90       1     229 [.  149305  149536 ..  149305  149536 .. 0.98
   7 !  274.6  13.4   4.6e-85   2.2e-83       1     229 [.  150018  150244 ..  150018  150244 .. 0.97
   8 ?   -0.8   0.6      0.65        30     136     189 ..  320898  320952 ..  320883  320981 .. 0.75
   9 ?   19.7   6.4   3.6e-07   1.7e-05      45     188 ..  685751  685891 ..  685721  685901 .. 0.77

>> NC_017338.2_frame=2  Staphylococcus aureus subsp. aureus JKD6159, complete sequence
   #    score  bias  c-Evalue  i-Evalue hmmfrom  hmm to    alifrom  ali to    envfrom  env to     acc
 ---   ------ ----- --------- --------- ------- -------    ------- -------    ------- -------    ----
   1 !  278.3  14.4   3.4e-86   1.6e-84       1     229 [.  141984  142209 ..  141984  142209 .. 0.98
   2 !  266.8  11.1   1.1e-82   5.1e-81       1     228 [.  142295  142522 ..  142295  142524 .. 0.96
   3 ?   27.1   1.7   1.9e-09   9.1e-08       1      35 [.  143024  143058 ..  143024  143099 .. 0.86
   4 !  191.3  10.1   1.3e-59   6.1e-58      25     229 ..  143128  143333 ..  143119  143333 .. 0.89
   5 !  231.5  12.3   6.9e-72   3.2e-70      43     228 ..  144946  145134 ..  144931  145135 .. 0.96
   6 !  282.0  11.7   2.5e-87   1.2e-85       1     229 [.  145256  145482 ..  145256  145482 .. 0.98
   7 ?   -3.6   4.0       4.6   2.2e+02     117     161 ..  394114  394158 ..  394112  394161 .. 0.95

>> NC_017338.2_frame=3  Staphylococcus aureus subsp. aureus JKD6159, complete sequence
   #    score  bias  c-Evalue  i-Evalue hmmfrom  hmm to    alifrom  ali to    envfrom  env to     acc
 ---   ------ ----- --------- --------- ------- -------    ------- -------    ------- -------    ----
   1 ?   28.9   0.8   5.5e-10   2.6e-08     113     202 ..   25769   25860 ..   25727   25893 .. 0.80
   2 !  294.9  10.1   2.8e-91   1.3e-89       1     228 [.  143456  143688 ..  143456  143689 .. 0.94
   3 !  309.0  13.3   1.4e-95   6.7e-94       1     230 [.  144208  144437 ..  144208  144438 .. 0.99
   4 !  301.9  14.1     2e-93   9.5e-92       1     229 [.  144550  144781 ..  144550  144781 .. 0.98
   5 ?   38.8   2.9   5.1e-13   2.4e-11       1      48 [.  144908  144956 ..  144908  144969 .. 0.87
   6 !  284.2  14.9   5.2e-88   2.4e-86       1     228 [.  146658  146887 ..  146658  146888 .. 0.94
   7 ?   -0.4   1.3      0.49        23       1      45 [.  628600  628645 ..  628600  628684 .. 0.79

>> NZ_LS483357.1_frame=1  Streptococcus pyogenes strain NCTC8326 chromosome 1, complete sequence
   #    score  bias  c-Evalue  i-Evalue hmmfrom  hmm to    alifrom  ali to    envfrom  env to     acc
 ---   ------ ----- --------- --------- ------- -------    ------- -------    ------- -------    ----
   1 ?   18.2   0.8     1e-06   4.7e-05      14     183 ..  219382  219564 ..  219370  219584 .. 0.68
   2 ?   41.7   8.5   6.7e-14   3.1e-12       5     205 ..  430303  430499 ..  430298  430522 .. 0.77
   3 ?   23.5   2.2   2.4e-08   1.1e-06      43     203 ..  567807  567975 ..  567801  567978 .. 0.77



Internal pipeline statistics summary:
-------------------------------------
Query model(s):                              1  (231 nodes)
Target sequences:                          564  (304447416 residues searched)
Passed MSV filter:                       134  (0.237589); expected 11.3 (0.02)
Passed bias filter:                       70  (0.124113); expected 11.3 (0.02)
Passed Vit filter:                        69  (0.12234); expected 0.6 (0.001)
Passed Fwd filter:                        12  (0.0212766); expected 0.0 (1e-05)
Initial search space (Z):                564  [actual number of targets]
Domain search space  (domZ):              12  [number of targets reported over threshold]
# CPU time: 31.80u 0.12s 00:00:31.92 Elapsed: 00:01:32.88
# Mc/sec: 757.19

@@ New targets included:   0
@@ New alignment includes: 59 subseqs (was 94), including original query
@@
@@ CONVERGED (in 2 rounds). 
@@

# Alignment of 59 hits satisfying inclusion thresholds saved to: data/jackhmmer_results/SSL7.jackhmmer.sto
//
[ok]
